 Landing_sfun

 Timestamp is 575f0332 (Mon Jun 13 21:02:10 2016)

 Preferred load address is 0000000180000000

 Start         Length     Name                   Class
 0001:00000000 00010b50H .text$mn                CODE
 0001:00010b50 00000012H .text$mn$00             CODE
 0001:00010b62 00000081H .text$x                 CODE
 0002:00000000 00000500H .idata$5                DATA
 0002:00000500 00000010H .00cfg                  DATA
 0002:00000510 00000008H .CRT$XCA                DATA
 0002:00000518 00000008H .CRT$XCZ                DATA
 0002:00000520 00000008H .CRT$XIA                DATA
 0002:00000528 00000008H .CRT$XIZ                DATA
 0002:00000530 00000008H .CRT$XPA                DATA
 0002:00000538 00000008H .CRT$XPZ                DATA
 0002:00000540 00000008H .CRT$XTA                DATA
 0002:00000548 00000008H .CRT$XTZ                DATA
 0002:00000550 000007a4H .rdata                  DATA
 0002:00000cf4 0000022cH .rdata$zzzdbg           DATA
 0002:00000f20 00000008H .rtc$IAA                DATA
 0002:00000f28 00000008H .rtc$IZZ                DATA
 0002:00000f30 00000008H .rtc$TAA                DATA
 0002:00000f38 00000008H .rtc$TZZ                DATA
 0002:00000f40 00000860H .xdata                  DATA
 0002:000017a0 00000054H .edata                  DATA
 0002:000017f4 000000f0H .idata$2                DATA
 0002:000018e4 00000014H .idata$3                DATA
 0002:000018f8 00000500H .idata$4                DATA
 0002:00001df8 00000ed0H .idata$6                DATA
 0003:00000000 00002740H .data                   DATA
 0003:00002740 00000700H .bss                    DATA
 0004:00000000 000009fcH .pdata                  DATA
 0005:00000000 00000018H .gfids$y                DATA

  Address         Publics by Value              Rva+Base               Lib:Object

 0000:00000000       ___safe_se_handler_count   0000000000000000     <absolute>
 0000:00000000       __guard_iat_count          0000000000000000     <absolute>
 0000:00000000       __guard_fids_count         0000000000000000     <absolute>
 0000:00000000       __guard_iat_table          0000000000000000     <absolute>
 0000:00000000       __dynamic_value_reloc_table 0000000000000000     <absolute>
 0000:00000000       __guard_fids_table         0000000000000000     <absolute>
 0000:00000000       __guard_longjmp_count      0000000000000000     <absolute>
 0000:00000000       ___safe_se_handler_table   0000000000000000     <absolute>
 0000:00000000       __guard_longjmp_table      0000000000000000     <absolute>
 0000:00000100       __guard_flags              0000000000000100     <absolute>
 0000:00000000       __ImageBase                0000000180000000     <linker-defined>
 0001:00000000       Landing_initializer        0000000180001000 f   Landing_sfun.obj
 0001:00000010       Landing_terminator         0000000180001010 f   Landing_sfun.obj
 0001:00000020       load_Landing_optimization_info 0000000180001020 f   Landing_sfun.obj
 0001:000000d0       unload_Landing_optimization_info 00000001800010d0 f   Landing_sfun.obj
 0001:00000100       sf_Landing_method_dispatcher 0000000180001100 f   Landing_sfun.obj
 0001:00000150       sf_Landing_process_check_sum_call 0000000180001150 f   Landing_sfun.obj
 0001:00000700       sf_Landing_autoinheritance_info 0000000180001700 f   Landing_sfun.obj
 0001:000008e0       sf_Landing_get_eml_resolved_functions_info 00000001800018e0 f   Landing_sfun.obj
 0001:00000a60       sf_Landing_third_party_uses_info 0000000180001a60 f   Landing_sfun.obj
 0001:00000c30       sf_Landing_jit_fallback_info 0000000180001c30 f   Landing_sfun.obj
 0001:00000e00       sf_Landing_updateBuildInfo_args_info 0000000180001e00 f   Landing_sfun.obj
 0001:00000fd0       Landing_debug_initialize   0000000180001fd0 f   Landing_sfun.obj
 0001:00001050       Landing_register_exported_symbols 0000000180002050 f   Landing_sfun.obj
 0001:00001060       sf_c2_Landing_get_eml_resolved_functions_info 0000000180002060 f   c2_Landing.obj
 0001:000010f0       sf_c2_Landing_get_check_sum 00000001800020f0 f   c2_Landing.obj
 0001:000011c0       c2_Landing_method_dispatcher 00000001800021c0 f   c2_Landing.obj
 0001:00005da0       sf_c2_Landing_get_post_codegen_info 0000000180006da0 f   c2_Landing.obj
 0001:00005e70       sf_c2_Landing_get_autoinheritance_info 0000000180006e70 f   c2_Landing.obj
 0001:00006cc0       sf_c2_Landing_third_party_uses_info 0000000180007cc0 f   c2_Landing.obj
 0001:00006cf0       sf_c2_Landing_jit_fallback_info 0000000180007cf0 f   c2_Landing.obj
 0001:00006e80       sf_c2_Landing_updateBuildInfo_args_info 0000000180007e80 f   c2_Landing.obj
 0001:00007c40       mexFunction                0000000180008c40 f   Landing_sfun_registry.obj
 0001:00009010       _ssSetInputPortDirectFeedThroughFcn 000000018000a010 f   Landing_sfun_registry.obj
 0001:000091c0       _ssGetInputPortSignalPtrsFcn 000000018000a1c0 f   Landing_sfun_registry.obj
 0001:00009490       _ssGetInputPortSignalFcn   000000018000a490 f   Landing_sfun_registry.obj
 0001:00009760       _ssSetInputPortReusableFcn 000000018000a760 f   Landing_sfun_registry.obj
 0001:00009840       _ssSetOutputPortReusableFcn 000000018000a840 f   Landing_sfun_registry.obj
 0001:00009920       _ssSetSymbolicDimsSupport  000000018000a920 f   Landing_sfun_registry.obj
 0001:00009990       _ssRegisterSymbolicDimsExpr 000000018000a990 f   Landing_sfun_registry.obj
 0001:00009a10       _ssRegisterSymbolicDims    000000018000aa10 f   Landing_sfun_registry.obj
 0001:00009ab0       _ssRegisterSymbolicDimsString 000000018000aab0 f   Landing_sfun_registry.obj
 0001:00009b30       _ssRegisterSymbolicDimsIntValue 000000018000ab30 f   Landing_sfun_registry.obj
 0001:00009ba0       _ssRegisterSymbolicDimsPlus 000000018000aba0 f   Landing_sfun_registry.obj
 0001:00009c20       _ssRegisterSymbolicDimsMinus 000000018000ac20 f   Landing_sfun_registry.obj
 0001:00009ca0       _ssRegisterSymbolicDimsMultiply 000000018000aca0 f   Landing_sfun_registry.obj
 0001:00009d20       _ssRegisterSymbolicDimsDivide 000000018000ad20 f   Landing_sfun_registry.obj
 0001:00009da0       _ssGetNumSymbolicDims      000000018000ada0 f   Landing_sfun_registry.obj
 0001:00009e10       _ssGetSymbolicDim          000000018000ae10 f   Landing_sfun_registry.obj
 0001:00009e90       _ssSetInputPortSymbolicDimsId 000000018000ae90 f   Landing_sfun_registry.obj
 0001:00009f00       _ssGetCompInputPortSymbolicDimsId 000000018000af00 f   Landing_sfun_registry.obj
 0001:00009f70       _ssSetCompInputPortSymbolicDimsId 000000018000af70 f   Landing_sfun_registry.obj
 0001:00009fe0       _ssSetOutputPortSymbolicDimsId 000000018000afe0 f   Landing_sfun_registry.obj
 0001:0000a050       _ssGetCompOutputPortSymbolicDimsId 000000018000b050 f   Landing_sfun_registry.obj
 0001:0000a0c0       _ssSetCompOutputPortSymbolicDimsId 000000018000b0c0 f   Landing_sfun_registry.obj
 0001:0000a130       _ssSetCompDWorkSymbolicDimsId 000000018000b130 f   Landing_sfun_registry.obj
 0001:0000a1a0       ssGetIsZeroCrossControlDisabled 000000018000b1a0 f   Landing_sfun_registry.obj
 0001:0000a210       ssSetIsInputPortUsedForContZcSignal 000000018000b210 f   Landing_sfun_registry.obj
 0001:0000a280       ssSetZcSignalIsZcElementDisc 000000018000b280 f   Landing_sfun_registry.obj
 0001:0000a330       ssSetZcSignalName          000000018000b330 f   Landing_sfun_registry.obj
 0001:0000a3a0       ssSetZcSignalWidth         000000018000b3a0 f   Landing_sfun_registry.obj
 0001:0000a410       ssSetZcSignalZcEventType   000000018000b410 f   Landing_sfun_registry.obj
 0001:0000a480       ssSetZcSignalType          000000018000b480 f   Landing_sfun_registry.obj
 0001:0000a4f0       ssSetZcSignalZcTol         000000018000b4f0 f   Landing_sfun_registry.obj
 0001:0000a560       ssSetZcSignalNeedsEventNotification 000000018000b560 f   Landing_sfun_registry.obj
 0001:0000a5d0       ssCreateAndAddZcSignalInfo 000000018000b5d0 f   Landing_sfun_registry.obj
 0001:0000a640       ssCloneAndAddZcSignalInfo  000000018000b640 f   Landing_sfun_registry.obj
 0001:0000a6b0       ssGetNumZcSignals          000000018000b6b0 f   Landing_sfun_registry.obj
 0001:0000a720       ssGetZcSignalVector        000000018000b720 f   Landing_sfun_registry.obj
 0001:0000a790       ssGetZcSignalName          000000018000b790 f   Landing_sfun_registry.obj
 0001:0000a800       ssGetZcSignalWidth         000000018000b800 f   Landing_sfun_registry.obj
 0001:0000a870       ssGetZcSignalZcEventType   000000018000b870 f   Landing_sfun_registry.obj
 0001:0000a8e0       ssGetZcSignalZcEvents      000000018000b8e0 f   Landing_sfun_registry.obj
 0001:0000a950       ssGetZcSignalType          000000018000b950 f   Landing_sfun_registry.obj
 0001:0000a9c0       ssGetZcSignalZcTol         000000018000b9c0 f   Landing_sfun_registry.obj
 0001:0000aa40       ssGetZcSignalNeedsEventNotification 000000018000ba40 f   Landing_sfun_registry.obj
 0001:0000aab0       ssGetZcSignalIsZcElementDisc 000000018000bab0 f   Landing_sfun_registry.obj
 0001:0000ab50       ssGetIsInputPortElementContinuous 000000018000bb50 f   Landing_sfun_registry.obj
 0001:0000abf0       ssGetDTypeIdFromMxArray    000000018000bbf0 f   Landing_sfun_registry.obj
 0001:0000ad10       ssWriteRTWStr              000000018000bd10 f   Landing_sfun_registry.obj
 0001:0000ad70       ssWriteRTWNameValuePair    000000018000bd70 f   Landing_sfun_registry.obj
 0001:0000b270       ssWriteRTWParamSettings    000000018000c270 f   Landing_sfun_registry.obj
 0001:0000b960       ssWriteRTWParameters       000000018000c960 f   Landing_sfun_registry.obj
 0001:0000bf20       ssWriteRTWWorkVect         000000018000cf20 f   Landing_sfun_registry.obj
 0001:0000c410       ssWriteRTWMxVectParam      000000018000d410 f   Landing_sfun_registry.obj
 0001:0000c490       ssWriteRTWMx2dMatParam     000000018000d490 f   Landing_sfun_registry.obj
 0001:0000c520       _ssSetInputPortMatrixDimensions 000000018000d520 f   Landing_sfun_registry.obj
 0001:0000c620       _ssSetOutputPortMatrixDimensions 000000018000d620 f   Landing_sfun_registry.obj
 0001:0000c720       _ssSetInputPortVectorDimension 000000018000d720 f   Landing_sfun_registry.obj
 0001:0000c7d0       _ssSetOutputPortVectorDimension 000000018000d7d0 f   Landing_sfun_registry.obj
 0001:0000c880       ssIsRunTimeParamTunable    000000018000d880 f   Landing_sfun_registry.obj
 0001:0000c8f0       ssGetSFuncBlockHandle      000000018000d8f0 f   Landing_sfun_registry.obj
 0001:0000c960       _ssGetCurrentInputPortWidth 000000018000d960 f   Landing_sfun_registry.obj
 0001:0000ca80       _ssGetCurrentOutputPortWidth 000000018000da80 f   Landing_sfun_registry.obj
 0001:0000cba0       _ssGetCallSystemNumFcnCallDestinations 000000018000dba0 f   Landing_sfun_registry.obj
 0001:0000cc10       ssGetParameterTuningCompliance 000000018000dc10 f   Landing_sfun_registry.obj
 0001:0000cc80       ssWarning                  000000018000dc80 f   Landing_sfun_registry.obj
 0001:0000cd70       _ssGetAbsTol               000000018000dd70 f   Landing_sfun_registry.obj
 0001:0000cde0       _ssSetStateAbsTol          000000018000dde0 f   Landing_sfun_registry.obj
 0001:0000cec0       sf_process_check_sum_call  000000018000dec0 f   Landing_sfun_registry.obj
 0001:0000cf10       sf_process_autoinheritance_call 000000018000df10 f   Landing_sfun_registry.obj
 0001:0000d140       sf_process_get_third_party_uses_info_call 000000018000e140 f   Landing_sfun_registry.obj
 0001:0000d370       sf_process_get_jit_fallback_info_call 000000018000e370 f   Landing_sfun_registry.obj
 0001:0000d5a0       sf_process_get_updateBuildInfo_args_info_call 000000018000e5a0 f   Landing_sfun_registry.obj
 0001:0000d7d0       sf_process_get_eml_resolved_functions_info_call 000000018000e7d0 f   Landing_sfun_registry.obj
 0001:0000d9d0       sf_mex_unlock_call         000000018000e9d0 f   Landing_sfun_registry.obj
 0001:0000dc70       sf_machine_global_initializer_called 000000018000ec70 f   Landing_sfun_registry.obj
 0001:0000dca0       sf_machine_global_method_dispatcher 000000018000eca0 f   Landing_sfun_registry.obj
 0001:0000dd00       sf_machine_global_terminator 000000018000ed00 f   Landing_sfun_registry.obj
 0001:0000dd50       sf_register_machine_exported_symbols 000000018000ed50 f   Landing_sfun_registry.obj
 0001:0000dd70       callCustomFcn              000000018000ed70 f   Landing_sfun_registry.obj
 0001:0000dd80       sf_machine_global_initializer 000000018000ed80 f   Landing_sfun_registry.obj
 0001:0000de00       mdlGetSimState             000000018000ee00 f   Landing_sfun_registry.obj
 0001:0000de40       mdlSetSimState             000000018000ee40 f   Landing_sfun_registry.obj
 0001:0000e6a0       ProcessMexSfunctionEveryCall 000000018000f6a0 f   Landing_sfun_registry.obj
 0001:0000f3a0       __local_stdio_printf_options 00000001800103a0 f i Landing_sfun_registry.obj
 0001:0000f3b0       _vsnprintf_l               00000001800103b0 f i Landing_sfun_registry.obj
 0001:0000f430       _vsprintf_l                0000000180010430 f i Landing_sfun_registry.obj
 0001:0000f480       sprintf                    0000000180010480 f i Landing_sfun_registry.obj
 0001:0000f4d0       sf_load_rtw_optimization_info 00000001800104d0 f   sf_runtime:sf_runtime.dll
 0001:0000f4d6       sf_debug_initialize_machine 00000001800104d6 f   sf_runtime:sf_runtime.dll
 0001:0000f4dc       sf_debug_set_machine_event_thresholds 00000001800104dc f   sf_runtime:sf_runtime.dll
 0001:0000f4e2       sf_debug_set_machine_data_thresholds 00000001800104e2 f   sf_runtime:sf_runtime.dll
 0001:0000f4e8       sf_init_ChartRunTimeInfo   00000001800104e8 f   sf_runtime:sf_runtime.dll
 0001:0000f4ee       sf_free_ChartRunTimeInfo   00000001800104ee f   sf_runtime:sf_runtime.dll
 0001:0000f4f4       sf_get_chart_instance_ptr  00000001800104f4 f   sf_runtime:sf_runtime.dll
 0001:0000f4fa       sf_rtw_info_uint_prop      00000001800104fa f   sf_runtime:sf_runtime.dll
 0001:0000f500       sf_update_buildInfo        0000000180010500 f   sf_runtime:sf_runtime.dll
 0001:0000f506       sf_is_chart_inlinable      0000000180010506 f   sf_runtime:sf_runtime.dll
 0001:0000f50c       sf_mark_chart_reusable_outputs 000000018001050c f   sf_runtime:sf_runtime.dll
 0001:0000f512       sf_mark_chart_expressionable_inputs 0000000180010512 f   sf_runtime:sf_runtime.dll
 0001:0000f518       sim_mode_is_rtw_gen        0000000180010518 f   sf_runtime:sf_runtime.dll
 0001:0000f51e       sim_mode_is_external       000000018001051e f   sf_runtime:sf_runtime.dll
 0001:0000f524       sim_mode_is_modelref_sim   0000000180010524 f   sf_runtime:sf_runtime.dll
 0001:0000f52a       sf_clear_rtw_identifier    000000018001052a f   sf_runtime:sf_runtime.dll
 0001:0000f530       sf_set_rtw_dwork_info      0000000180010530 f   sf_runtime:sf_runtime.dll
 0001:0000f536       sf_get_time                0000000180010536 f   sf_runtime:sf_runtime.dll
 0001:0000f53c       sf_is_first_init_cond      000000018001053c f   sf_runtime:sf_runtime.dll
 0001:0000f542       sf_set_chart_accesses_machine_info 0000000180010542 f   sf_runtime:sf_runtime.dll
 0001:0000f548       sf_mex_call_debug          0000000180010548 f   sf_runtime:sf_runtime.dll
 0001:0000f54e       sf_mex_error_message       000000018001054e f   sf_runtime:sf_runtime.dll
 0001:0000f554       sf_mex_create              0000000180010554 f   sf_runtime:sf_runtime.dll
 0001:0000f55a       sf_mex_createcellmatrix    000000018001055a f   sf_runtime:sf_runtime.dll
 0001:0000f560       sf_mex_setcell             0000000180010560 f   sf_runtime:sf_runtime.dll
 0001:0000f566       sf_mex_getcell             0000000180010566 f   sf_runtime:sf_runtime.dll
 0001:0000f56c       sf_mex_assign              000000018001056c f   sf_runtime:sf_runtime.dll
 0001:0000f572       sf_mex_dup                 0000000180010572 f   sf_runtime:sf_runtime.dll
 0001:0000f578       sf_mex_destroy             0000000180010578 f   sf_runtime:sf_runtime.dll
 0001:0000f57e       sf_mex_import              000000018001057e f   sf_runtime:sf_runtime.dll
 0001:0000f584       sf_mex_decode_encoded_mx_struct_array 0000000180010584 f   sf_runtime:sf_runtime.dll
 0001:0000f58a       ssGetInputPortSignal_wrapper 000000018001058a f   sf_runtime:sf_runtime.dll
 0001:0000f590       ssGetOutputPortSignal_wrapper 0000000180010590 f   sf_runtime:sf_runtime.dll
 0001:0000f596       sf_debug_initialize_chart  0000000180010596 f   sf_runtime:sf_runtime.dll
 0001:0000f59c       sf_debug_call              000000018001059c f   sf_runtime:sf_runtime.dll
 0001:0000f5a2       eml_debug_line_call        00000001800105a2 f   sf_runtime:sf_runtime.dll
 0001:0000f5a8       cv_eml_eval                00000001800105a8 f   sf_runtime:sf_runtime.dll
 0001:0000f5ae       cv_eval_relational         00000001800105ae f   sf_runtime:sf_runtime.dll
 0001:0000f5b4       cv_eml_init_script         00000001800105b4 f   sf_runtime:sf_runtime.dll
 0001:0000f5ba       cv_eml_init_fcn            00000001800105ba f   sf_runtime:sf_runtime.dll
 0001:0000f5c0       cv_script_eval             00000001800105c0 f   sf_runtime:sf_runtime.dll
 0001:0000f5c6       cv_script_init_script      00000001800105c6 f   sf_runtime:sf_runtime.dll
 0001:0000f5cc       cv_script_init_fcn         00000001800105cc f   sf_runtime:sf_runtime.dll
 0001:0000f5d2       cv_script_init_if          00000001800105d2 f   sf_runtime:sf_runtime.dll
 0001:0000f5d8       cv_script_init_relational  00000001800105d8 f   sf_runtime:sf_runtime.dll
 0001:0000f5de       sf_debug_reset_current_state_configuration 00000001800105de f   sf_runtime:sf_runtime.dll
 0001:0000f5e4       sf_debug_check_for_state_inconsistency 00000001800105e4 f   sf_runtime:sf_runtime.dll
 0001:0000f5ea       sf_debug_set_chart_data_props 00000001800105ea f   sf_runtime:sf_runtime.dll
 0001:0000f5f0       sf_debug_set_chart_data_compiled_props 00000001800105f0 f   sf_runtime:sf_runtime.dll
 0001:0000f5f6       sf_debug_symbol_scope_push 00000001800105f6 f   sf_runtime:sf_runtime.dll
 0001:0000f5fc       sf_debug_symbol_scope_push_eml 00000001800105fc f   sf_runtime:sf_runtime.dll
 0001:0000f602       sf_debug_symbol_scope_pop  0000000180010602 f   sf_runtime:sf_runtime.dll
 0001:0000f608       sf_debug_symbol_scope_add_eml 0000000180010608 f   sf_runtime:sf_runtime.dll
 0001:0000f60e       sf_debug_symbol_scope_add_eml_importable 000000018001060e f   sf_runtime:sf_runtime.dll
 0001:0000f614       sf_debug_set_instance_data_value_ptr 0000000180010614 f   sf_runtime:sf_runtime.dll
 0001:0000f61a       sf_debug_set_chart_disable_implicit_casting 000000018001061a f   sf_runtime:sf_runtime.dll
 0001:0000f620       sf_debug_set_chart_event_thresholds 0000000180010620 f   sf_runtime:sf_runtime.dll
 0001:0000f626       sf_debug_set_chart_state_info 0000000180010626 f   sf_runtime:sf_runtime.dll
 0001:0000f62c       sf_debug_set_chart_decomposition 000000018001062c f   sf_runtime:sf_runtime.dll
 0001:0000f632       sf_debug_set_chart_substate_count 0000000180010632 f   sf_runtime:sf_runtime.dll
 0001:0000f638       sf_debug_data_range_wrapper 0000000180010638 f   sf_runtime:sf_runtime.dll
 0001:0000f63e       sf_debug_cv_init_trans     000000018001063e f   sf_runtime:sf_runtime.dll
 0001:0000f644       sf_debug_cv_init_chart     0000000180010644 f   sf_runtime:sf_runtime.dll
 0001:0000f64a       sf_debug_cv_init_state     000000018001064a f   sf_runtime:sf_runtime.dll
 0001:0000f650       sf_debug_get_script_id     0000000180010650 f   sf_runtime:sf_runtime.dll
 0001:0000f656       sf_debug_set_script_translation 0000000180010656 f   sf_runtime:sf_runtime.dll
 0001:0000f65c       sf_get_ChartInfoStruct_CodeGen 000000018001065c f   sf_runtime:sf_runtime.dll
 0001:0000f662       sf_get_isEnhancedMooreMachine 0000000180010662 f   sf_runtime:sf_runtime.dll
 0001:0000f668       sf_set_compiledInfo        0000000180010668 f   sf_runtime:sf_runtime.dll
 0001:0000f66e       callMdlMethodAndReportError 000000018001066e f   sf_runtime:sf_runtime.dll
 0001:0000f674       call_sf_machine_global_method_dispatcher 0000000180010674 f   sf_runtime:sf_runtime.dll
 0001:0000f67a       sf_mex_error_direct_call   000000018001067a f   sf_runtime:sf_runtime.dll
 0001:0000f680       sf_clear_error_manager_info 0000000180010680 f   sf_runtime:sf_runtime.dll
 0001:0000f686       sf_debug_create_debug_instance_struct 0000000180010686 f   sf_runtime:sf_runtime.dll
 0001:0000f68c       sf_debug_terminate         000000018001068c f   sf_runtime:sf_runtime.dll
 0001:0000f692       sf_debug_api               0000000180010692 f   sf_runtime:sf_runtime.dll
 0001:0000f698       mxIsChar                   0000000180010698 f   libmx:libmx.dll
 0001:0000f69e       mxGetPr                    000000018001069e f   libmx:libmx.dll
 0001:0000f6a4       mxGetScalar                00000001800106a4 f   libmx:libmx.dll
 0001:0000f6aa       mxDestroyArray             00000001800106aa f   libmx:libmx.dll
 0001:0000f6b0       mxCreateDoubleMatrix_730   00000001800106b0 f   libmx:libmx.dll
 0001:0000f6b6       mxGetString_730            00000001800106b6 f   libmx:libmx.dll
 0001:0000f6bc       mxDuplicateArray           00000001800106bc f   libmx:libmx.dll
 0001:0000f6c2       mxSetField_730             00000001800106c2 f   libmx:libmx.dll
 0001:0000f6c8       mxCreateDoubleScalar       00000001800106c8 f   libmx:libmx.dll
 0001:0000f6ce       mxCreateString             00000001800106ce f   libmx:libmx.dll
 0001:0000f6d4       mxCreateCellMatrix_730     00000001800106d4 f   libmx:libmx.dll
 0001:0000f6da       mxCreateCellArray_730      00000001800106da f   libmx:libmx.dll
 0001:0000f6e0       mxCreateStructMatrix_730   00000001800106e0 f   libmx:libmx.dll
 0001:0000f6e6       mxCreateStructArray_730    00000001800106e6 f   libmx:libmx.dll
 0001:0000f6ec       mxCalloc                   00000001800106ec f   libmx:libmx.dll
 0001:0000f6f2       mxGetM                     00000001800106f2 f   libmx:libmx.dll
 0001:0000f6f8       mxGetClassID               00000001800106f8 f   libmx:libmx.dll
 0001:0000f6fe       mxIsNumeric                00000001800106fe f   libmx:libmx.dll
 0001:0000f704       mxIsComplex                0000000180010704 f   libmx:libmx.dll
 0001:0000f70a       mxGetN                     000000018001070a f   libmx:libmx.dll
 0001:0000f710       mexMakeArrayPersistent     0000000180010710 f   libmex:libmex.dll
 0001:0000f716       mexErrMsgTxt               0000000180010716 f   libmex:libmex.dll
 0001:0000f71c       mexWarnMsgTxt              000000018001071c f   libmex:libmex.dll
 0001:0000f722       mexCallMATLABWithObject    0000000180010722 f   libmex:libmex.dll
 0001:0000f728       mexLock                    0000000180010728 f   libmex:libmex.dll
 0001:0000f72e       mexUnlock                  000000018001072e f   libmex:libmex.dll
 0001:0000f734       mexIsLocked                0000000180010734 f   libmex:libmex.dll
 0001:0000f73a       utMalloc                   000000018001073a f   libut:libut.dll
 0001:0000f740       utFree                     0000000180010740 f   libut:libut.dll
 0001:0000f746       muDoubleScalarPower        0000000180010746 f   libmwmathutil:libmwmathutil.dll
 0001:0000f74c       emlrtNameCaptureMxArrayR2016a 000000018001074c f   libemlrt:libemlrt.dll
 0001:0000f754       __raise_securityfailure    0000000180010754 f   MSVCRT:gs_report.obj
 0001:0000f788       __report_gsfailure         0000000180010788 f   MSVCRT:gs_report.obj
 0001:0000f85c       __report_rangecheckfailure 000000018001085c f   MSVCRT:gs_report.obj
 0001:0000f870       __report_securityfailure   0000000180010870 f   MSVCRT:gs_report.obj
 0001:0000f90c       __report_securityfailureEx 000000018001090c f   MSVCRT:gs_report.obj
 0001:0000fb00       __GSHandlerCheck           0000000180010b00 f   MSVCRT:_gshandler_.obj
 0001:0000fb20       __GSHandlerCheckCommon     0000000180010b20 f   MSVCRT:_gshandler_.obj
 0001:0000fb90       __security_check_cookie    0000000180010b90 f   MSVCRT:_amdsecgs_.obj
 0001:0000ff24       _CRT_INIT                  0000000180010f24 f   MSVCRT:dll_dllmain.obj
 0001:0000ff2c       _DllMainCRTStartup         0000000180010f2c f   MSVCRT:dll_dllmain.obj
 0001:0000ff6c       ??$__crt_fast_decode_pointer@PEAP6AXXZ@@YAPEAP6AXXZQEAP6AXXZ@Z 0000000180010f6c f i MSVCRT:utility.obj
 0001:0000ff84       ??$__crt_fast_encode_pointer@PEAP6AXXZ@@YAPEAP6AXXZQEAP6AXXZ@Z 0000000180010f84 f i MSVCRT:utility.obj
 0001:0000ffa4       ?__crt_rotate_pointer_value@@YA_K_KH@Z 0000000180010fa4 f i MSVCRT:utility.obj
 0001:0000ffb0       ?configure_argv@__scrt_narrow_argv_policy@@SAHXZ 0000000180010fb0 f i MSVCRT:utility.obj
 0001:00010040       NtCurrentTeb               0000000180011040 f i MSVCRT:utility.obj
 0001:0001004c       __scrt_acquire_startup_lock 000000018001104c f   MSVCRT:utility.obj
 0001:00010088       __scrt_dllmain_after_initialize_c 0000000180011088 f   MSVCRT:utility.obj
 0001:000100bc       __scrt_dllmain_before_initialize_c 00000001800110bc f   MSVCRT:utility.obj
 0001:000100d4       __scrt_dllmain_crt_thread_attach 00000001800110d4 f   MSVCRT:utility.obj
 0001:000100fc       __scrt_dllmain_crt_thread_detach 00000001800110fc f   MSVCRT:utility.obj
 0001:00010114       __scrt_dllmain_exception_filter 0000000180011114 f   MSVCRT:utility.obj
 0001:00010178       __scrt_dllmain_uninitialize_c 0000000180011178 f   MSVCRT:utility.obj
 0001:000101a8       __scrt_dllmain_uninitialize_critical 00000001800111a8 f   MSVCRT:utility.obj
 0001:000101bc       __scrt_initialize_crt      00000001800111bc f   MSVCRT:utility.obj
 0001:00010208       __scrt_initialize_onexit_tables 0000000180011208 f   MSVCRT:utility.obj
 0001:000102d4       __scrt_is_nonwritable_in_current_image 00000001800112d4 f   MSVCRT:utility.obj
 0001:00010370       __scrt_release_startup_lock 0000000180011370 f   MSVCRT:utility.obj
 0001:00010394       __scrt_uninitialize_crt    0000000180011394 f   MSVCRT:utility.obj
 0001:000103c0       _onexit                    00000001800113c0 f   MSVCRT:utility.obj
 0001:00010410       at_quick_exit              0000000180011410 f   MSVCRT:utility.obj
 0001:00010448       atexit                     0000000180011448 f   MSVCRT:utility.obj
 0001:00010460       __security_init_cookie     0000000180011460 f   MSVCRT:gs_support.obj
 0001:0001050c       DllMain                    000000018001150c f   MSVCRT:dll_dllmain_stub.obj
 0001:00010530       ?__scrt_initialize_type_info@@YAXXZ 0000000180011530 f   MSVCRT:tncleanup.obj
 0001:00010540       ?__scrt_uninitialize_type_info@@YAXXZ 0000000180011540 f   MSVCRT:tncleanup.obj
 0001:0001054c       __local_stdio_scanf_options 000000018001154c f i MSVCRT:default_local_stdio_options.obj
 0001:00010554       __scrt_initialize_default_local_stdio_options 0000000180011554 f   MSVCRT:default_local_stdio_options.obj
 0001:00010570       __scrt_get_dyn_tls_init_callback 0000000180011570 f   MSVCRT:dyn_tls_init.obj
 0001:00010578       __crt_debugger_hook        0000000180011578 f   MSVCRT:utility_desktop.obj
 0001:00010580       __scrt_fastfail            0000000180011580 f   MSVCRT:utility_desktop.obj
 0001:000106c8       __scrt_get_show_window_mode 00000001800116c8 f   MSVCRT:utility_desktop.obj
 0001:00010704       __scrt_initialize_winrt    0000000180011704 f   MSVCRT:utility_desktop.obj
 0001:00010708       __scrt_is_managed_app      0000000180011708 f   MSVCRT:utility_desktop.obj
 0001:0001075c       __scrt_set_unhandled_exception_filter 000000018001175c f   MSVCRT:utility_desktop.obj
 0001:0001076c       __scrt_unhandled_exception_filter 000000018001176c f   MSVCRT:utility_desktop.obj
 0001:000107a4       _RTC_Initialize            00000001800117a4 f   MSVCRT:_initsect_.obj
 0001:000107f0       _RTC_Terminate             00000001800117f0 f   MSVCRT:_initsect_.obj
 0001:0001083c       _guard_check_icall         000000018001183c f i MSVCRT:checkcfg.obj
 0001:00010844       __isa_available_init       0000000180011844 f   MSVCRT:_cpu_disp_.obj
 0001:00010a08       _get_startup_argv_mode     0000000180011a08 f   MSVCRT:argv_mode.obj
 0001:00010a10       __scrt_is_ucrt_dll_in_use  0000000180011a10 f   MSVCRT:ucrt_detection.obj
 0001:00010a1c       _guard_check_icall_nop     0000000180011a1c f i MSVCRT:guard_support.obj
 0001:00010a20       _guard_icall_checks_enforced 0000000180011a20 f i MSVCRT:guard_support.obj
 0001:00010a40       RtlCaptureContext          0000000180011a40 f   kernel32:KERNEL32.dll
 0001:00010a46       RtlLookupFunctionEntry     0000000180011a46 f   kernel32:KERNEL32.dll
 0001:00010a4c       RtlVirtualUnwind           0000000180011a4c f   kernel32:KERNEL32.dll
 0001:00010a52       UnhandledExceptionFilter   0000000180011a52 f   kernel32:KERNEL32.dll
 0001:00010a58       SetUnhandledExceptionFilter 0000000180011a58 f   kernel32:KERNEL32.dll
 0001:00010a5e       GetCurrentProcess          0000000180011a5e f   kernel32:KERNEL32.dll
 0001:00010a64       TerminateProcess           0000000180011a64 f   kernel32:KERNEL32.dll
 0001:00010a6a       IsProcessorFeaturePresent  0000000180011a6a f   kernel32:KERNEL32.dll
 0001:00010a70       QueryPerformanceCounter    0000000180011a70 f   kernel32:KERNEL32.dll
 0001:00010a76       GetCurrentProcessId        0000000180011a76 f   kernel32:KERNEL32.dll
 0001:00010a7c       GetCurrentThreadId         0000000180011a7c f   kernel32:KERNEL32.dll
 0001:00010a82       GetSystemTimeAsFileTime    0000000180011a82 f   kernel32:KERNEL32.dll
 0001:00010a88       DisableThreadLibraryCalls  0000000180011a88 f   kernel32:KERNEL32.dll
 0001:00010a8e       InitializeSListHead        0000000180011a8e f   kernel32:KERNEL32.dll
 0001:00010a94       IsDebuggerPresent          0000000180011a94 f   kernel32:KERNEL32.dll
 0001:00010a9a       GetStartupInfoW            0000000180011a9a f   kernel32:KERNEL32.dll
 0001:00010aa0       GetModuleHandleW           0000000180011aa0 f   kernel32:KERNEL32.dll
 0001:00010aa6       memset                     0000000180011aa6 f   vcruntime:VCRUNTIME140.dll
 0001:00010aac       memcpy                     0000000180011aac f   vcruntime:VCRUNTIME140.dll
 0001:00010ab2       __telemetry_main_invoke_trigger 0000000180011ab2 f   vcruntime:VCRUNTIME140.dll
 0001:00010ab8       __telemetry_main_return_trigger 0000000180011ab8 f   vcruntime:VCRUNTIME140.dll
 0001:00010abe       __C_specific_handler       0000000180011abe f   vcruntime:VCRUNTIME140.dll
 0001:00010ac4       __std_type_info_destroy_list 0000000180011ac4 f   vcruntime:VCRUNTIME140.dll
 0001:00010aca       strcmp                     0000000180011aca f   ucrt:api-ms-win-crt-string-l1-1-0.dll
 0001:00010ad0       strcat                     0000000180011ad0 f   ucrt:api-ms-win-crt-string-l1-1-0.dll
 0001:00010ad6       strlen                     0000000180011ad6 f   ucrt:api-ms-win-crt-string-l1-1-0.dll
 0001:00010adc       __stdio_common_vsprintf    0000000180011adc f   ucrt:api-ms-win-crt-stdio-l1-1-0.dll
 0001:00010ae2       free                       0000000180011ae2 f   ucrt:api-ms-win-crt-heap-l1-1-0.dll
 0001:00010ae8       malloc                     0000000180011ae8 f   ucrt:api-ms-win-crt-heap-l1-1-0.dll
 0001:00010aee       _initterm                  0000000180011aee f   ucrt:api-ms-win-crt-runtime-l1-1-0.dll
 0001:00010af4       _initterm_e                0000000180011af4 f   ucrt:api-ms-win-crt-runtime-l1-1-0.dll
 0001:00010afa       _seh_filter_dll            0000000180011afa f   ucrt:api-ms-win-crt-runtime-l1-1-0.dll
 0001:00010b00       _configure_narrow_argv     0000000180011b00 f   ucrt:api-ms-win-crt-runtime-l1-1-0.dll
 0001:00010b06       _initialize_narrow_environment 0000000180011b06 f   ucrt:api-ms-win-crt-runtime-l1-1-0.dll
 0001:00010b0c       _initialize_onexit_table   0000000180011b0c f   ucrt:api-ms-win-crt-runtime-l1-1-0.dll
 0001:00010b12       _register_onexit_function  0000000180011b12 f   ucrt:api-ms-win-crt-runtime-l1-1-0.dll
 0001:00010b18       _execute_onexit_table      0000000180011b18 f   ucrt:api-ms-win-crt-runtime-l1-1-0.dll
 0001:00010b1e       _crt_atexit                0000000180011b1e f   ucrt:api-ms-win-crt-runtime-l1-1-0.dll
 0001:00010b24       _crt_at_quick_exit         0000000180011b24 f   ucrt:api-ms-win-crt-runtime-l1-1-0.dll
 0001:00010b2a       _cexit                     0000000180011b2a f   ucrt:api-ms-win-crt-runtime-l1-1-0.dll
 0001:00010b30       terminate                  0000000180011b30 f   ucrt:api-ms-win-crt-runtime-l1-1-0.dll
 0001:00010b38       __acrt_initialize          0000000180011b38 f   MSVCRT:ucrt_stubs.obj
 0001:00010b38       __scrt_stub_for_acrt_initialize 0000000180011b38 f   MSVCRT:ucrt_stubs.obj
 0001:00010b38       __vcrt_initialize          0000000180011b38 f   MSVCRT:ucrt_stubs.obj
 0001:00010b3c       __scrt_stub_for_acrt_thread_attach 0000000180011b3c f   MSVCRT:ucrt_stubs.obj
 0001:00010b3c       __acrt_thread_attach       0000000180011b3c f   MSVCRT:ucrt_stubs.obj
 0001:00010b3c       __vcrt_thread_attach       0000000180011b3c f   MSVCRT:ucrt_stubs.obj
 0001:00010b40       __scrt_stub_for_acrt_thread_detach 0000000180011b40 f   MSVCRT:ucrt_stubs.obj
 0001:00010b40       __vcrt_thread_detach       0000000180011b40 f   MSVCRT:ucrt_stubs.obj
 0001:00010b40       __acrt_thread_detach       0000000180011b40 f   MSVCRT:ucrt_stubs.obj
 0001:00010b44       __scrt_stub_for_acrt_uninitialize 0000000180011b44 f   MSVCRT:ucrt_stubs.obj
 0001:00010b44       __acrt_uninitialize        0000000180011b44 f   MSVCRT:ucrt_stubs.obj
 0001:00010b44       __vcrt_uninitialize        0000000180011b44 f   MSVCRT:ucrt_stubs.obj
 0001:00010b48       __acrt_uninitialize_critical 0000000180011b48 f   MSVCRT:ucrt_stubs.obj
 0001:00010b48       __scrt_stub_for_acrt_uninitialize_critical 0000000180011b48 f   MSVCRT:ucrt_stubs.obj
 0001:00010b48       __vcrt_uninitialize_critical 0000000180011b48 f   MSVCRT:ucrt_stubs.obj
 0001:00010b4c       __scrt_stub_for_is_c_termination_complete 0000000180011b4c f   MSVCRT:ucrt_stubs.obj
 0001:00010b4c       _is_c_termination_complete 0000000180011b4c f   MSVCRT:ucrt_stubs.obj
 0001:00010b60       _guard_dispatch_icall_nop  0000000180011b60 f   MSVCRT:_guard_dispatch_.obj
 0002:00000000       __imp_IsProcessorFeaturePresent 0000000180012000     kernel32:KERNEL32.dll
 0002:00000008       __imp_RtlCaptureContext    0000000180012008     kernel32:KERNEL32.dll
 0002:00000010       __imp_RtlLookupFunctionEntry 0000000180012010     kernel32:KERNEL32.dll
 0002:00000018       __imp_QueryPerformanceCounter 0000000180012018     kernel32:KERNEL32.dll
 0002:00000020       __imp_GetCurrentProcessId  0000000180012020     kernel32:KERNEL32.dll
 0002:00000028       __imp_GetCurrentThreadId   0000000180012028     kernel32:KERNEL32.dll
 0002:00000030       __imp_GetSystemTimeAsFileTime 0000000180012030     kernel32:KERNEL32.dll
 0002:00000038       __imp_DisableThreadLibraryCalls 0000000180012038     kernel32:KERNEL32.dll
 0002:00000040       __imp_InitializeSListHead  0000000180012040     kernel32:KERNEL32.dll
 0002:00000048       __imp_IsDebuggerPresent    0000000180012048     kernel32:KERNEL32.dll
 0002:00000050       __imp_GetStartupInfoW      0000000180012050     kernel32:KERNEL32.dll
 0002:00000058       __imp_GetModuleHandleW     0000000180012058     kernel32:KERNEL32.dll
 0002:00000060       __imp_GetCurrentProcess    0000000180012060     kernel32:KERNEL32.dll
 0002:00000068       __imp_SetUnhandledExceptionFilter 0000000180012068     kernel32:KERNEL32.dll
 0002:00000070       __imp_UnhandledExceptionFilter 0000000180012070     kernel32:KERNEL32.dll
 0002:00000078       __imp_RtlVirtualUnwind     0000000180012078     kernel32:KERNEL32.dll
 0002:00000080       __imp_TerminateProcess     0000000180012080     kernel32:KERNEL32.dll
 0002:00000088       \177KERNEL32_NULL_THUNK_DATA 0000000180012088     kernel32:KERNEL32.dll
 0002:00000090       __imp___telemetry_main_invoke_trigger 0000000180012090     vcruntime:VCRUNTIME140.dll
 0002:00000098       __imp___telemetry_main_return_trigger 0000000180012098     vcruntime:VCRUNTIME140.dll
 0002:000000a0       __imp___C_specific_handler 00000001800120a0     vcruntime:VCRUNTIME140.dll
 0002:000000a8       __imp_memset               00000001800120a8     vcruntime:VCRUNTIME140.dll
 0002:000000b0       __imp___std_type_info_destroy_list 00000001800120b0     vcruntime:VCRUNTIME140.dll
 0002:000000b8       __imp_memcpy               00000001800120b8     vcruntime:VCRUNTIME140.dll
 0002:000000c0       \177VCRUNTIME140_NULL_THUNK_DATA 00000001800120c0     vcruntime:VCRUNTIME140.dll
 0002:000000c8       __imp_malloc               00000001800120c8     ucrt:api-ms-win-crt-heap-l1-1-0.dll
 0002:000000d0       __imp_free                 00000001800120d0     ucrt:api-ms-win-crt-heap-l1-1-0.dll
 0002:000000d8       \177api-ms-win-crt-heap-l1-1-0_NULL_THUNK_DATA 00000001800120d8     ucrt:api-ms-win-crt-heap-l1-1-0.dll
 0002:000000e0       __imp__seh_filter_dll      00000001800120e0     ucrt:api-ms-win-crt-runtime-l1-1-0.dll
 0002:000000e8       __imp__initterm_e          00000001800120e8     ucrt:api-ms-win-crt-runtime-l1-1-0.dll
 0002:000000f0       __imp__configure_narrow_argv 00000001800120f0     ucrt:api-ms-win-crt-runtime-l1-1-0.dll
 0002:000000f8       __imp__initialize_narrow_environment 00000001800120f8     ucrt:api-ms-win-crt-runtime-l1-1-0.dll
 0002:00000100       __imp__initialize_onexit_table 0000000180012100     ucrt:api-ms-win-crt-runtime-l1-1-0.dll
 0002:00000108       __imp__register_onexit_function 0000000180012108     ucrt:api-ms-win-crt-runtime-l1-1-0.dll
 0002:00000110       __imp__execute_onexit_table 0000000180012110     ucrt:api-ms-win-crt-runtime-l1-1-0.dll
 0002:00000118       __imp__crt_atexit          0000000180012118     ucrt:api-ms-win-crt-runtime-l1-1-0.dll
 0002:00000120       __imp__crt_at_quick_exit   0000000180012120     ucrt:api-ms-win-crt-runtime-l1-1-0.dll
 0002:00000128       __imp__cexit               0000000180012128     ucrt:api-ms-win-crt-runtime-l1-1-0.dll
 0002:00000130       __imp_terminate            0000000180012130     ucrt:api-ms-win-crt-runtime-l1-1-0.dll
 0002:00000138       __imp__initterm            0000000180012138     ucrt:api-ms-win-crt-runtime-l1-1-0.dll
 0002:00000140       \177api-ms-win-crt-runtime-l1-1-0_NULL_THUNK_DATA 0000000180012140     ucrt:api-ms-win-crt-runtime-l1-1-0.dll
 0002:00000148       __imp___stdio_common_vsprintf 0000000180012148     ucrt:api-ms-win-crt-stdio-l1-1-0.dll
 0002:00000150       \177api-ms-win-crt-stdio-l1-1-0_NULL_THUNK_DATA 0000000180012150     ucrt:api-ms-win-crt-stdio-l1-1-0.dll
 0002:00000158       __imp_strlen               0000000180012158     ucrt:api-ms-win-crt-string-l1-1-0.dll
 0002:00000160       __imp_strcat               0000000180012160     ucrt:api-ms-win-crt-string-l1-1-0.dll
 0002:00000168       __imp_strcmp               0000000180012168     ucrt:api-ms-win-crt-string-l1-1-0.dll
 0002:00000170       \177api-ms-win-crt-string-l1-1-0_NULL_THUNK_DATA 0000000180012170     ucrt:api-ms-win-crt-string-l1-1-0.dll
 0002:00000178       __imp_emlrtNameCaptureMxArrayR2016a 0000000180012178     libemlrt:libemlrt.dll
 0002:00000180       \177libemlrt_NULL_THUNK_DATA 0000000180012180     libemlrt:libemlrt.dll
 0002:00000188       __imp_mexErrMsgTxt         0000000180012188     libmex:libmex.dll
 0002:00000190       __imp_mexMakeArrayPersistent 0000000180012190     libmex:libmex.dll
 0002:00000198       __imp_mexIsLocked          0000000180012198     libmex:libmex.dll
 0002:000001a0       __imp_mexUnlock            00000001800121a0     libmex:libmex.dll
 0002:000001a8       __imp_mexLock              00000001800121a8     libmex:libmex.dll
 0002:000001b0       __imp_mexCallMATLABWithObject 00000001800121b0     libmex:libmex.dll
 0002:000001b8       __imp_mexWarnMsgTxt        00000001800121b8     libmex:libmex.dll
 0002:000001c0       \177libmex_NULL_THUNK_DATA 00000001800121c0     libmex:libmex.dll
 0002:000001c8       __imp_muDoubleScalarPower  00000001800121c8     libmwmathutil:libmwmathutil.dll
 0002:000001d0       \177libmwmathutil_NULL_THUNK_DATA 00000001800121d0     libmwmathutil:libmwmathutil.dll
 0002:000001d8       __imp_mxGetN               00000001800121d8     libmx:libmx.dll
 0002:000001e0       __imp_mxIsComplex          00000001800121e0     libmx:libmx.dll
 0002:000001e8       __imp_mxIsNumeric          00000001800121e8     libmx:libmx.dll
 0002:000001f0       __imp_mxGetClassID         00000001800121f0     libmx:libmx.dll
 0002:000001f8       __imp_mxGetM               00000001800121f8     libmx:libmx.dll
 0002:00000200       __imp_mxCalloc             0000000180012200     libmx:libmx.dll
 0002:00000208       __imp_mxCreateStructArray_730 0000000180012208     libmx:libmx.dll
 0002:00000210       __imp_mxCreateStructMatrix_730 0000000180012210     libmx:libmx.dll
 0002:00000218       __imp_mxCreateCellArray_730 0000000180012218     libmx:libmx.dll
 0002:00000220       __imp_mxCreateCellMatrix_730 0000000180012220     libmx:libmx.dll
 0002:00000228       __imp_mxCreateString       0000000180012228     libmx:libmx.dll
 0002:00000230       __imp_mxCreateDoubleScalar 0000000180012230     libmx:libmx.dll
 0002:00000238       __imp_mxSetField_730       0000000180012238     libmx:libmx.dll
 0002:00000240       __imp_mxDuplicateArray     0000000180012240     libmx:libmx.dll
 0002:00000248       __imp_mxGetString_730      0000000180012248     libmx:libmx.dll
 0002:00000250       __imp_mxCreateDoubleMatrix_730 0000000180012250     libmx:libmx.dll
 0002:00000258       __imp_mxDestroyArray       0000000180012258     libmx:libmx.dll
 0002:00000260       __imp_mxIsChar             0000000180012260     libmx:libmx.dll
 0002:00000268       __imp_mxGetPr              0000000180012268     libmx:libmx.dll
 0002:00000270       __imp_mxGetScalar          0000000180012270     libmx:libmx.dll
 0002:00000278       \177libmx_NULL_THUNK_DATA  0000000180012278     libmx:libmx.dll
 0002:00000280       __imp_utMalloc             0000000180012280     libut:libut.dll
 0002:00000288       __imp_utFree               0000000180012288     libut:libut.dll
 0002:00000290       \177libut_NULL_THUNK_DATA  0000000180012290     libut:libut.dll
 0002:00000298       __imp_sf_debug_create_debug_instance_struct 0000000180012298     sf_runtime:sf_runtime.dll
 0002:000002a0       __imp_sf_clear_error_manager_info 00000001800122a0     sf_runtime:sf_runtime.dll
 0002:000002a8       __imp_sf_mex_error_direct_call 00000001800122a8     sf_runtime:sf_runtime.dll
 0002:000002b0       __imp_call_sf_machine_global_method_dispatcher 00000001800122b0     sf_runtime:sf_runtime.dll
 0002:000002b8       __imp_callMdlMethodAndReportError 00000001800122b8     sf_runtime:sf_runtime.dll
 0002:000002c0       __imp_sf_set_compiledInfo  00000001800122c0     sf_runtime:sf_runtime.dll
 0002:000002c8       __imp_sf_get_isEnhancedMooreMachine 00000001800122c8     sf_runtime:sf_runtime.dll
 0002:000002d0       __imp_sf_get_ChartInfoStruct_CodeGen 00000001800122d0     sf_runtime:sf_runtime.dll
 0002:000002d8       __imp_sf_debug_set_script_translation 00000001800122d8     sf_runtime:sf_runtime.dll
 0002:000002e0       __imp_sf_debug_get_script_id 00000001800122e0     sf_runtime:sf_runtime.dll
 0002:000002e8       __imp_sf_debug_cv_init_state 00000001800122e8     sf_runtime:sf_runtime.dll
 0002:000002f0       __imp_sf_debug_terminate   00000001800122f0     sf_runtime:sf_runtime.dll
 0002:000002f8       __imp_sf_debug_cv_init_trans 00000001800122f8     sf_runtime:sf_runtime.dll
 0002:00000300       __imp_sf_debug_data_range_wrapper 0000000180012300     sf_runtime:sf_runtime.dll
 0002:00000308       __imp_sf_debug_set_chart_substate_count 0000000180012308     sf_runtime:sf_runtime.dll
 0002:00000310       __imp_sf_debug_set_chart_decomposition 0000000180012310     sf_runtime:sf_runtime.dll
 0002:00000318       __imp_sf_debug_set_chart_state_info 0000000180012318     sf_runtime:sf_runtime.dll
 0002:00000320       __imp_sf_debug_set_chart_event_thresholds 0000000180012320     sf_runtime:sf_runtime.dll
 0002:00000328       __imp_sf_debug_set_chart_disable_implicit_casting 0000000180012328     sf_runtime:sf_runtime.dll
 0002:00000330       __imp_sf_debug_set_instance_data_value_ptr 0000000180012330     sf_runtime:sf_runtime.dll
 0002:00000338       __imp_sf_debug_symbol_scope_add_eml_importable 0000000180012338     sf_runtime:sf_runtime.dll
 0002:00000340       __imp_sf_debug_symbol_scope_add_eml 0000000180012340     sf_runtime:sf_runtime.dll
 0002:00000348       __imp_sf_debug_symbol_scope_pop 0000000180012348     sf_runtime:sf_runtime.dll
 0002:00000350       __imp_sf_debug_api         0000000180012350     sf_runtime:sf_runtime.dll
 0002:00000358       __imp_sf_debug_cv_init_chart 0000000180012358     sf_runtime:sf_runtime.dll
 0002:00000360       __imp_sf_debug_symbol_scope_push_eml 0000000180012360     sf_runtime:sf_runtime.dll
 0002:00000368       __imp_sf_debug_symbol_scope_push 0000000180012368     sf_runtime:sf_runtime.dll
 0002:00000370       __imp_sf_debug_set_chart_data_compiled_props 0000000180012370     sf_runtime:sf_runtime.dll
 0002:00000378       __imp_sf_debug_set_chart_data_props 0000000180012378     sf_runtime:sf_runtime.dll
 0002:00000380       __imp_sf_debug_check_for_state_inconsistency 0000000180012380     sf_runtime:sf_runtime.dll
 0002:00000388       __imp_sf_debug_reset_current_state_configuration 0000000180012388     sf_runtime:sf_runtime.dll
 0002:00000390       __imp_cv_script_init_relational 0000000180012390     sf_runtime:sf_runtime.dll
 0002:00000398       __imp_cv_script_init_if    0000000180012398     sf_runtime:sf_runtime.dll
 0002:000003a0       __imp_cv_script_init_fcn   00000001800123a0     sf_runtime:sf_runtime.dll
 0002:000003a8       __imp_cv_script_init_script 00000001800123a8     sf_runtime:sf_runtime.dll
 0002:000003b0       __imp_cv_script_eval       00000001800123b0     sf_runtime:sf_runtime.dll
 0002:000003b8       __imp_cv_eml_init_fcn      00000001800123b8     sf_runtime:sf_runtime.dll
 0002:000003c0       __imp_cv_eml_init_script   00000001800123c0     sf_runtime:sf_runtime.dll
 0002:000003c8       __imp_cv_eval_relational   00000001800123c8     sf_runtime:sf_runtime.dll
 0002:000003d0       __imp_cv_eml_eval          00000001800123d0     sf_runtime:sf_runtime.dll
 0002:000003d8       __imp_eml_debug_line_call  00000001800123d8     sf_runtime:sf_runtime.dll
 0002:000003e0       __imp_sf_debug_call        00000001800123e0     sf_runtime:sf_runtime.dll
 0002:000003e8       __imp_sf_debug_initialize_chart 00000001800123e8     sf_runtime:sf_runtime.dll
 0002:000003f0       __imp_ssGetOutputPortSignal_wrapper 00000001800123f0     sf_runtime:sf_runtime.dll
 0002:000003f8       __imp_ssGetInputPortSignal_wrapper 00000001800123f8     sf_runtime:sf_runtime.dll
 0002:00000400       __imp_sf_mex_decode_encoded_mx_struct_array 0000000180012400     sf_runtime:sf_runtime.dll
 0002:00000408       __imp_sf_mex_import        0000000180012408     sf_runtime:sf_runtime.dll
 0002:00000410       __imp_sf_mex_destroy       0000000180012410     sf_runtime:sf_runtime.dll
 0002:00000418       __imp_sf_mex_dup           0000000180012418     sf_runtime:sf_runtime.dll
 0002:00000420       __imp_sf_mex_assign        0000000180012420     sf_runtime:sf_runtime.dll
 0002:00000428       __imp_sf_mex_getcell       0000000180012428     sf_runtime:sf_runtime.dll
 0002:00000430       __imp_sf_mex_setcell       0000000180012430     sf_runtime:sf_runtime.dll
 0002:00000438       __imp_sf_mex_createcellmatrix 0000000180012438     sf_runtime:sf_runtime.dll
 0002:00000440       __imp_sf_mex_create        0000000180012440     sf_runtime:sf_runtime.dll
 0002:00000448       __imp_sf_mex_error_message 0000000180012448     sf_runtime:sf_runtime.dll
 0002:00000450       __imp_sf_mex_call_debug    0000000180012450     sf_runtime:sf_runtime.dll
 0002:00000458       __imp_sf_set_chart_accesses_machine_info 0000000180012458     sf_runtime:sf_runtime.dll
 0002:00000460       __imp_sf_is_first_init_cond 0000000180012460     sf_runtime:sf_runtime.dll
 0002:00000468       __imp_sf_get_time          0000000180012468     sf_runtime:sf_runtime.dll
 0002:00000470       __imp_sf_set_rtw_dwork_info 0000000180012470     sf_runtime:sf_runtime.dll
 0002:00000478       __imp_sf_clear_rtw_identifier 0000000180012478     sf_runtime:sf_runtime.dll
 0002:00000480       __imp_sim_mode_is_modelref_sim 0000000180012480     sf_runtime:sf_runtime.dll
 0002:00000488       __imp_sim_mode_is_external 0000000180012488     sf_runtime:sf_runtime.dll
 0002:00000490       __imp_sim_mode_is_rtw_gen  0000000180012490     sf_runtime:sf_runtime.dll
 0002:00000498       __imp_sf_mark_chart_expressionable_inputs 0000000180012498     sf_runtime:sf_runtime.dll
 0002:000004a0       __imp_sf_mark_chart_reusable_outputs 00000001800124a0     sf_runtime:sf_runtime.dll
 0002:000004a8       __imp_sf_is_chart_inlinable 00000001800124a8     sf_runtime:sf_runtime.dll
 0002:000004b0       __imp_sf_update_buildInfo  00000001800124b0     sf_runtime:sf_runtime.dll
 0002:000004b8       __imp_sf_rtw_info_uint_prop 00000001800124b8     sf_runtime:sf_runtime.dll
 0002:000004c0       __imp_sf_get_chart_instance_ptr 00000001800124c0     sf_runtime:sf_runtime.dll
 0002:000004c8       __imp_sf_free_ChartRunTimeInfo 00000001800124c8     sf_runtime:sf_runtime.dll
 0002:000004d0       __imp_sf_init_ChartRunTimeInfo 00000001800124d0     sf_runtime:sf_runtime.dll
 0002:000004d8       __imp_sf_debug_set_machine_data_thresholds 00000001800124d8     sf_runtime:sf_runtime.dll
 0002:000004e0       __imp_sf_debug_set_machine_event_thresholds 00000001800124e0     sf_runtime:sf_runtime.dll
 0002:000004e8       __imp_sf_debug_initialize_machine 00000001800124e8     sf_runtime:sf_runtime.dll
 0002:000004f0       __imp_sf_load_rtw_optimization_info 00000001800124f0     sf_runtime:sf_runtime.dll
 0002:000004f8       \177sf_runtime_NULL_THUNK_DATA 00000001800124f8     sf_runtime:sf_runtime.dll
 0002:00000500       __guard_check_icall_fptr   0000000180012500     MSVCRT:guard_support.obj
 0002:00000508       __guard_dispatch_icall_fptr 0000000180012508     MSVCRT:guard_support.obj
 0002:00000510       __xc_a                     0000000180012510     MSVCRT:initializers.obj
 0002:00000518       __xc_z                     0000000180012518     MSVCRT:initializers.obj
 0002:00000520       __xi_a                     0000000180012520     MSVCRT:initializers.obj
 0002:00000528       __xi_z                     0000000180012528     MSVCRT:initializers.obj
 0002:00000530       __xp_a                     0000000180012530     MSVCRT:initializers.obj
 0002:00000538       __xp_z                     0000000180012538     MSVCRT:initializers.obj
 0002:00000540       __xt_a                     0000000180012540     MSVCRT:initializers.obj
 0002:00000548       __xt_z                     0000000180012548     MSVCRT:initializers.obj
 0002:00000550       __real@4195dc4c60000000    0000000180012550     Landing_sfun.obj
 0002:00000558       __real@419df44774000000    0000000180012558     Landing_sfun.obj
 0002:00000560       __real@41d07e82db400000    0000000180012560     Landing_sfun.obj
 0002:00000568       __real@41da799835000000    0000000180012568     Landing_sfun.obj
 0002:00000570       __real@41da91fd70400000    0000000180012570     Landing_sfun.obj
 0002:00000578       __real@41db23f8d7400000    0000000180012578     Landing_sfun.obj
 0002:00000580       __real@41db9ba3aac00000    0000000180012580     Landing_sfun.obj
 0002:00000588       __real@41dbe9927f400000    0000000180012588     Landing_sfun.obj
 0002:00000590       __real@41e03505f3800000    0000000180012590     Landing_sfun.obj
 0002:00000598       __real@41e1575dbcc00000    0000000180012598     Landing_sfun.obj
 0002:000005a0       __real@41e1732501400000    00000001800125a0     Landing_sfun.obj
 0002:000005a8       __real@41eedb5c5f400000    00000001800125a8     Landing_sfun.obj
 0002:000005b0       __real@0000000000000000    00000001800125b0     c2_Landing.obj
 0002:000005b8       __real@3f719ce075f6fd22    00000001800125b8     c2_Landing.obj
 0002:000005c0       __real@3fb999999999999a    00000001800125c0     c2_Landing.obj
 0002:000005c8       __real@3fe0000000000000    00000001800125c8     c2_Landing.obj
 0002:000005d0       __real@3ff0000000000000    00000001800125d0     c2_Landing.obj
 0002:000005d8       __real@3ff547ae147ae148    00000001800125d8     c2_Landing.obj
 0002:000005e0       __real@4000000000000000    00000001800125e0     c2_Landing.obj
 0002:000005e8       __real@4008000000000000    00000001800125e8     c2_Landing.obj
 0002:000005f0       __real@400d851eb851eb85    00000001800125f0     c2_Landing.obj
 0002:000005f8       __real@4010000000000000    00000001800125f8     c2_Landing.obj
 0002:00000600       __real@4015051eb851eb85    0000000180012600     c2_Landing.obj
 0002:00000608       __real@401970a3d70a3d71    0000000180012608     c2_Landing.obj
 0002:00000610       __real@4020000000000000    0000000180012610     c2_Landing.obj
 0002:00000618       __real@4024000000000000    0000000180012618     c2_Landing.obj
 0002:00000620       __real@4040c395810624dd    0000000180012620     c2_Landing.obj
 0002:00000628       __real@4059000000000000    0000000180012628     c2_Landing.obj
 0002:00000630       __real@4067f0a77234d0c2    0000000180012630     c2_Landing.obj
 0002:00000638       __real@406b400000000000    0000000180012638     c2_Landing.obj
 0002:00000640       __real@408b97e679eda272    0000000180012640     c2_Landing.obj
 0002:00000648       __real@408f400000000000    0000000180012648     c2_Landing.obj
 0002:00000650       __real@40e462ee9740f9c5    0000000180012650     c2_Landing.obj
 0002:00000658       __real@41a29e748e000000    0000000180012658     c2_Landing.obj
 0002:00000660       __real@41a6980a68000000    0000000180012660     c2_Landing.obj
 0002:00000668       __real@41ccd22818800000    0000000180012668     c2_Landing.obj
 0002:00000670       __real@41ce07d888800000    0000000180012670     c2_Landing.obj
 0002:00000680       __xmm@80000000000000008000000000000000 0000000180012680     c2_Landing.obj
 0002:00000690       _ssBadLevel2InputAccessMsg 0000000180012690     Landing_sfun_registry.obj
 0002:00000820       _ssBadLevel2DirectFeedMsg  0000000180012820     Landing_sfun_registry.obj
 0002:00000960       _ssBadLevel2DirectFeedSolutionMsg 0000000180012960     Landing_sfun_registry.obj
 0002:000009d0       _ssBadLevel2ZeroDirectFeedMsg 00000001800129d0     Landing_sfun_registry.obj
 0002:00000b10       _ssBadLevel2ZeroDirectFeedMsg2 0000000180012b10     Landing_sfun_registry.obj
 0002:00000bf8       DYNAMIC_DIMENSION_DEF      0000000180012bf8     Landing_sfun_registry.obj
 0002:00000c10       __real@41602cbca0000000    0000000180012c10     Landing_sfun_registry.obj
 0002:00000c18       __real@bff0000000000000    0000000180012c18     Landing_sfun_registry.obj
 0002:00000c30       _pRawDllMain               0000000180012c30     MSVCRT:dll_dllmain.obj
 0002:00000c30       _pDefaultRawDllMain        0000000180012c30     MSVCRT:dll_dllmain.obj
 0002:00000c60       _load_config_used          0000000180012c60     MSVCRT:loadcfg.obj
 0002:00000f20       __rtc_iaa                  0000000180012f20     MSVCRT:_initsect_.obj
 0002:00000f28       __rtc_izz                  0000000180012f28     MSVCRT:_initsect_.obj
 0002:00000f30       __rtc_taa                  0000000180012f30     MSVCRT:_initsect_.obj
 0002:00000f38       __rtc_tzz                  0000000180012f38     MSVCRT:_initsect_.obj
 0002:000017f4       __IMPORT_DESCRIPTOR_sf_runtime 00000001800137f4     sf_runtime:sf_runtime.dll
 0002:00001808       __IMPORT_DESCRIPTOR_libmx  0000000180013808     libmx:libmx.dll
 0002:0000181c       __IMPORT_DESCRIPTOR_libmex 000000018001381c     libmex:libmex.dll
 0002:00001830       __IMPORT_DESCRIPTOR_libut  0000000180013830     libut:libut.dll
 0002:00001844       __IMPORT_DESCRIPTOR_libmwmathutil 0000000180013844     libmwmathutil:libmwmathutil.dll
 0002:00001858       __IMPORT_DESCRIPTOR_libemlrt 0000000180013858     libemlrt:libemlrt.dll
 0002:0000186c       __IMPORT_DESCRIPTOR_KERNEL32 000000018001386c     kernel32:KERNEL32.dll
 0002:00001880       __IMPORT_DESCRIPTOR_VCRUNTIME140 0000000180013880     vcruntime:VCRUNTIME140.dll
 0002:00001894       __IMPORT_DESCRIPTOR_api-ms-win-crt-string-l1-1-0 0000000180013894     ucrt:api-ms-win-crt-string-l1-1-0.dll
 0002:000018a8       __IMPORT_DESCRIPTOR_api-ms-win-crt-stdio-l1-1-0 00000001800138a8     ucrt:api-ms-win-crt-stdio-l1-1-0.dll
 0002:000018bc       __IMPORT_DESCRIPTOR_api-ms-win-crt-heap-l1-1-0 00000001800138bc     ucrt:api-ms-win-crt-heap-l1-1-0.dll
 0002:000018d0       __IMPORT_DESCRIPTOR_api-ms-win-crt-runtime-l1-1-0 00000001800138d0     ucrt:api-ms-win-crt-runtime-l1-1-0.dll
 0002:000018e4       __NULL_IMPORT_DESCRIPTOR   00000001800138e4     sf_runtime:sf_runtime.dll
 0003:000026f0       DYNAMIC_DIMENSION          00000001800176f0     Landing_sfun_registry.obj
 0003:00002700       __security_cookie          0000000180017700     MSVCRT:gs_cookie.obj
 0003:00002708       __security_cookie_complement 0000000180017708     MSVCRT:gs_cookie.obj
 0003:00002710       _fltused                   0000000180017710     MSVCRT:dllsupp.obj
 0003:00002714       __scrt_native_dllmain_reason 0000000180017714     MSVCRT:utility.obj
 0003:00002718       __isa_available            0000000180017718     MSVCRT:_cpu_disp_.obj
 0003:0000271c       __isa_enabled              000000018001771c     MSVCRT:_cpu_disp_.obj
 0003:00002720       __memcpy_nt_iters          0000000180017720     MSVCRT:_cpu_disp_.obj
 0003:00002730       __scrt_ucrt_dll_is_in_use  0000000180017730     MSVCRT:ucrt_stubs.obj
 0003:00002760       sfGlobalDebugInstanceStruct 0000000180017760     Landing_sfun_registry.obj
 0003:00002db8       __scrt_current_native_startup_state 0000000180017db8     MSVCRT:utility.obj
 0003:00002dc0       __scrt_native_startup_lock 0000000180017dc0     MSVCRT:utility.obj
 0003:00002e00       ?__type_info_root_node@@3U__type_info_node@@A 0000000180017e00     MSVCRT:tncleanup.obj
 0003:00002e10       ?_OptionsStorage@?1??__local_stdio_printf_options@@9@4_KA 0000000180017e10     MSVCRT:default_local_stdio_options.obj
 0003:00002e18       ?_OptionsStorage@?1??__local_stdio_scanf_options@@9@4_KA 0000000180017e18     MSVCRT:default_local_stdio_options.obj
 0003:00002e20       __scrt_debugger_hook_flag  0000000180017e20     MSVCRT:utility_desktop.obj
 0003:00002e24       __favor                    0000000180017e24     MSVCRT:_cpu_disp_.obj
 0003:00002e28       ?_OptionsStorage@?1??__local_stdio_printf_options@@9@9 0000000180017e28     <common>
 0003:00002e30       _LandingMachineNumber_     0000000180017e30     <common>
 0003:00002e38       __dyn_tls_init_callback    0000000180017e38     <common>

 entry point at        0001:0000ff2c

 Static symbols

 0000:00000000       .debug$S                   0000000180000000     libmx:libmx.dll
 0000:00000000       .debug$S                   0000000180000000     Landing_sfun.exp
 0000:00000000       .debug$S                   0000000180000000     sf_runtime:sf_runtime.dll
 0000:00000000       .debug$S                   0000000180000000     sf_runtime:sf_runtime.dll
 0000:00000000       .debug$S                   0000000180000000     sf_runtime:sf_runtime.dll
 0000:00000000       .debug$S                   0000000180000000     sf_runtime:sf_runtime.dll
 0000:00000000       .debug$S                   0000000180000000     sf_runtime:sf_runtime.dll
 0000:00000000       .debug$S                   0000000180000000     ucrt:api-ms-win-crt-heap-l1-1-0.dll
 0000:00000000       .debug$S                   0000000180000000     ucrt:api-ms-win-crt-heap-l1-1-0.dll
 0000:00000000       .debug$S                   0000000180000000     ucrt:api-ms-win-crt-runtime-l1-1-0.dll
 0000:00000000       .debug$S                   0000000180000000     ucrt:api-ms-win-crt-runtime-l1-1-0.dll
 0000:00000000       .debug$S                   0000000180000000     ucrt:api-ms-win-crt-runtime-l1-1-0.dll
 0000:00000000       .debug$S                   0000000180000000     ucrt:api-ms-win-crt-runtime-l1-1-0.dll
 0000:00000000       .debug$S                   0000000180000000     ucrt:api-ms-win-crt-runtime-l1-1-0.dll
 0000:00000000       .debug$S                   0000000180000000     ucrt:api-ms-win-crt-runtime-l1-1-0.dll
 0000:00000000       .debug$S                   0000000180000000     ucrt:api-ms-win-crt-runtime-l1-1-0.dll
 0000:00000000       .debug$S                   0000000180000000     ucrt:api-ms-win-crt-runtime-l1-1-0.dll
 0000:00000000       .debug$S                   0000000180000000     ucrt:api-ms-win-crt-runtime-l1-1-0.dll
 0000:00000000       .debug$S                   0000000180000000     ucrt:api-ms-win-crt-runtime-l1-1-0.dll
 0000:00000000       .debug$S                   0000000180000000     ucrt:api-ms-win-crt-runtime-l1-1-0.dll
 0000:00000000       .debug$S                   0000000180000000     ucrt:api-ms-win-crt-runtime-l1-1-0.dll
 0000:00000000       .debug$S                   0000000180000000     sf_runtime:sf_runtime.dll
 0000:00000000       .debug$S                   0000000180000000     ucrt:api-ms-win-crt-stdio-l1-1-0.dll
 0000:00000000       .debug$S                   0000000180000000     sf_runtime:sf_runtime.dll
 0000:00000000       .debug$S                   0000000180000000     ucrt:api-ms-win-crt-string-l1-1-0.dll
 0000:00000000       .debug$S                   0000000180000000     ucrt:api-ms-win-crt-string-l1-1-0.dll
 0000:00000000       .debug$S                   0000000180000000     ucrt:api-ms-win-crt-string-l1-1-0.dll
 0000:00000000       .debug$S                   0000000180000000     sf_runtime:sf_runtime.dll
 0000:00000000       .debug$S                   0000000180000000     vcruntime:VCRUNTIME140.dll
 0000:00000000       .debug$S                   0000000180000000     vcruntime:VCRUNTIME140.dll
 0000:00000000       .debug$S                   0000000180000000     vcruntime:VCRUNTIME140.dll
 0000:00000000       .debug$S                   0000000180000000     vcruntime:VCRUNTIME140.dll
 0000:00000000       .debug$S                   0000000180000000     vcruntime:VCRUNTIME140.dll
 0000:00000000       .debug$S                   0000000180000000     vcruntime:VCRUNTIME140.dll
 0000:00000000       .debug$S                   0000000180000000     sf_runtime:sf_runtime.dll
 0000:00000000       .debug$S                   0000000180000000     kernel32:KERNEL32.dll
 0000:00000000       .debug$S                   0000000180000000     kernel32:KERNEL32.dll
 0000:00000000       .debug$S                   0000000180000000     kernel32:KERNEL32.dll
 0000:00000000       .debug$S                   0000000180000000     kernel32:KERNEL32.dll
 0000:00000000       .debug$S                   0000000180000000     kernel32:KERNEL32.dll
 0000:00000000       .debug$S                   0000000180000000     kernel32:KERNEL32.dll
 0000:00000000       .debug$S                   0000000180000000     kernel32:KERNEL32.dll
 0000:00000000       .debug$S                   0000000180000000     kernel32:KERNEL32.dll
 0000:00000000       .debug$S                   0000000180000000     kernel32:KERNEL32.dll
 0000:00000000       .debug$S                   0000000180000000     kernel32:KERNEL32.dll
 0000:00000000       .debug$S                   0000000180000000     kernel32:KERNEL32.dll
 0000:00000000       .debug$S                   0000000180000000     kernel32:KERNEL32.dll
 0000:00000000       .debug$S                   0000000180000000     kernel32:KERNEL32.dll
 0000:00000000       .debug$S                   0000000180000000     kernel32:KERNEL32.dll
 0000:00000000       .debug$S                   0000000180000000     kernel32:KERNEL32.dll
 0000:00000000       .debug$S                   0000000180000000     kernel32:KERNEL32.dll
 0000:00000000       .debug$S                   0000000180000000     kernel32:KERNEL32.dll
 0000:00000000       .debug$S                   0000000180000000     sf_runtime:sf_runtime.dll
 0000:00000000       .debug$S                   0000000180000000     sf_runtime:sf_runtime.dll
 0000:00000000       .debug$S                   0000000180000000     sf_runtime:sf_runtime.dll
 0000:00000000       .debug$S                   0000000180000000     sf_runtime:sf_runtime.dll
 0000:00000000       .debug$S                   0000000180000000     sf_runtime:sf_runtime.dll
 0000:00000000       .debug$S                   0000000180000000     sf_runtime:sf_runtime.dll
 0000:00000000       .debug$S                   0000000180000000     sf_runtime:sf_runtime.dll
 0000:00000000       .debug$S                   0000000180000000     sf_runtime:sf_runtime.dll
 0000:00000000       .debug$S                   0000000180000000     sf_runtime:sf_runtime.dll
 0000:00000000       .debug$S                   0000000180000000     sf_runtime:sf_runtime.dll
 0000:00000000       .debug$S                   0000000180000000     sf_runtime:sf_runtime.dll
 0000:00000000       .debug$S                   0000000180000000     sf_runtime:sf_runtime.dll
 0000:00000000       .debug$S                   0000000180000000     sf_runtime:sf_runtime.dll
 0000:00000000       .debug$S                   0000000180000000     sf_runtime:sf_runtime.dll
 0000:00000000       .debug$S                   0000000180000000     sf_runtime:sf_runtime.dll
 0000:00000000       .debug$S                   0000000180000000     sf_runtime:sf_runtime.dll
 0000:00000000       .debug$S                   0000000180000000     sf_runtime:sf_runtime.dll
 0000:00000000       .debug$S                   0000000180000000     sf_runtime:sf_runtime.dll
 0000:00000000       .debug$S                   0000000180000000     sf_runtime:sf_runtime.dll
 0000:00000000       .debug$S                   0000000180000000     sf_runtime:sf_runtime.dll
 0000:00000000       .debug$S                   0000000180000000     sf_runtime:sf_runtime.dll
 0000:00000000       .debug$S                   0000000180000000     sf_runtime:sf_runtime.dll
 0000:00000000       .debug$S                   0000000180000000     sf_runtime:sf_runtime.dll
 0000:00000000       .debug$S                   0000000180000000     sf_runtime:sf_runtime.dll
 0000:00000000       .debug$S                   0000000180000000     sf_runtime:sf_runtime.dll
 0000:00000000       .debug$S                   0000000180000000     sf_runtime:sf_runtime.dll
 0000:00000000       .debug$S                   0000000180000000     sf_runtime:sf_runtime.dll
 0000:00000000       .debug$S                   0000000180000000     sf_runtime:sf_runtime.dll
 0000:00000000       .debug$S                   0000000180000000     sf_runtime:sf_runtime.dll
 0000:00000000       .debug$S                   0000000180000000     sf_runtime:sf_runtime.dll
 0000:00000000       .debug$S                   0000000180000000     sf_runtime:sf_runtime.dll
 0000:00000000       .debug$S                   0000000180000000     sf_runtime:sf_runtime.dll
 0000:00000000       .debug$S                   0000000180000000     sf_runtime:sf_runtime.dll
 0000:00000000       .debug$S                   0000000180000000     sf_runtime:sf_runtime.dll
 0000:00000000       .debug$S                   0000000180000000     sf_runtime:sf_runtime.dll
 0000:00000000       .debug$S                   0000000180000000     sf_runtime:sf_runtime.dll
 0000:00000000       .debug$S                   0000000180000000     sf_runtime:sf_runtime.dll
 0000:00000000       .debug$S                   0000000180000000     sf_runtime:sf_runtime.dll
 0000:00000000       .debug$S                   0000000180000000     sf_runtime:sf_runtime.dll
 0000:00000000       .debug$S                   0000000180000000     sf_runtime:sf_runtime.dll
 0000:00000000       .debug$S                   0000000180000000     sf_runtime:sf_runtime.dll
 0000:00000000       .debug$S                   0000000180000000     sf_runtime:sf_runtime.dll
 0000:00000000       .debug$S                   0000000180000000     sf_runtime:sf_runtime.dll
 0000:00000000       .debug$S                   0000000180000000     sf_runtime:sf_runtime.dll
 0000:00000000       .debug$S                   0000000180000000     sf_runtime:sf_runtime.dll
 0000:00000000       .debug$S                   0000000180000000     sf_runtime:sf_runtime.dll
 0000:00000000       .debug$S                   0000000180000000     sf_runtime:sf_runtime.dll
 0000:00000000       .debug$S                   0000000180000000     sf_runtime:sf_runtime.dll
 0000:00000000       .debug$S                   0000000180000000     sf_runtime:sf_runtime.dll
 0000:00000000       .debug$S                   0000000180000000     sf_runtime:sf_runtime.dll
 0000:00000000       .debug$S                   0000000180000000     sf_runtime:sf_runtime.dll
 0000:00000000       .debug$S                   0000000180000000     sf_runtime:sf_runtime.dll
 0000:00000000       .debug$S                   0000000180000000     sf_runtime:sf_runtime.dll
 0000:00000000       .debug$S                   0000000180000000     sf_runtime:sf_runtime.dll
 0000:00000000       .debug$S                   0000000180000000     sf_runtime:sf_runtime.dll
 0000:00000000       .debug$S                   0000000180000000     sf_runtime:sf_runtime.dll
 0000:00000000       .debug$S                   0000000180000000     sf_runtime:sf_runtime.dll
 0000:00000000       .debug$S                   0000000180000000     sf_runtime:sf_runtime.dll
 0000:00000000       .debug$S                   0000000180000000     sf_runtime:sf_runtime.dll
 0000:00000000       .debug$S                   0000000180000000     sf_runtime:sf_runtime.dll
 0000:00000000       .debug$S                   0000000180000000     sf_runtime:sf_runtime.dll
 0000:00000000       .debug$S                   0000000180000000     sf_runtime:sf_runtime.dll
 0000:00000000       .debug$S                   0000000180000000     sf_runtime:sf_runtime.dll
 0000:00000000       .debug$S                   0000000180000000     sf_runtime:sf_runtime.dll
 0000:00000000       .debug$S                   0000000180000000     sf_runtime:sf_runtime.dll
 0000:00000000       .debug$S                   0000000180000000     sf_runtime:sf_runtime.dll
 0000:00000000       .debug$S                   0000000180000000     sf_runtime:sf_runtime.dll
 0000:00000000       .debug$S                   0000000180000000     libmx:libmx.dll
 0000:00000000       .debug$S                   0000000180000000     libmx:libmx.dll
 0000:00000000       .debug$S                   0000000180000000     libmwmathutil:libmwmathutil.dll
 0000:00000000       .debug$S                   0000000180000000     libmx:libmx.dll
 0000:00000000       .debug$S                   0000000180000000     libmx:libmx.dll
 0000:00000000       .debug$S                   0000000180000000     libmx:libmx.dll
 0000:00000000       .debug$S                   0000000180000000     libmx:libmx.dll
 0000:00000000       .debug$S                   0000000180000000     libmx:libmx.dll
 0000:00000000       .debug$S                   0000000180000000     libmx:libmx.dll
 0000:00000000       .debug$S                   0000000180000000     libmx:libmx.dll
 0000:00000000       .debug$S                   0000000180000000     libmx:libmx.dll
 0000:00000000       .debug$S                   0000000180000000     libmx:libmx.dll
 0000:00000000       .debug$S                   0000000180000000     libmx:libmx.dll
 0000:00000000       .debug$S                   0000000180000000     libmx:libmx.dll
 0000:00000000       .debug$S                   0000000180000000     libmx:libmx.dll
 0000:00000000       .debug$S                   0000000180000000     libmx:libmx.dll
 0000:00000000       .debug$S                   0000000180000000     libmx:libmx.dll
 0000:00000000       .debug$S                   0000000180000000     libmx:libmx.dll
 0000:00000000       .debug$S                   0000000180000000     libmx:libmx.dll
 0000:00000000       .debug$S                   0000000180000000     libmx:libmx.dll
 0000:00000000       .debug$S                   0000000180000000     libmex:libmex.dll
 0000:00000000       .debug$S                   0000000180000000     libmex:libmex.dll
 0000:00000000       .debug$S                   0000000180000000     libmex:libmex.dll
 0000:00000000       .debug$S                   0000000180000000     libmex:libmex.dll
 0000:00000000       .debug$S                   0000000180000000     libmex:libmex.dll
 0000:00000000       .debug$S                   0000000180000000     libmex:libmex.dll
 0000:00000000       .debug$S                   0000000180000000     libmex:libmex.dll
 0000:00000000       .debug$S                   0000000180000000     libut:libut.dll
 0000:00000000       .debug$S                   0000000180000000     libut:libut.dll
 0000:00000000       .debug$S                   0000000180000000     libemlrt:libemlrt.dll
 0001:00001230       chart_debug_initialization 0000000180002230 f   c2_Landing.obj
 0001:00002550       chart_debug_initialize_data_addresses 0000000180003550 f   c2_Landing.obj
 0001:000028b0       initialize_c2_Landing      00000001800038b0 f   c2_Landing.obj
 0001:00002920       initialize_params_c2_Landing 0000000180003920 f   c2_Landing.obj
 0001:00002930       enable_c2_Landing          0000000180003930 f   c2_Landing.obj
 0001:00002960       disable_c2_Landing         0000000180003960 f   c2_Landing.obj
 0001:00002990       c2_update_debugger_state_c2_Landing 0000000180003990 f   c2_Landing.obj
 0001:000029a0       get_sim_state_c2_Landing   00000001800039a0 f   c2_Landing.obj
 0001:00002bc0       set_sim_state_c2_Landing   0000000180003bc0 f   c2_Landing.obj
 0001:00002ce0       finalize_c2_Landing        0000000180003ce0 f   c2_Landing.obj
 0001:00002cf0       sf_gateway_c2_Landing      0000000180003cf0 f   c2_Landing.obj
 0001:00003350       mdl_start_c2_Landing       0000000180004350 f   c2_Landing.obj
 0001:00003360       c2_chartstep_c2_Landing    0000000180004360 f   c2_Landing.obj
 0001:00004e50       initSimStructsc2_Landing   0000000180005e50 f   c2_Landing.obj
 0001:00004e60       c2_Density                 0000000180005e60 f   c2_Landing.obj
 0001:00005720       init_script_number_translation 0000000180006720 f   c2_Landing.obj
 0001:00005810       c2_sf_marshallOut          0000000180006810 f   c2_Landing.obj
 0001:000058c0       c2_emlrt_marshallIn        00000001800068c0 f   c2_Landing.obj
 0001:00005930       c2_b_emlrt_marshallIn      0000000180006930 f   c2_Landing.obj
 0001:000059c0       c2_sf_marshallIn           00000001800069c0 f   c2_Landing.obj
 0001:00005a70       c2_error                   0000000180006a70 f   c2_Landing.obj
 0001:00005b50       c2_d_emlrt_marshallIn      0000000180006b50 f   c2_Landing.obj
 0001:00005bc0       c2_e_emlrt_marshallIn      0000000180006bc0 f   c2_Landing.obj
 0001:00005c50       init_dsm_address_info      0000000180006c50 f   c2_Landing.obj
 0001:00005c60       init_simulink_io_address   0000000180006c60 f   c2_Landing.obj
 0001:00006eb0       sf_get_sim_state_info_c2_Landing 0000000180007eb0 f   c2_Landing.obj
 0001:00006f80       sf_get_instance_specialization 0000000180007f80 f   c2_Landing.obj
 0001:00006f90       sf_opaque_initialize_c2_Landing 0000000180007f90 f   c2_Landing.obj
 0001:00006fd0       sf_opaque_enable_c2_Landing 0000000180007fd0 f   c2_Landing.obj
 0001:00006ff0       sf_opaque_disable_c2_Landing 0000000180007ff0 f   c2_Landing.obj
 0001:00007010       sf_opaque_gateway_c2_Landing 0000000180008010 f   c2_Landing.obj
 0001:00007030       sf_opaque_get_sim_state_c2_Landing 0000000180008030 f   c2_Landing.obj
 0001:00007060       sf_opaque_set_sim_state_c2_Landing 0000000180008060 f   c2_Landing.obj
 0001:00007090       sf_opaque_terminate_c2_Landing 0000000180008090 f   c2_Landing.obj
 0001:00007130       mdlProcessParameters_c2_Landing 0000000180008130 f   c2_Landing.obj
 0001:000071f0       mdlSetWorkWidths_c2_Landing 00000001800081f0 f   c2_Landing.obj
 0001:000079b0       mdlRTW_c2_Landing          00000001800089b0 f   c2_Landing.obj
 0001:000079f0       mdlStart_c2_Landing        00000001800089f0 f   c2_Landing.obj
 0001:00008f38       $LN120                     0000000180009f38     Landing_sfun_registry.obj
 0001:0000acb4       $LN17                      000000018000bcb4     Landing_sfun_registry.obj
 0001:0000b23c       $LN26                      000000018000c23c     Landing_sfun_registry.obj
 0001:0000b924       $LN23                      000000018000c924     Landing_sfun_registry.obj
 0001:0000bef4       $LN26                      000000018000cef4     Landing_sfun_registry.obj
 0001:0000dac0       sf_debug_api_wrapper       000000018000eac0 f   Landing_sfun_registry.obj
 0001:0000db10       ProcessMexSfunctionCmdLineCall 000000018000eb10 f   Landing_sfun_registry.obj
 0001:0000de80       mdlSetWorkWidths           000000018000ee80 f   Landing_sfun_registry.obj
 0001:0000deb0       mdlProcessParameters       000000018000eeb0 f   Landing_sfun_registry.obj
 0001:0000dee0       mdl_start_processing       000000018000eee0 f   Landing_sfun_registry.obj
 0001:0000df90       mdl_terminate_processing   000000018000ef90 f   Landing_sfun_registry.obj
 0001:0000e010       mdlStart                   000000018000f010 f   Landing_sfun_registry.obj
 0001:0000e040       mdlTerminate               000000018000f040 f   Landing_sfun_registry.obj
 0001:0000e070       mdlInitializeSizes         000000018000f070 f   Landing_sfun_registry.obj
 0001:0000e0a0       mdlInitializeSampleTimes   000000018000f0a0 f   Landing_sfun_registry.obj
 0001:0000e0d0       mdl_outputs_continuous_legacy 000000018000f0d0 f   Landing_sfun_registry.obj
 0001:0000e1d0       mdl_outputs_processing     000000018000f1d0 f   Landing_sfun_registry.obj
 0001:0000e2f0       mdl_zeroCrossings_processing 000000018000f2f0 f   Landing_sfun_registry.obj
 0001:0000e330       mdlZeroCrossings           000000018000f330 f   Landing_sfun_registry.obj
 0001:0000e360       mdl_derivatives_processing 000000018000f360 f   Landing_sfun_registry.obj
 0001:0000e3b0       mdlDerivatives             000000018000f3b0 f   Landing_sfun_registry.obj
 0001:0000e3e0       mdl_initialize_conditions_processing 000000018000f3e0 f   Landing_sfun_registry.obj
 0001:0000e430       mdlInitializeConditions    000000018000f430 f   Landing_sfun_registry.obj
 0001:0000e460       mdl_ext_mode_exec_processing 000000018000f460 f   Landing_sfun_registry.obj
 0001:0000e4a0       mdlExtModeExec             000000018000f4a0 f   Landing_sfun_registry.obj
 0001:0000e4d0       mdlRTW                     000000018000f4d0 f   Landing_sfun_registry.obj
 0001:0000e510       mdl_enable_processing      000000018000f510 f   Landing_sfun_registry.obj
 0001:0000e550       mdlEnable                  000000018000f550 f   Landing_sfun_registry.obj
 0001:0000e580       mdl_disable_processing     000000018000f580 f   Landing_sfun_registry.obj
 0001:0000e5c0       mdlDisable                 000000018000f5c0 f   Landing_sfun_registry.obj
 0001:0000e5f0       mdlOutputs                 000000018000f5f0 f   Landing_sfun_registry.obj
 0001:0000e620       mdl_update_processing      000000018000f620 f   Landing_sfun_registry.obj
 0001:0000e670       mdlUpdate                  000000018000f670 f   Landing_sfun_registry.obj
 0001:0000e850       mdlGetTimeOfNextVarHit     000000018000f850 f   Landing_sfun_registry.obj
 0001:0000e8a0       _RegNumInputPortsCB        000000018000f8a0 f   Landing_sfun_registry.obj
 0001:0000e920       _RegNumOutputPortsCB       000000018000f920 f   Landing_sfun_registry.obj
 0001:0000e9a0       _CreateSimStruct           000000018000f9a0 f   Landing_sfun_registry.obj
 0001:0000eb80       _ssFatalError              000000018000fb80 f   Landing_sfun_registry.obj
 0001:0000ec50       _ProcessMexSfunctionCmdLineCall 000000018000fc50 f   Landing_sfun_registry.obj
 0001:0000fa1c       capture_current_context    0000000180010a1c f   MSVCRT:gs_report.obj
[...]
 0004:000000d8       $pdata$get_sim_state_c2_Landing 00000001800180d8     c2_Landing.obj
 0004:000000e4       $pdata$set_sim_state_c2_Landing 00000001800180e4     c2_Landing.obj
 0004:000000f0       $pdata$sf_gateway_c2_Landing 00000001800180f0     c2_Landing.obj
 0004:000000fc       $pdata$c2_chartstep_c2_Landing 00000001800180fc     c2_Landing.obj
 0004:00000108       $pdata$c2_Density          0000000180018108     c2_Landing.obj
 0004:00000114       $pdata$init_script_number_translation 0000000180018114     c2_Landing.obj
 0004:00000120       $pdata$c2_sf_marshallOut   0000000180018120     c2_Landing.obj
 0004:0000012c       $pdata$c2_emlrt_marshallIn 000000018001812c     c2_Landing.obj
 0004:00000138       $pdata$c2_b_emlrt_marshallIn 0000000180018138     c2_Landing.obj
 0004:00000144       $pdata$c2_sf_marshallIn    0000000180018144     c2_Landing.obj
 0004:00000150       $pdata$c2_error            0000000180018150     c2_Landing.obj
 0004:0000015c       $pdata$c2_d_emlrt_marshallIn 000000018001815c     c2_Landing.obj
 0004:00000168       $pdata$c2_e_emlrt_marshallIn 0000000180018168     c2_Landing.obj
 0004:00000174       $pdata$init_simulink_io_address 0000000180018174     c2_Landing.obj
 0004:00000180       $pdata$sf_c2_Landing_get_post_codegen_info 0000000180018180     c2_Landing.obj
 0004:0000018c       $pdata$sf_c2_Landing_get_autoinheritance_info 000000018001818c     c2_Landing.obj
 0004:00000198       $pdata$sf_c2_Landing_third_party_uses_info 0000000180018198     c2_Landing.obj
 0004:000001a4       $pdata$sf_c2_Landing_jit_fallback_info 00000001800181a4     c2_Landing.obj
 0004:000001b0       $pdata$sf_c2_Landing_updateBuildInfo_args_info 00000001800181b0     c2_Landing.obj
 0004:000001bc       $pdata$sf_get_sim_state_info_c2_Landing 00000001800181bc     c2_Landing.obj
 0004:000001c8       $pdata$sf_opaque_initialize_c2_Landing 00000001800181c8     c2_Landing.obj
 0004:000001d4       $pdata$sf_opaque_enable_c2_Landing 00000001800181d4     c2_Landing.obj
 0004:000001e0       $pdata$sf_opaque_disable_c2_Landing 00000001800181e0     c2_Landing.obj
 0004:000001ec       $pdata$sf_opaque_gateway_c2_Landing 00000001800181ec     c2_Landing.obj
 0004:000001f8       $pdata$sf_opaque_get_sim_state_c2_Landing 00000001800181f8     c2_Landing.obj
 0004:00000204       $pdata$sf_opaque_set_sim_state_c2_Landing 0000000180018204     c2_Landing.obj
 0004:00000210       $pdata$sf_opaque_terminate_c2_Landing 0000000180018210     c2_Landing.obj
 0004:0000021c       $pdata$mdlProcessParameters_c2_Landing 000000018001821c     c2_Landing.obj
 0004:00000228       $pdata$mdlSetWorkWidths_c2_Landing 0000000180018228     c2_Landing.obj
 0004:00000234       $pdata$mdlRTW_c2_Landing   0000000180018234     c2_Landing.obj
 0004:00000240       $pdata$mdlStart_c2_Landing 0000000180018240     c2_Landing.obj
 0004:0000024c       $pdata$mexFunction         000000018001824c     Landing_sfun_registry.obj
 0004:00000258       $pdata$_ssSetInputPortDirectFeedThroughFcn 0000000180018258     Landing_sfun_registry.obj
 0004:00000264       $pdata$_ssGetInputPortSignalPtrsFcn 0000000180018264     Landing_sfun_registry.obj
 0004:00000270       $pdata$_ssGetInputPortSignalFcn 0000000180018270     Landing_sfun_registry.obj
 0004:0000027c       $pdata$_ssSetInputPortReusableFcn 000000018001827c     Landing_sfun_registry.obj
 0004:00000288       $pdata$_ssSetOutputPortReusableFcn 0000000180018288     Landing_sfun_registry.obj
 0004:00000294       $pdata$_ssSetSymbolicDimsSupport 0000000180018294     Landing_sfun_registry.obj
 0004:000002a0       $pdata$_ssRegisterSymbolicDimsExpr 00000001800182a0     Landing_sfun_registry.obj
 0004:000002ac       $pdata$_ssRegisterSymbolicDims 00000001800182ac     Landing_sfun_registry.obj
 0004:000002b8       $pdata$_ssRegisterSymbolicDimsString 00000001800182b8     Landing_sfun_registry.obj
 0004:000002c4       $pdata$_ssRegisterSymbolicDimsIntValue 00000001800182c4     Landing_sfun_registry.obj
 0004:000002d0       $pdata$_ssRegisterSymbolicDimsPlus 00000001800182d0     Landing_sfun_registry.obj
 0004:000002dc       $pdata$_ssRegisterSymbolicDimsMinus 00000001800182dc     Landing_sfun_registry.obj
 0004:000002e8       $pdata$_ssRegisterSymbolicDimsMultiply 00000001800182e8     Landing_sfun_registry.obj
 0004:000002f4       $pdata$_ssRegisterSymbolicDimsDivide 00000001800182f4     Landing_sfun_registry.obj
 0004:00000300       $pdata$_ssGetNumSymbolicDims 0000000180018300     Landing_sfun_registry.obj
 0004:0000030c       $pdata$_ssGetSymbolicDim   000000018001830c     Landing_sfun_registry.obj
 0004:00000318       $pdata$_ssSetInputPortSymbolicDimsId 0000000180018318     Landing_sfun_registry.obj
 0004:00000324       $pdata$_ssGetCompInputPortSymbolicDimsId 0000000180018324     Landing_sfun_registry.obj
 0004:00000330       $pdata$_ssSetCompInputPortSymbolicDimsId 0000000180018330     Landing_sfun_registry.obj
 0004:0000033c       $pdata$_ssSetOutputPortSymbolicDimsId 000000018001833c     Landing_sfun_registry.obj
 0004:00000348       $pdata$_ssGetCompOutputPortSymbolicDimsId 0000000180018348     Landing_sfun_registry.obj
 0004:00000354       $pdata$_ssSetCompOutputPortSymbolicDimsId 0000000180018354     Landing_sfun_registry.obj
 0004:00000360       $pdata$_ssSetCompDWorkSymbolicDimsId 0000000180018360     Landing_sfun_registry.obj
 0004:0000036c       $pdata$ssGetIsZeroCrossControlDisabled 000000018001836c     Landing_sfun_registry.obj
 0004:00000378       $pdata$ssSetIsInputPortUsedForContZcSignal 0000000180018378     Landing_sfun_registry.obj
 0004:00000384       $pdata$ssSetZcSignalIsZcElementDisc 0000000180018384     Landing_sfun_registry.obj
 0004:00000390       $pdata$ssSetZcSignalName   0000000180018390     Landing_sfun_registry.obj
 0004:0000039c       $pdata$ssSetZcSignalWidth  000000018001839c     Landing_sfun_registry.obj
 0004:000003a8       $pdata$ssSetZcSignalZcEventType 00000001800183a8     Landing_sfun_registry.obj
 0004:000003b4       $pdata$ssSetZcSignalType   00000001800183b4     Landing_sfun_registry.obj
 0004:000003c0       $pdata$ssSetZcSignalZcTol  00000001800183c0     Landing_sfun_registry.obj
 0004:000003cc       $pdata$ssSetZcSignalNeedsEventNotification 00000001800183cc     Landing_sfun_registry.obj
 0004:000003d8       $pdata$ssCreateAndAddZcSignalInfo 00000001800183d8     Landing_sfun_registry.obj
 0004:000003e4       $pdata$ssCloneAndAddZcSignalInfo 00000001800183e4     Landing_sfun_registry.obj
 0004:000003f0       $pdata$ssGetNumZcSignals   00000001800183f0     Landing_sfun_registry.obj
 0004:000003fc       $pdata$ssGetZcSignalVector 00000001800183fc     Landing_sfun_registry.obj
 0004:00000408       $pdata$ssGetZcSignalName   0000000180018408     Landing_sfun_registry.obj
 0004:00000414       $pdata$ssGetZcSignalWidth  0000000180018414     Landing_sfun_registry.obj
 0004:00000420       $pdata$ssGetZcSignalZcEventType 0000000180018420     Landing_sfun_registry.obj
 0004:0000042c       $pdata$ssGetZcSignalZcEvents 000000018001842c     Landing_sfun_registry.obj
 0004:00000438       $pdata$ssGetZcSignalType   0000000180018438     Landing_sfun_registry.obj
 0004:00000444       $pdata$ssGetZcSignalZcTol  0000000180018444     Landing_sfun_registry.obj
 0004:00000450       $pdata$ssGetZcSignalNeedsEventNotification 0000000180018450     Landing_sfun_registry.obj
 0004:0000045c       $pdata$ssGetZcSignalIsZcElementDisc 000000018001845c     Landing_sfun_registry.obj
 0004:00000468       $pdata$ssGetIsInputPortElementContinuous 0000000180018468     Landing_sfun_registry.obj
 0004:00000474       $pdata$ssGetDTypeIdFromMxArray 0000000180018474     Landing_sfun_registry.obj
 0004:00000480       $pdata$ssWriteRTWStr       0000000180018480     Landing_sfun_registry.obj
 0004:0000048c       $pdata$ssWriteRTWNameValuePair 000000018001848c     Landing_sfun_registry.obj
 0004:00000498       $pdata$ssWriteRTWParamSettings 0000000180018498     Landing_sfun_registry.obj
 0004:000004a4       $pdata$ssWriteRTWParameters 00000001800184a4     Landing_sfun_registry.obj
 0004:000004b0       $pdata$ssWriteRTWWorkVect  00000001800184b0     Landing_sfun_registry.obj
 0004:000004bc       $pdata$ssWriteRTWMxVectParam 00000001800184bc     Landing_sfun_registry.obj
 0004:000004c8       $pdata$ssWriteRTWMx2dMatParam 00000001800184c8     Landing_sfun_registry.obj
 0004:000004d4       $pdata$_ssSetInputPortMatrixDimensions 00000001800184d4     Landing_sfun_registry.obj
 0004:000004e0       $pdata$_ssSetOutputPortMatrixDimensions 00000001800184e0     Landing_sfun_registry.obj
 0004:000004ec       $pdata$_ssSetInputPortVectorDimension 00000001800184ec     Landing_sfun_registry.obj
 0004:000004f8       $pdata$_ssSetOutputPortVectorDimension 00000001800184f8     Landing_sfun_registry.obj
 0004:00000504       $pdata$ssIsRunTimeParamTunable 0000000180018504     Landing_sfun_registry.obj
 0004:00000510       $pdata$ssGetSFuncBlockHandle 0000000180018510     Landing_sfun_registry.obj
 0004:0000051c       $pdata$_ssGetCurrentInputPortWidth 000000018001851c     Landing_sfun_registry.obj
 0004:00000528       $pdata$_ssGetCurrentOutputPortWidth 0000000180018528     Landing_sfun_registry.obj
 0004:00000534       $pdata$_ssGetCallSystemNumFcnCallDestinations 0000000180018534     Landing_sfun_registry.obj
 0004:00000540       $pdata$ssGetParameterTuningCompliance 0000000180018540     Landing_sfun_registry.obj
 0004:0000054c       $pdata$ssWarning           000000018001854c     Landing_sfun_registry.obj
 0004:00000558       $pdata$_ssGetAbsTol        0000000180018558     Landing_sfun_registry.obj
 0004:00000564       $pdata$sf_process_check_sum_call 0000000180018564     Landing_sfun_registry.obj
 0004:00000570       $pdata$sf_process_autoinheritance_call 0000000180018570     Landing_sfun_registry.obj
 0004:0000057c       $pdata$sf_process_get_third_party_uses_info_call 000000018001857c     Landing_sfun_registry.obj
 0004:00000588       $pdata$sf_process_get_jit_fallback_info_call 0000000180018588     Landing_sfun_registry.obj
 0004:00000594       $pdata$sf_process_get_updateBuildInfo_args_info_call 0000000180018594     Landing_sfun_registry.obj
 0004:000005a0       $pdata$sf_process_get_eml_resolved_functions_info_call 00000001800185a0     Landing_sfun_registry.obj
 0004:000005ac       $pdata$sf_mex_unlock_call  00000001800185ac     Landing_sfun_registry.obj
 0004:000005b8       $pdata$sf_debug_api_wrapper 00000001800185b8     Landing_sfun_registry.obj
 0004:000005c4       $pdata$ProcessMexSfunctionCmdLineCall 00000001800185c4     Landing_sfun_registry.obj
 0004:000005d0       $pdata$sf_machine_global_initializer_called 00000001800185d0     Landing_sfun_registry.obj
 0004:000005dc       $pdata$sf_machine_global_method_dispatcher 00000001800185dc     Landing_sfun_registry.obj
 0004:000005e8       $pdata$sf_machine_global_terminator 00000001800185e8     Landing_sfun_registry.obj
 0004:000005f4       $pdata$sf_register_machine_exported_symbols 00000001800185f4     Landing_sfun_registry.obj
 0004:00000600       $pdata$sf_machine_global_initializer 0000000180018600     Landing_sfun_registry.obj
 0004:0000060c       $pdata$mdlGetSimState      000000018001860c     Landing_sfun_registry.obj
 0004:00000618       $pdata$mdlSetSimState      0000000180018618     Landing_sfun_registry.obj
 0004:00000624       $pdata$mdlSetWorkWidths    0000000180018624     Landing_sfun_registry.obj
 0004:00000630       $pdata$mdlProcessParameters 0000000180018630     Landing_sfun_registry.obj
 0004:0000063c       $pdata$mdl_start_processing 000000018001863c     Landing_sfun_registry.obj
 0004:00000648       $pdata$mdl_terminate_processing 0000000180018648     Landing_sfun_registry.obj
 0004:00000654       $pdata$mdlStart            0000000180018654     Landing_sfun_registry.obj
 0004:00000660       $pdata$mdlTerminate        0000000180018660     Landing_sfun_registry.obj
 0004:0000066c       $pdata$mdlInitializeSizes  000000018001866c     Landing_sfun_registry.obj
 0004:00000678       $pdata$mdlInitializeSampleTimes 0000000180018678     Landing_sfun_registry.obj
 0004:00000684       $pdata$mdl_outputs_continuous_legacy 0000000180018684     Landing_sfun_registry.obj
 0004:00000690       $pdata$mdl_outputs_processing 0000000180018690     Landing_sfun_registry.obj
 0004:0000069c       $pdata$mdl_zeroCrossings_processing 000000018001869c     Landing_sfun_registry.obj
 0004:000006a8       $pdata$mdlZeroCrossings    00000001800186a8     Landing_sfun_registry.obj
 0004:000006b4       $pdata$mdl_derivatives_processing 00000001800186b4     Landing_sfun_registry.obj
 0004:000006c0       $pdata$mdlDerivatives      00000001800186c0     Landing_sfun_registry.obj
 0004:000006cc       $pdata$mdl_initialize_conditions_processing 00000001800186cc     Landing_sfun_registry.obj
 0004:000006d8       $pdata$mdlInitializeConditions 00000001800186d8     Landing_sfun_registry.obj
 0004:000006e4       $pdata$mdl_ext_mode_exec_processing 00000001800186e4     Landing_sfun_registry.obj
 0004:000006f0       $pdata$mdlExtModeExec      00000001800186f0     Landing_sfun_registry.obj
 0004:000006fc       $pdata$mdlRTW              00000001800186fc     Landing_sfun_registry.obj
 0004:00000708       $pdata$mdl_enable_processing 0000000180018708     Landing_sfun_registry.obj
 0004:00000714       $pdata$mdlEnable           0000000180018714     Landing_sfun_registry.obj
 0004:00000720       $pdata$mdl_disable_processing 0000000180018720     Landing_sfun_registry.obj
 0004:0000072c       $pdata$mdlDisable          000000018001872c     Landing_sfun_registry.obj
 0004:00000738       $pdata$mdlOutputs          0000000180018738     Landing_sfun_registry.obj
 0004:00000744       $pdata$mdl_update_processing 0000000180018744     Landing_sfun_registry.obj
 0004:00000750       $pdata$mdlUpdate           0000000180018750     Landing_sfun_registry.obj
 0004:0000075c       $pdata$ProcessMexSfunctionEveryCall 000000018001875c     Landing_sfun_registry.obj
 0004:00000768       $pdata$_RegNumInputPortsCB 0000000180018768     Landing_sfun_registry.obj
 0004:00000774       $pdata$_RegNumOutputPortsCB 0000000180018774     Landing_sfun_registry.obj
 0004:00000780       $pdata$_CreateSimStruct    0000000180018780     Landing_sfun_registry.obj
 0004:0000078c       $pdata$_ssFatalError       000000018001878c     Landing_sfun_registry.obj
 0004:00000798       $pdata$_ProcessMexSfunctionCmdLineCall 0000000180018798     Landing_sfun_registry.obj
 0004:000007a4       $pdata$_vsnprintf_l        00000001800187a4     Landing_sfun_registry.obj
 0004:000007b0       $pdata$_vsprintf_l         00000001800187b0     Landing_sfun_registry.obj
 0004:000007bc       $pdata$sprintf             00000001800187bc     Landing_sfun_registry.obj
 0004:000007c8       $pdata$__raise_securityfailure 00000001800187c8     MSVCRT:gs_report.obj
 0004:000007d4       $pdata$__report_gsfailure  00000001800187d4     MSVCRT:gs_report.obj
 0004:000007e0       $pdata$__report_rangecheckfailure 00000001800187e0     MSVCRT:gs_report.obj
 0004:000007ec       $pdata$__report_securityfailure 00000001800187ec     MSVCRT:gs_report.obj
 0004:000007f8       $pdata$__report_securityfailureEx 00000001800187f8     MSVCRT:gs_report.obj
 0004:00000804       $pdata$capture_current_context 0000000180018804     MSVCRT:gs_report.obj
 0004:00000810       $pdata$capture_previous_context 0000000180018810     MSVCRT:gs_report.obj
 0004:0000081c       $pdata$__GSHandlerCheck    000000018001881c     MSVCRT:_gshandler_.obj
 0004:00000828       $pdata$__GSHandlerCheckCommon 0000000180018828     MSVCRT:_gshandler_.obj
 0004:00000840       $pdata$?dllmain_crt_dispatch@@YAHQEAUHINSTANCE__@@KQEAX@Z 0000000180018840     MSVCRT:dll_dllmain.obj
 0004:0000084c       $pdata$?dllmain_crt_process_attach@@YAHQEAUHINSTANCE__@@QEAX@Z 000000018001884c     MSVCRT:dll_dllmain.obj
 0004:00000858       $pdata$?dllmain_crt_process_detach@@YAH_N@Z 0000000180018858     MSVCRT:dll_dllmain.obj
 0004:00000864       $pdata$?dllmain_dispatch@@YAHQEAUHINSTANCE__@@KQEAX@Z 0000000180018864     MSVCRT:dll_dllmain.obj
 0004:00000870       $pdata$?dllmain_raw@@YAHQEAUHINSTANCE__@@KQEAX@Z 0000000180018870     MSVCRT:dll_dllmain.obj
 0004:0000087c       $pdata$_DllMainCRTStartup  000000018001887c     MSVCRT:dll_dllmain.obj
 0004:00000888       $pdata$?configure_argv@__scrt_narrow_argv_policy@@SAHXZ 0000000180018888     MSVCRT:utility.obj
 0004:00000894       $pdata$__scrt_acquire_startup_lock 0000000180018894     MSVCRT:utility.obj
 0004:000008a0       $pdata$__scrt_dllmain_after_initialize_c 00000001800188a0     MSVCRT:utility.obj
 0004:000008ac       $pdata$__scrt_dllmain_before_initialize_c 00000001800188ac     MSVCRT:utility.obj
 0004:000008b8       $pdata$__scrt_dllmain_crt_thread_attach 00000001800188b8     MSVCRT:utility.obj
 0004:000008c4       $pdata$__scrt_dllmain_crt_thread_detach 00000001800188c4     MSVCRT:utility.obj
 0004:000008d0       $pdata$__scrt_dllmain_exception_filter 00000001800188d0     MSVCRT:utility.obj
 0004:000008dc       $pdata$__scrt_dllmain_uninitialize_c 00000001800188dc     MSVCRT:utility.obj
 0004:000008e8       $pdata$__scrt_dllmain_uninitialize_critical 00000001800188e8     MSVCRT:utility.obj
 0004:000008f4       $pdata$__scrt_initialize_crt 00000001800188f4     MSVCRT:utility.obj
 0004:00000900       $pdata$__scrt_initialize_onexit_tables 0000000180018900     MSVCRT:utility.obj
 0004:0000090c       $pdata$__scrt_is_nonwritable_in_current_image 000000018001890c     MSVCRT:utility.obj
 0004:00000918       $pdata$__scrt_release_startup_lock 0000000180018918     MSVCRT:utility.obj
 0004:00000924       $pdata$__scrt_uninitialize_crt 0000000180018924     MSVCRT:utility.obj
 0004:00000930       $pdata$_onexit             0000000180018930     MSVCRT:utility.obj
 0004:0000093c       $pdata$atexit              000000018001893c     MSVCRT:utility.obj
 0004:00000948       $pdata$__security_init_cookie 0000000180018948     MSVCRT:gs_support.obj
 0004:00000954       $pdata$DllMain             0000000180018954     MSVCRT:dll_dllmain_stub.obj
 0004:00000960       $pdata$__scrt_initialize_default_local_stdio_options 0000000180018960     MSVCRT:default_local_stdio_options.obj
 0004:0000096c       $pdata$__scrt_fastfail     000000018001896c     MSVCRT:utility_desktop.obj
 0004:00000978       $pdata$__scrt_get_show_window_mode 0000000180018978     MSVCRT:utility_desktop.obj
 0004:00000984       $pdata$__scrt_is_managed_app 0000000180018984     MSVCRT:utility_desktop.obj
 0004:00000990       $pdata$__scrt_unhandled_exception_filter 0000000180018990     MSVCRT:utility_desktop.obj
 0004:0000099c       $pdata$_RTC_Initialize     000000018001899c     MSVCRT:_initsect_.obj
 0004:000009a8       $pdata$_RTC_Terminate      00000001800189a8     MSVCRT:_initsect_.obj
 0004:000009b4       $pdata$__isa_available_init 00000001800189b4     MSVCRT:_cpu_disp_.obj
 0004:000009cc       $pdata$?fin$0@?0??dllmain_crt_process_attach@@YAHQEAUHINSTANCE__@@QEAX@Z@4HA 00000001800189cc     MSVCRT:dll_dllmain.obj
 0004:000009d8       $pdata$?fin$0@?0??dllmain_crt_process_detach@@YAH_N@Z@4HA 00000001800189d8     MSVCRT:dll_dllmain.obj
 0004:000009e4       $pdata$?filt$0@?0??dllmain_dispatch@@YAHQEAUHINSTANCE__@@KQEAX@Z@4HA 00000001800189e4     MSVCRT:dll_dllmain.obj
 0004:000009f0       $pdata$__scrt_is_nonwritable_in_current_image$filt$0 00000001800189f0     MSVCRT:utility.obj
 0005:00000000       __guard_fids_?dllmain_crt_process_attach@@YAHQEAUHINSTANCE__@@QEAX@Z 0000000180019000     MSVCRT:dll_dllmain.obj
 0005:00000008       __guard_fids_?dllmain_dispatch@@YAHQEAUHINSTANCE__@@KQEAX@Z 0000000180019008     MSVCRT:dll_dllmain.obj
 0005:0000000c       __guard_fids___scrt_set_unhandled_exception_filter 000000018001900c     MSVCRT:utility_desktop.obj
 0005:00000010       __guard_fids__             0000000180019010     MSVCRT:guard_support.obj
 0005:00000014       __guard_fids__guard_icall_checks_enforced 0000000180019014     MSVCRT:guard_support.obj
