 landingSimulation_sfun

 Timestamp is 57514802 (Fri Jun  3 11:04:02 2016)

 Preferred load address is 0000000180000000

 Start         Length     Name                   Class
 0001:00000000 0000f620H .text$mn                CODE
 0001:0000f620 00000012H .text$mn$00             CODE
 0001:0000f632 00000081H .text$x                 CODE
 0002:00000000 000004d0H .idata$5                DATA
 0002:000004d0 00000010H .00cfg                  DATA
 0002:000004e0 00000008H .CRT$XCA                DATA
 0002:000004e8 00000008H .CRT$XCZ                DATA
 0002:000004f0 00000008H .CRT$XIA                DATA
 0002:000004f8 00000008H .CRT$XIZ                DATA
 0002:00000500 00000008H .CRT$XPA                DATA
 0002:00000508 00000008H .CRT$XPZ                DATA
 0002:00000510 00000008H .CRT$XTA                DATA
 0002:00000518 00000008H .CRT$XTZ                DATA
 0002:00000520 00000764H .rdata                  DATA
 0002:00000c84 0000022cH .rdata$zzzdbg           DATA
 0002:00000eb0 00000008H .rtc$IAA                DATA
 0002:00000eb8 00000008H .rtc$IZZ                DATA
 0002:00000ec0 00000008H .rtc$TAA                DATA
 0002:00000ec8 00000008H .rtc$TZZ                DATA
 0002:00000ed0 00000840H .xdata                  DATA
 0002:00001710 0000005cH .edata                  DATA
 0002:0000176c 000000dcH .idata$2                DATA
 0002:00001848 00000018H .idata$3                DATA
 0002:00001860 000004d0H .idata$4                DATA
 0002:00001d30 00000e4eH .idata$6                DATA
 0003:00000000 000024c0H .data                   DATA
 0003:000024c0 00000700H .bss                    DATA
 0004:00000000 000009d8H .pdata                  DATA
 0005:00000000 00000018H .gfids$y                DATA

  Address         Publics by Value              Rva+Base               Lib:Object

 0000:00000000       __dynamic_value_reloc_table 0000000000000000     <absolute>
 0000:00000000       __guard_iat_table          0000000000000000     <absolute>
 0000:00000000       ___safe_se_handler_count   0000000000000000     <absolute>
 0000:00000000       ___safe_se_handler_table   0000000000000000     <absolute>
 0000:00000000       __guard_fids_table         0000000000000000     <absolute>
 0000:00000000       __guard_iat_count          0000000000000000     <absolute>
 0000:00000000       __guard_longjmp_table      0000000000000000     <absolute>
 0000:00000000       __guard_longjmp_count      0000000000000000     <absolute>
 0000:00000000       __guard_fids_count         0000000000000000     <absolute>
 0000:00000100       __guard_flags              0000000000000100     <absolute>
 0000:00000000       __ImageBase                0000000180000000     <linker-defined>
 0001:00000000       landingSimulation_initializer 0000000180001000 f   landingSimulation_sfun.obj
 0001:00000010       landingSimulation_terminator 0000000180001010 f   landingSimulation_sfun.obj
 0001:00000020       load_landingSimulation_optimization_info 0000000180001020 f   landingSimulation_sfun.obj
 0001:000000d0       unload_landingSimulation_optimization_info 00000001800010d0 f   landingSimulation_sfun.obj
 0001:00000100       sf_landingSimulation_method_dispatcher 0000000180001100 f   landingSimulation_sfun.obj
 0001:00000150       sf_landingSimulation_process_check_sum_call 0000000180001150 f   landingSimulation_sfun.obj
 0001:00000700       sf_landingSimulation_autoinheritance_info 0000000180001700 f   landingSimulation_sfun.obj
 0001:000008e0       sf_landingSimulation_get_eml_resolved_functions_info 00000001800018e0 f   landingSimulation_sfun.obj
 0001:00000a60       sf_landingSimulation_third_party_uses_info 0000000180001a60 f   landingSimulation_sfun.obj
 0001:00000c30       sf_landingSimulation_jit_fallback_info 0000000180001c30 f   landingSimulation_sfun.obj
 0001:00000e00       sf_landingSimulation_updateBuildInfo_args_info 0000000180001e00 f   landingSimulation_sfun.obj
 0001:00000fd0       landingSimulation_debug_initialize 0000000180001fd0 f   landingSimulation_sfun.obj
 0001:00001050       landingSimulation_register_exported_symbols 0000000180002050 f   landingSimulation_sfun.obj
 0001:00001060       sf_c2_landingSimulation_get_eml_resolved_functions_info 0000000180002060 f   c2_landingSimulation.obj
 0001:000010f0       sf_c2_landingSimulation_get_check_sum 00000001800020f0 f   c2_landingSimulation.obj
 0001:000011c0       c2_landingSimulation_method_dispatcher 00000001800021c0 f   c2_landingSimulation.obj
 0001:00004b50       sf_c2_landingSimulation_get_post_codegen_info 0000000180005b50 f   c2_landingSimulation.obj
 0001:00004c20       sf_c2_landingSimulation_get_autoinheritance_info 0000000180005c20 f   c2_landingSimulation.obj
 0001:000057f0       sf_c2_landingSimulation_third_party_uses_info 00000001800067f0 f   c2_landingSimulation.obj
 0001:00005820       sf_c2_landingSimulation_jit_fallback_info 0000000180006820 f   c2_landingSimulation.obj
 0001:000059b0       sf_c2_landingSimulation_updateBuildInfo_args_info 00000001800069b0 f   c2_landingSimulation.obj
 0001:00006730       mexFunction                0000000180007730 f   landingSimulation_sfun_registry.obj
 0001:00007b00       _ssSetInputPortDirectFeedThroughFcn 0000000180008b00 f   landingSimulation_sfun_registry.obj
 0001:00007cb0       _ssGetInputPortSignalPtrsFcn 0000000180008cb0 f   landingSimulation_sfun_registry.obj
 0001:00007f80       _ssGetInputPortSignalFcn   0000000180008f80 f   landingSimulation_sfun_registry.obj
 0001:00008250       _ssSetInputPortReusableFcn 0000000180009250 f   landingSimulation_sfun_registry.obj
 0001:00008330       _ssSetOutputPortReusableFcn 0000000180009330 f   landingSimulation_sfun_registry.obj
 0001:00008410       _ssSetSymbolicDimsSupport  0000000180009410 f   landingSimulation_sfun_registry.obj
 0001:00008480       _ssRegisterSymbolicDimsExpr 0000000180009480 f   landingSimulation_sfun_registry.obj
 0001:00008500       _ssRegisterSymbolicDims    0000000180009500 f   landingSimulation_sfun_registry.obj
 0001:000085a0       _ssRegisterSymbolicDimsString 00000001800095a0 f   landingSimulation_sfun_registry.obj
 0001:00008620       _ssRegisterSymbolicDimsIntValue 0000000180009620 f   landingSimulation_sfun_registry.obj
 0001:00008690       _ssRegisterSymbolicDimsPlus 0000000180009690 f   landingSimulation_sfun_registry.obj
 0001:00008710       _ssRegisterSymbolicDimsMinus 0000000180009710 f   landingSimulation_sfun_registry.obj
 0001:00008790       _ssRegisterSymbolicDimsMultiply 0000000180009790 f   landingSimulation_sfun_registry.obj
 0001:00008810       _ssRegisterSymbolicDimsDivide 0000000180009810 f   landingSimulation_sfun_registry.obj
 0001:00008890       _ssGetNumSymbolicDims      0000000180009890 f   landingSimulation_sfun_registry.obj
 0001:00008900       _ssGetSymbolicDim          0000000180009900 f   landingSimulation_sfun_registry.obj
 0001:00008980       _ssSetInputPortSymbolicDimsId 0000000180009980 f   landingSimulation_sfun_registry.obj
 0001:000089f0       _ssGetCompInputPortSymbolicDimsId 00000001800099f0 f   landingSimulation_sfun_registry.obj
 0001:00008a60       _ssSetCompInputPortSymbolicDimsId 0000000180009a60 f   landingSimulation_sfun_registry.obj
 0001:00008ad0       _ssSetOutputPortSymbolicDimsId 0000000180009ad0 f   landingSimulation_sfun_registry.obj
 0001:00008b40       _ssGetCompOutputPortSymbolicDimsId 0000000180009b40 f   landingSimulation_sfun_registry.obj
 0001:00008bb0       _ssSetCompOutputPortSymbolicDimsId 0000000180009bb0 f   landingSimulation_sfun_registry.obj
 0001:00008c20       _ssSetCompDWorkSymbolicDimsId 0000000180009c20 f   landingSimulation_sfun_registry.obj
 0001:00008c90       ssGetIsZeroCrossControlDisabled 0000000180009c90 f   landingSimulation_sfun_registry.obj
 0001:00008d00       ssSetIsInputPortUsedForContZcSignal 0000000180009d00 f   landingSimulation_sfun_registry.obj
 0001:00008d70       ssSetZcSignalIsZcElementDisc 0000000180009d70 f   landingSimulation_sfun_registry.obj
 0001:00008e20       ssSetZcSignalName          0000000180009e20 f   landingSimulation_sfun_registry.obj
 0001:00008e90       ssSetZcSignalWidth         0000000180009e90 f   landingSimulation_sfun_registry.obj
 0001:00008f00       ssSetZcSignalZcEventType   0000000180009f00 f   landingSimulation_sfun_registry.obj
 0001:00008f70       ssSetZcSignalType          0000000180009f70 f   landingSimulation_sfun_registry.obj
 0001:00008fe0       ssSetZcSignalZcTol         0000000180009fe0 f   landingSimulation_sfun_registry.obj
 0001:00009050       ssSetZcSignalNeedsEventNotification 000000018000a050 f   landingSimulation_sfun_registry.obj
 0001:000090c0       ssCreateAndAddZcSignalInfo 000000018000a0c0 f   landingSimulation_sfun_registry.obj
 0001:00009130       ssCloneAndAddZcSignalInfo  000000018000a130 f   landingSimulation_sfun_registry.obj
 0001:000091a0       ssGetNumZcSignals          000000018000a1a0 f   landingSimulation_sfun_registry.obj
 0001:00009210       ssGetZcSignalVector        000000018000a210 f   landingSimulation_sfun_registry.obj
 0001:00009280       ssGetZcSignalName          000000018000a280 f   landingSimulation_sfun_registry.obj
 0001:000092f0       ssGetZcSignalWidth         000000018000a2f0 f   landingSimulation_sfun_registry.obj
 0001:00009360       ssGetZcSignalZcEventType   000000018000a360 f   landingSimulation_sfun_registry.obj
 0001:000093d0       ssGetZcSignalZcEvents      000000018000a3d0 f   landingSimulation_sfun_registry.obj
 0001:00009440       ssGetZcSignalType          000000018000a440 f   landingSimulation_sfun_registry.obj
 0001:000094b0       ssGetZcSignalZcTol         000000018000a4b0 f   landingSimulation_sfun_registry.obj
 0001:00009530       ssGetZcSignalNeedsEventNotification 000000018000a530 f   landingSimulation_sfun_registry.obj
 0001:000095a0       ssGetZcSignalIsZcElementDisc 000000018000a5a0 f   landingSimulation_sfun_registry.obj
 0001:00009640       ssGetIsInputPortElementContinuous 000000018000a640 f   landingSimulation_sfun_registry.obj
 0001:000096e0       ssGetDTypeIdFromMxArray    000000018000a6e0 f   landingSimulation_sfun_registry.obj
 0001:00009800       ssWriteRTWStr              000000018000a800 f   landingSimulation_sfun_registry.obj
 0001:00009860       ssWriteRTWNameValuePair    000000018000a860 f   landingSimulation_sfun_registry.obj
 0001:00009d60       ssWriteRTWParamSettings    000000018000ad60 f   landingSimulation_sfun_registry.obj
 0001:0000a450       ssWriteRTWParameters       000000018000b450 f   landingSimulation_sfun_registry.obj
 0001:0000aa10       ssWriteRTWWorkVect         000000018000ba10 f   landingSimulation_sfun_registry.obj
 0001:0000af00       ssWriteRTWMxVectParam      000000018000bf00 f   landingSimulation_sfun_registry.obj
 0001:0000af80       ssWriteRTWMx2dMatParam     000000018000bf80 f   landingSimulation_sfun_registry.obj
 0001:0000b010       _ssSetInputPortMatrixDimensions 000000018000c010 f   landingSimulation_sfun_registry.obj
 0001:0000b110       _ssSetOutputPortMatrixDimensions 000000018000c110 f   landingSimulation_sfun_registry.obj
 0001:0000b210       _ssSetInputPortVectorDimension 000000018000c210 f   landingSimulation_sfun_registry.obj
 0001:0000b2c0       _ssSetOutputPortVectorDimension 000000018000c2c0 f   landingSimulation_sfun_registry.obj
 0001:0000b370       ssIsRunTimeParamTunable    000000018000c370 f   landingSimulation_sfun_registry.obj
 0001:0000b3e0       ssGetSFuncBlockHandle      000000018000c3e0 f   landingSimulation_sfun_registry.obj
 0001:0000b450       _ssGetCurrentInputPortWidth 000000018000c450 f   landingSimulation_sfun_registry.obj
 0001:0000b570       _ssGetCurrentOutputPortWidth 000000018000c570 f   landingSimulation_sfun_registry.obj
 0001:0000b690       _ssGetCallSystemNumFcnCallDestinations 000000018000c690 f   landingSimulation_sfun_registry.obj
 0001:0000b700       ssGetParameterTuningCompliance 000000018000c700 f   landingSimulation_sfun_registry.obj
 0001:0000b770       ssWarning                  000000018000c770 f   landingSimulation_sfun_registry.obj
 0001:0000b860       _ssGetAbsTol               000000018000c860 f   landingSimulation_sfun_registry.obj
 0001:0000b8d0       _ssSetStateAbsTol          000000018000c8d0 f   landingSimulation_sfun_registry.obj
 0001:0000b9b0       sf_process_check_sum_call  000000018000c9b0 f   landingSimulation_sfun_registry.obj
 0001:0000ba00       sf_process_autoinheritance_call 000000018000ca00 f   landingSimulation_sfun_registry.obj
 0001:0000bc30       sf_process_get_third_party_uses_info_call 000000018000cc30 f   landingSimulation_sfun_registry.obj
 0001:0000be60       sf_process_get_jit_fallback_info_call 000000018000ce60 f   landingSimulation_sfun_registry.obj
 0001:0000c090       sf_process_get_updateBuildInfo_args_info_call 000000018000d090 f   landingSimulation_sfun_registry.obj
 0001:0000c2c0       sf_process_get_eml_resolved_functions_info_call 000000018000d2c0 f   landingSimulation_sfun_registry.obj
 0001:0000c4c0       sf_mex_unlock_call         000000018000d4c0 f   landingSimulation_sfun_registry.obj
 0001:0000c760       sf_machine_global_initializer_called 000000018000d760 f   landingSimulation_sfun_registry.obj
 0001:0000c790       sf_machine_global_method_dispatcher 000000018000d790 f   landingSimulation_sfun_registry.obj
 0001:0000c7f0       sf_machine_global_terminator 000000018000d7f0 f   landingSimulation_sfun_registry.obj
 0001:0000c840       sf_register_machine_exported_symbols 000000018000d840 f   landingSimulation_sfun_registry.obj
 0001:0000c860       callCustomFcn              000000018000d860 f   landingSimulation_sfun_registry.obj
 0001:0000c870       sf_machine_global_initializer 000000018000d870 f   landingSimulation_sfun_registry.obj
 0001:0000c8f0       mdlGetSimState             000000018000d8f0 f   landingSimulation_sfun_registry.obj
 0001:0000c930       mdlSetSimState             000000018000d930 f   landingSimulation_sfun_registry.obj
 0001:0000d190       ProcessMexSfunctionEveryCall 000000018000e190 f   landingSimulation_sfun_registry.obj
 0001:0000de90       __local_stdio_printf_options 000000018000ee90 f i landingSimulation_sfun_registry.obj
 0001:0000dea0       _vsnprintf_l               000000018000eea0 f i landingSimulation_sfun_registry.obj
 0001:0000df20       _vsprintf_l                000000018000ef20 f i landingSimulation_sfun_registry.obj
 0001:0000df70       sprintf                    000000018000ef70 f i landingSimulation_sfun_registry.obj
 0001:0000dfc0       sf_load_rtw_optimization_info 000000018000efc0 f   sf_runtime:sf_runtime.dll
 0001:0000dfc6       sf_debug_initialize_machine 000000018000efc6 f   sf_runtime:sf_runtime.dll
 0001:0000dfcc       sf_debug_set_machine_event_thresholds 000000018000efcc f   sf_runtime:sf_runtime.dll
 0001:0000dfd2       sf_debug_set_machine_data_thresholds 000000018000efd2 f   sf_runtime:sf_runtime.dll
 0001:0000dfd8       sf_init_ChartRunTimeInfo   000000018000efd8 f   sf_runtime:sf_runtime.dll
 0001:0000dfde       sf_free_ChartRunTimeInfo   000000018000efde f   sf_runtime:sf_runtime.dll
 0001:0000dfe4       sf_get_chart_instance_ptr  000000018000efe4 f   sf_runtime:sf_runtime.dll
 0001:0000dfea       sf_rtw_info_uint_prop      000000018000efea f   sf_runtime:sf_runtime.dll
 0001:0000dff0       sf_update_buildInfo        000000018000eff0 f   sf_runtime:sf_runtime.dll
 0001:0000dff6       sf_is_chart_inlinable      000000018000eff6 f   sf_runtime:sf_runtime.dll
 0001:0000dffc       sf_mark_chart_reusable_outputs 000000018000effc f   sf_runtime:sf_runtime.dll
 0001:0000e002       sf_mark_chart_expressionable_inputs 000000018000f002 f   sf_runtime:sf_runtime.dll
 0001:0000e008       sim_mode_is_rtw_gen        000000018000f008 f   sf_runtime:sf_runtime.dll
 0001:0000e00e       sim_mode_is_external       000000018000f00e f   sf_runtime:sf_runtime.dll
 0001:0000e014       sim_mode_is_modelref_sim   000000018000f014 f   sf_runtime:sf_runtime.dll
 0001:0000e01a       sf_clear_rtw_identifier    000000018000f01a f   sf_runtime:sf_runtime.dll
 0001:0000e020       sf_set_rtw_dwork_info      000000018000f020 f   sf_runtime:sf_runtime.dll
 0001:0000e026       sf_get_time                000000018000f026 f   sf_runtime:sf_runtime.dll
 0001:0000e02c       sf_is_first_init_cond      000000018000f02c f   sf_runtime:sf_runtime.dll
 0001:0000e032       sf_set_chart_accesses_machine_info 000000018000f032 f   sf_runtime:sf_runtime.dll
 0001:0000e038       sf_mex_error_message       000000018000f038 f   sf_runtime:sf_runtime.dll
 0001:0000e03e       sf_mex_create              000000018000f03e f   sf_runtime:sf_runtime.dll
 0001:0000e044       sf_mex_createcellmatrix    000000018000f044 f   sf_runtime:sf_runtime.dll
 0001:0000e04a       sf_mex_setcell             000000018000f04a f   sf_runtime:sf_runtime.dll
 0001:0000e050       sf_mex_getcell             000000018000f050 f   sf_runtime:sf_runtime.dll
 0001:0000e056       sf_mex_assign              000000018000f056 f   sf_runtime:sf_runtime.dll
 0001:0000e05c       sf_mex_dup                 000000018000f05c f   sf_runtime:sf_runtime.dll
 0001:0000e062       sf_mex_destroy             000000018000f062 f   sf_runtime:sf_runtime.dll
 0001:0000e068       sf_mex_import              000000018000f068 f   sf_runtime:sf_runtime.dll
 0001:0000e06e       sf_mex_decode_encoded_mx_struct_array 000000018000f06e f   sf_runtime:sf_runtime.dll
 0001:0000e074       ssGetInputPortSignal_wrapper 000000018000f074 f   sf_runtime:sf_runtime.dll
 0001:0000e07a       ssGetOutputPortSignal_wrapper 000000018000f07a f   sf_runtime:sf_runtime.dll
 0001:0000e080       sf_debug_initialize_chart  000000018000f080 f   sf_runtime:sf_runtime.dll
 0001:0000e086       sf_debug_call              000000018000f086 f   sf_runtime:sf_runtime.dll
 0001:0000e08c       eml_debug_line_call        000000018000f08c f   sf_runtime:sf_runtime.dll
 0001:0000e092       cv_eml_eval                000000018000f092 f   sf_runtime:sf_runtime.dll
 0001:0000e098       cv_eml_init_script         000000018000f098 f   sf_runtime:sf_runtime.dll
 0001:0000e09e       cv_eml_init_fcn            000000018000f09e f   sf_runtime:sf_runtime.dll
 0001:0000e0a4       cv_script_eval             000000018000f0a4 f   sf_runtime:sf_runtime.dll
 0001:0000e0aa       cv_script_init_script      000000018000f0aa f   sf_runtime:sf_runtime.dll
 0001:0000e0b0       cv_script_init_fcn         000000018000f0b0 f   sf_runtime:sf_runtime.dll
 0001:0000e0b6       sf_debug_reset_current_state_configuration 000000018000f0b6 f   sf_runtime:sf_runtime.dll
 0001:0000e0bc       sf_debug_check_for_state_inconsistency 000000018000f0bc f   sf_runtime:sf_runtime.dll
 0001:0000e0c2       sf_debug_set_chart_data_props 000000018000f0c2 f   sf_runtime:sf_runtime.dll
 0001:0000e0c8       sf_debug_set_chart_data_compiled_props 000000018000f0c8 f   sf_runtime:sf_runtime.dll
 0001:0000e0ce       sf_debug_symbol_scope_push 000000018000f0ce f   sf_runtime:sf_runtime.dll
 0001:0000e0d4       sf_debug_symbol_scope_push_eml 000000018000f0d4 f   sf_runtime:sf_runtime.dll
 0001:0000e0da       sf_debug_symbol_scope_pop  000000018000f0da f   sf_runtime:sf_runtime.dll
 0001:0000e0e0       sf_debug_symbol_scope_add_eml 000000018000f0e0 f   sf_runtime:sf_runtime.dll
 0001:0000e0e6       sf_debug_symbol_scope_add_eml_importable 000000018000f0e6 f   sf_runtime:sf_runtime.dll
 0001:0000e0ec       sf_debug_set_instance_data_value_ptr 000000018000f0ec f   sf_runtime:sf_runtime.dll
 0001:0000e0f2       sf_debug_set_chart_disable_implicit_casting 000000018000f0f2 f   sf_runtime:sf_runtime.dll
 0001:0000e0f8       sf_debug_set_chart_event_thresholds 000000018000f0f8 f   sf_runtime:sf_runtime.dll
 0001:0000e0fe       sf_debug_set_chart_state_info 000000018000f0fe f   sf_runtime:sf_runtime.dll
 0001:0000e104       sf_debug_set_chart_decomposition 000000018000f104 f   sf_runtime:sf_runtime.dll
 0001:0000e10a       sf_debug_set_chart_substate_count 000000018000f10a f   sf_runtime:sf_runtime.dll
 0001:0000e110       sf_debug_data_range_wrapper 000000018000f110 f   sf_runtime:sf_runtime.dll
 0001:0000e116       sf_debug_cv_init_trans     000000018000f116 f   sf_runtime:sf_runtime.dll
 0001:0000e11c       sf_debug_cv_init_chart     000000018000f11c f   sf_runtime:sf_runtime.dll
 0001:0000e122       sf_debug_cv_init_state     000000018000f122 f   sf_runtime:sf_runtime.dll
 0001:0000e128       sf_debug_get_script_id     000000018000f128 f   sf_runtime:sf_runtime.dll
 0001:0000e12e       sf_debug_set_script_translation 000000018000f12e f   sf_runtime:sf_runtime.dll
 0001:0000e134       sf_get_ChartInfoStruct_CodeGen 000000018000f134 f   sf_runtime:sf_runtime.dll
 0001:0000e13a       sf_get_isEnhancedMooreMachine 000000018000f13a f   sf_runtime:sf_runtime.dll
 0001:0000e140       sf_set_compiledInfo        000000018000f140 f   sf_runtime:sf_runtime.dll
 0001:0000e146       callMdlMethodAndReportError 000000018000f146 f   sf_runtime:sf_runtime.dll
 0001:0000e14c       call_sf_machine_global_method_dispatcher 000000018000f14c f   sf_runtime:sf_runtime.dll
 0001:0000e152       sf_mex_error_direct_call   000000018000f152 f   sf_runtime:sf_runtime.dll
 0001:0000e158       sf_clear_error_manager_info 000000018000f158 f   sf_runtime:sf_runtime.dll
 0001:0000e15e       sf_debug_create_debug_instance_struct 000000018000f15e f   sf_runtime:sf_runtime.dll
 0001:0000e164       sf_debug_terminate         000000018000f164 f   sf_runtime:sf_runtime.dll
 0001:0000e16a       sf_debug_api               000000018000f16a f   sf_runtime:sf_runtime.dll
 0001:0000e170       mxIsChar                   000000018000f170 f   libmx:libmx.dll
 0001:0000e176       mxGetPr                    000000018000f176 f   libmx:libmx.dll
 0001:0000e17c       mxGetScalar                000000018000f17c f   libmx:libmx.dll
 0001:0000e182       mxDestroyArray             000000018000f182 f   libmx:libmx.dll
 0001:0000e188       mxCreateDoubleMatrix_730   000000018000f188 f   libmx:libmx.dll
 0001:0000e18e       mxGetString_730            000000018000f18e f   libmx:libmx.dll
 0001:0000e194       mxDuplicateArray           000000018000f194 f   libmx:libmx.dll
 0001:0000e19a       mxSetField_730             000000018000f19a f   libmx:libmx.dll
 0001:0000e1a0       mxCreateDoubleScalar       000000018000f1a0 f   libmx:libmx.dll
 0001:0000e1a6       mxCreateString             000000018000f1a6 f   libmx:libmx.dll
 0001:0000e1ac       mxCreateCellMatrix_730     000000018000f1ac f   libmx:libmx.dll
 0001:0000e1b2       mxCreateCellArray_730      000000018000f1b2 f   libmx:libmx.dll
 0001:0000e1b8       mxCreateStructMatrix_730   000000018000f1b8 f   libmx:libmx.dll
 0001:0000e1be       mxCreateStructArray_730    000000018000f1be f   libmx:libmx.dll
 0001:0000e1c4       mxCalloc                   000000018000f1c4 f   libmx:libmx.dll
 0001:0000e1ca       mxGetM                     000000018000f1ca f   libmx:libmx.dll
 0001:0000e1d0       mxGetClassID               000000018000f1d0 f   libmx:libmx.dll
 0001:0000e1d6       mxIsNumeric                000000018000f1d6 f   libmx:libmx.dll
 0001:0000e1dc       mxIsComplex                000000018000f1dc f   libmx:libmx.dll
 0001:0000e1e2       mxGetN                     000000018000f1e2 f   libmx:libmx.dll
 0001:0000e1e8       mexMakeArrayPersistent     000000018000f1e8 f   libmex:libmex.dll
 0001:0000e1ee       mexErrMsgTxt               000000018000f1ee f   libmex:libmex.dll
 0001:0000e1f4       mexWarnMsgTxt              000000018000f1f4 f   libmex:libmex.dll
 0001:0000e1fa       mexCallMATLABWithObject    000000018000f1fa f   libmex:libmex.dll
 0001:0000e200       mexLock                    000000018000f200 f   libmex:libmex.dll
 0001:0000e206       mexUnlock                  000000018000f206 f   libmex:libmex.dll
 0001:0000e20c       mexIsLocked                000000018000f20c f   libmex:libmex.dll
 0001:0000e212       utMalloc                   000000018000f212 f   libut:libut.dll
 0001:0000e218       utFree                     000000018000f218 f   libut:libut.dll
 0001:0000e21e       emlrtNameCaptureMxArrayR2016a 000000018000f21e f   libemlrt:libemlrt.dll
 0001:0000e224       __raise_securityfailure    000000018000f224 f   MSVCRT:gs_report.obj
 0001:0000e258       __report_gsfailure         000000018000f258 f   MSVCRT:gs_report.obj
 0001:0000e32c       __report_rangecheckfailure 000000018000f32c f   MSVCRT:gs_report.obj
 0001:0000e340       __report_securityfailure   000000018000f340 f   MSVCRT:gs_report.obj
 0001:0000e3dc       __report_securityfailureEx 000000018000f3dc f   MSVCRT:gs_report.obj
 0001:0000e5d0       __GSHandlerCheck           000000018000f5d0 f   MSVCRT:_gshandler_.obj
 0001:0000e5f0       __GSHandlerCheckCommon     000000018000f5f0 f   MSVCRT:_gshandler_.obj
 0001:0000e660       __security_check_cookie    000000018000f660 f   MSVCRT:_amdsecgs_.obj
 0001:0000e9f4       _CRT_INIT                  000000018000f9f4 f   MSVCRT:dll_dllmain.obj
 0001:0000e9fc       _DllMainCRTStartup         000000018000f9fc f   MSVCRT:dll_dllmain.obj
 0001:0000ea3c       ??$__crt_fast_decode_pointer@PEAP6AXXZ@@YAPEAP6AXXZQEAP6AXXZ@Z 000000018000fa3c f i MSVCRT:utility.obj
 0001:0000ea54       ??$__crt_fast_encode_pointer@PEAP6AXXZ@@YAPEAP6AXXZQEAP6AXXZ@Z 000000018000fa54 f i MSVCRT:utility.obj
 0001:0000ea74       ?__crt_rotate_pointer_value@@YA_K_KH@Z 000000018000fa74 f i MSVCRT:utility.obj
 0001:0000ea80       ?configure_argv@__scrt_narrow_argv_policy@@SAHXZ 000000018000fa80 f i MSVCRT:utility.obj
 0001:0000eb10       NtCurrentTeb               000000018000fb10 f i MSVCRT:utility.obj
 0001:0000eb1c       __scrt_acquire_startup_lock 000000018000fb1c f   MSVCRT:utility.obj
 0001:0000eb58       __scrt_dllmain_after_initialize_c 000000018000fb58 f   MSVCRT:utility.obj
 0001:0000eb8c       __scrt_dllmain_before_initialize_c 000000018000fb8c f   MSVCRT:utility.obj
 0001:0000eba4       __scrt_dllmain_crt_thread_attach 000000018000fba4 f   MSVCRT:utility.obj
 0001:0000ebcc       __scrt_dllmain_crt_thread_detach 000000018000fbcc f   MSVCRT:utility.obj
 0001:0000ebe4       __scrt_dllmain_exception_filter 000000018000fbe4 f   MSVCRT:utility.obj
 0001:0000ec48       __scrt_dllmain_uninitialize_c 000000018000fc48 f   MSVCRT:utility.obj
 0001:0000ec78       __scrt_dllmain_uninitialize_critical 000000018000fc78 f   MSVCRT:utility.obj
 0001:0000ec8c       __scrt_initialize_crt      000000018000fc8c f   MSVCRT:utility.obj
 0001:0000ecd8       __scrt_initialize_onexit_tables 000000018000fcd8 f   MSVCRT:utility.obj
 0001:0000eda4       __scrt_is_nonwritable_in_current_image 000000018000fda4 f   MSVCRT:utility.obj
 0001:0000ee40       __scrt_release_startup_lock 000000018000fe40 f   MSVCRT:utility.obj
 0001:0000ee64       __scrt_uninitialize_crt    000000018000fe64 f   MSVCRT:utility.obj
 0001:0000ee90       _onexit                    000000018000fe90 f   MSVCRT:utility.obj
 0001:0000eee0       at_quick_exit              000000018000fee0 f   MSVCRT:utility.obj
 0001:0000ef18       atexit                     000000018000ff18 f   MSVCRT:utility.obj
 0001:0000ef30       __security_init_cookie     000000018000ff30 f   MSVCRT:gs_support.obj
 0001:0000efdc       DllMain                    000000018000ffdc f   MSVCRT:dll_dllmain_stub.obj
 0001:0000f000       ?__scrt_initialize_type_info@@YAXXZ 0000000180010000 f   MSVCRT:tncleanup.obj
 0001:0000f010       ?__scrt_uninitialize_type_info@@YAXXZ 0000000180010010 f   MSVCRT:tncleanup.obj
 0001:0000f01c       __local_stdio_scanf_options 000000018001001c f i MSVCRT:default_local_stdio_options.obj
 0001:0000f024       __scrt_initialize_default_local_stdio_options 0000000180010024 f   MSVCRT:default_local_stdio_options.obj
 0001:0000f040       __scrt_get_dyn_tls_init_callback 0000000180010040 f   MSVCRT:dyn_tls_init.obj
 0001:0000f048       __crt_debugger_hook        0000000180010048 f   MSVCRT:utility_desktop.obj
 0001:0000f050       __scrt_fastfail            0000000180010050 f   MSVCRT:utility_desktop.obj
 0001:0000f198       __scrt_get_show_window_mode 0000000180010198 f   MSVCRT:utility_desktop.obj
 0001:0000f1d4       __scrt_initialize_winrt    00000001800101d4 f   MSVCRT:utility_desktop.obj
 0001:0000f1d8       __scrt_is_managed_app      00000001800101d8 f   MSVCRT:utility_desktop.obj
 0001:0000f22c       __scrt_set_unhandled_exception_filter 000000018001022c f   MSVCRT:utility_desktop.obj
 0001:0000f23c       __scrt_unhandled_exception_filter 000000018001023c f   MSVCRT:utility_desktop.obj
 0001:0000f274       _RTC_Initialize            0000000180010274 f   MSVCRT:_initsect_.obj
 0001:0000f2c0       _RTC_Terminate             00000001800102c0 f   MSVCRT:_initsect_.obj
 0001:0000f30c       _guard_check_icall         000000018001030c f i MSVCRT:checkcfg.obj
 0001:0000f314       __isa_available_init       0000000180010314 f   MSVCRT:_cpu_disp_.obj
 0001:0000f4d8       _get_startup_argv_mode     00000001800104d8 f   MSVCRT:argv_mode.obj
 0001:0000f4e0       __scrt_is_ucrt_dll_in_use  00000001800104e0 f   MSVCRT:ucrt_detection.obj
 0001:0000f4ec       _guard_check_icall_nop     00000001800104ec f i MSVCRT:guard_support.obj
 0001:0000f4f0       _guard_icall_checks_enforced 00000001800104f0 f i MSVCRT:guard_support.obj
 0001:0000f510       RtlCaptureContext          0000000180010510 f   kernel32:KERNEL32.dll
 0001:0000f516       RtlLookupFunctionEntry     0000000180010516 f   kernel32:KERNEL32.dll
 0001:0000f51c       RtlVirtualUnwind           000000018001051c f   kernel32:KERNEL32.dll
 0001:0000f522       UnhandledExceptionFilter   0000000180010522 f   kernel32:KERNEL32.dll
 0001:0000f528       SetUnhandledExceptionFilter 0000000180010528 f   kernel32:KERNEL32.dll
 0001:0000f52e       GetCurrentProcess          000000018001052e f   kernel32:KERNEL32.dll
 0001:0000f534       TerminateProcess           0000000180010534 f   kernel32:KERNEL32.dll
 0001:0000f53a       IsProcessorFeaturePresent  000000018001053a f   kernel32:KERNEL32.dll
 0001:0000f540       QueryPerformanceCounter    0000000180010540 f   kernel32:KERNEL32.dll
 0001:0000f546       GetCurrentProcessId        0000000180010546 f   kernel32:KERNEL32.dll
 0001:0000f54c       GetCurrentThreadId         000000018001054c f   kernel32:KERNEL32.dll
 0001:0000f552       GetSystemTimeAsFileTime    0000000180010552 f   kernel32:KERNEL32.dll
 0001:0000f558       DisableThreadLibraryCalls  0000000180010558 f   kernel32:KERNEL32.dll
 0001:0000f55e       InitializeSListHead        000000018001055e f   kernel32:KERNEL32.dll
 0001:0000f564       IsDebuggerPresent          0000000180010564 f   kernel32:KERNEL32.dll
 0001:0000f56a       GetStartupInfoW            000000018001056a f   kernel32:KERNEL32.dll
 0001:0000f570       GetModuleHandleW           0000000180010570 f   kernel32:KERNEL32.dll
 0001:0000f576       memset                     0000000180010576 f   vcruntime:VCRUNTIME140.dll
 0001:0000f57c       memcpy                     000000018001057c f   vcruntime:VCRUNTIME140.dll
 0001:0000f582       __telemetry_main_invoke_trigger 0000000180010582 f   vcruntime:VCRUNTIME140.dll
 0001:0000f588       __telemetry_main_return_trigger 0000000180010588 f   vcruntime:VCRUNTIME140.dll
 0001:0000f58e       __C_specific_handler       000000018001058e f   vcruntime:VCRUNTIME140.dll
 0001:0000f594       __std_type_info_destroy_list 0000000180010594 f   vcruntime:VCRUNTIME140.dll
 0001:0000f59a       strcmp                     000000018001059a f   ucrt:api-ms-win-crt-string-l1-1-0.dll
 0001:0000f5a0       strcat                     00000001800105a0 f   ucrt:api-ms-win-crt-string-l1-1-0.dll
 0001:0000f5a6       strlen                     00000001800105a6 f   ucrt:api-ms-win-crt-string-l1-1-0.dll
 0001:0000f5ac       __stdio_common_vsprintf    00000001800105ac f   ucrt:api-ms-win-crt-stdio-l1-1-0.dll
 0001:0000f5b2       free                       00000001800105b2 f   ucrt:api-ms-win-crt-heap-l1-1-0.dll
 0001:0000f5b8       malloc                     00000001800105b8 f   ucrt:api-ms-win-crt-heap-l1-1-0.dll
 0001:0000f5be       _initterm                  00000001800105be f   ucrt:api-ms-win-crt-runtime-l1-1-0.dll
 0001:0000f5c4       _initterm_e                00000001800105c4 f   ucrt:api-ms-win-crt-runtime-l1-1-0.dll
 0001:0000f5ca       _seh_filter_dll            00000001800105ca f   ucrt:api-ms-win-crt-runtime-l1-1-0.dll
 0001:0000f5d0       _configure_narrow_argv     00000001800105d0 f   ucrt:api-ms-win-crt-runtime-l1-1-0.dll
 0001:0000f5d6       _initialize_narrow_environment 00000001800105d6 f   ucrt:api-ms-win-crt-runtime-l1-1-0.dll
 0001:0000f5dc       _initialize_onexit_table   00000001800105dc f   ucrt:api-ms-win-crt-runtime-l1-1-0.dll
 0001:0000f5e2       _register_onexit_function  00000001800105e2 f   ucrt:api-ms-win-crt-runtime-l1-1-0.dll
 0001:0000f5e8       _execute_onexit_table      00000001800105e8 f   ucrt:api-ms-win-crt-runtime-l1-1-0.dll
 0001:0000f5ee       _crt_atexit                00000001800105ee f   ucrt:api-ms-win-crt-runtime-l1-1-0.dll
 0001:0000f5f4       _crt_at_quick_exit         00000001800105f4 f   ucrt:api-ms-win-crt-runtime-l1-1-0.dll
 0001:0000f5fa       _cexit                     00000001800105fa f   ucrt:api-ms-win-crt-runtime-l1-1-0.dll
 0001:0000f600       terminate                  0000000180010600 f   ucrt:api-ms-win-crt-runtime-l1-1-0.dll
 0001:0000f608       __scrt_stub_for_acrt_initialize 0000000180010608 f   MSVCRT:ucrt_stubs.obj
 0001:0000f608       __vcrt_initialize          0000000180010608 f   MSVCRT:ucrt_stubs.obj
 0001:0000f608       __acrt_initialize          0000000180010608 f   MSVCRT:ucrt_stubs.obj
 0001:0000f60c       __acrt_thread_attach       000000018001060c f   MSVCRT:ucrt_stubs.obj
 0001:0000f60c       __vcrt_thread_attach       000000018001060c f   MSVCRT:ucrt_stubs.obj
 0001:0000f60c       __scrt_stub_for_acrt_thread_attach 000000018001060c f   MSVCRT:ucrt_stubs.obj
 0001:0000f610       __scrt_stub_for_acrt_thread_detach 0000000180010610 f   MSVCRT:ucrt_stubs.obj
 0001:0000f610       __acrt_thread_detach       0000000180010610 f   MSVCRT:ucrt_stubs.obj
 0001:0000f610       __vcrt_thread_detach       0000000180010610 f   MSVCRT:ucrt_stubs.obj
 0001:0000f614       __vcrt_uninitialize        0000000180010614 f   MSVCRT:ucrt_stubs.obj
 0001:0000f614       __scrt_stub_for_acrt_uninitialize 0000000180010614 f   MSVCRT:ucrt_stubs.obj
 0001:0000f614       __acrt_uninitialize        0000000180010614 f   MSVCRT:ucrt_stubs.obj
 0001:0000f618       __vcrt_uninitialize_critical 0000000180010618 f   MSVCRT:ucrt_stubs.obj
 0001:0000f618       __acrt_uninitialize_critical 0000000180010618 f   MSVCRT:ucrt_stubs.obj
 0001:0000f618       __scrt_stub_for_acrt_uninitialize_critical 0000000180010618 f   MSVCRT:ucrt_stubs.obj
 0001:0000f61c       _is_c_termination_complete 000000018001061c f   MSVCRT:ucrt_stubs.obj
 0001:0000f61c       __scrt_stub_for_is_c_termination_complete 000000018001061c f   MSVCRT:ucrt_stubs.obj
 0001:0000f630       _guard_dispatch_icall_nop  0000000180010630 f   MSVCRT:_guard_dispatch_.obj
 0002:00000000       __imp_SetUnhandledExceptionFilter 0000000180011000     kernel32:KERNEL32.dll
 0002:00000008       __imp_IsProcessorFeaturePresent 0000000180011008     kernel32:KERNEL32.dll
 0002:00000010       __imp_RtlCaptureContext    0000000180011010     kernel32:KERNEL32.dll
 0002:00000018       __imp_RtlLookupFunctionEntry 0000000180011018     kernel32:KERNEL32.dll
 0002:00000020       __imp_QueryPerformanceCounter 0000000180011020     kernel32:KERNEL32.dll
 0002:00000028       __imp_GetCurrentProcessId  0000000180011028     kernel32:KERNEL32.dll
 0002:00000030       __imp_GetCurrentThreadId   0000000180011030     kernel32:KERNEL32.dll
 0002:00000038       __imp_GetSystemTimeAsFileTime 0000000180011038     kernel32:KERNEL32.dll
 0002:00000040       __imp_DisableThreadLibraryCalls 0000000180011040     kernel32:KERNEL32.dll
 0002:00000048       __imp_InitializeSListHead  0000000180011048     kernel32:KERNEL32.dll
 0002:00000050       __imp_IsDebuggerPresent    0000000180011050     kernel32:KERNEL32.dll
 0002:00000058       __imp_GetStartupInfoW      0000000180011058     kernel32:KERNEL32.dll
 0002:00000060       __imp_GetModuleHandleW     0000000180011060     kernel32:KERNEL32.dll
 0002:00000068       __imp_GetCurrentProcess    0000000180011068     kernel32:KERNEL32.dll
 0002:00000070       __imp_TerminateProcess     0000000180011070     kernel32:KERNEL32.dll
 0002:00000078       __imp_UnhandledExceptionFilter 0000000180011078     kernel32:KERNEL32.dll
 0002:00000080       __imp_RtlVirtualUnwind     0000000180011080     kernel32:KERNEL32.dll
 0002:00000088       \177KERNEL32_NULL_THUNK_DATA 0000000180011088     kernel32:KERNEL32.dll
 0002:00000090       __imp_memset               0000000180011090     vcruntime:VCRUNTIME140.dll
 0002:00000098       __imp___telemetry_main_invoke_trigger 0000000180011098     vcruntime:VCRUNTIME140.dll
 0002:000000a0       __imp___telemetry_main_return_trigger 00000001800110a0     vcruntime:VCRUNTIME140.dll
 0002:000000a8       __imp___C_specific_handler 00000001800110a8     vcruntime:VCRUNTIME140.dll
 0002:000000b0       __imp___std_type_info_destroy_list 00000001800110b0     vcruntime:VCRUNTIME140.dll
 0002:000000b8       __imp_memcpy               00000001800110b8     vcruntime:VCRUNTIME140.dll
 0002:000000c0       \177VCRUNTIME140_NULL_THUNK_DATA 00000001800110c0     vcruntime:VCRUNTIME140.dll
 0002:000000c8       __imp_malloc               00000001800110c8     ucrt:api-ms-win-crt-heap-l1-1-0.dll
 0002:000000d0       __imp_free                 00000001800110d0     ucrt:api-ms-win-crt-heap-l1-1-0.dll
 0002:000000d8       \177api-ms-win-crt-heap-l1-1-0_NULL_THUNK_DATA 00000001800110d8     ucrt:api-ms-win-crt-heap-l1-1-0.dll
 0002:000000e0       __imp__initterm_e          00000001800110e0     ucrt:api-ms-win-crt-runtime-l1-1-0.dll
 0002:000000e8       __imp__configure_narrow_argv 00000001800110e8     ucrt:api-ms-win-crt-runtime-l1-1-0.dll
 0002:000000f0       __imp__initialize_narrow_environment 00000001800110f0     ucrt:api-ms-win-crt-runtime-l1-1-0.dll
 0002:000000f8       __imp__initialize_onexit_table 00000001800110f8     ucrt:api-ms-win-crt-runtime-l1-1-0.dll
 0002:00000100       __imp__register_onexit_function 0000000180011100     ucrt:api-ms-win-crt-runtime-l1-1-0.dll
 0002:00000108       __imp__execute_onexit_table 0000000180011108     ucrt:api-ms-win-crt-runtime-l1-1-0.dll
 0002:00000110       __imp__crt_atexit          0000000180011110     ucrt:api-ms-win-crt-runtime-l1-1-0.dll
 0002:00000118       __imp__crt_at_quick_exit   0000000180011118     ucrt:api-ms-win-crt-runtime-l1-1-0.dll
 0002:00000120       __imp__cexit               0000000180011120     ucrt:api-ms-win-crt-runtime-l1-1-0.dll
 0002:00000128       __imp_terminate            0000000180011128     ucrt:api-ms-win-crt-runtime-l1-1-0.dll
 0002:00000130       __imp__initterm            0000000180011130     ucrt:api-ms-win-crt-runtime-l1-1-0.dll
 0002:00000138       __imp__seh_filter_dll      0000000180011138     ucrt:api-ms-win-crt-runtime-l1-1-0.dll
 0002:00000140       \177api-ms-win-crt-runtime-l1-1-0_NULL_THUNK_DATA 0000000180011140     ucrt:api-ms-win-crt-runtime-l1-1-0.dll
 0002:00000148       __imp___stdio_common_vsprintf 0000000180011148     ucrt:api-ms-win-crt-stdio-l1-1-0.dll
 0002:00000150       \177api-ms-win-crt-stdio-l1-1-0_NULL_THUNK_DATA 0000000180011150     ucrt:api-ms-win-crt-stdio-l1-1-0.dll
 0002:00000158       __imp_strlen               0000000180011158     ucrt:api-ms-win-crt-string-l1-1-0.dll
 0002:00000160       __imp_strcat               0000000180011160     ucrt:api-ms-win-crt-string-l1-1-0.dll
 0002:00000168       __imp_strcmp               0000000180011168     ucrt:api-ms-win-crt-string-l1-1-0.dll
 0002:00000170       \177api-ms-win-crt-string-l1-1-0_NULL_THUNK_DATA 0000000180011170     ucrt:api-ms-win-crt-string-l1-1-0.dll
 0002:00000178       __imp_emlrtNameCaptureMxArrayR2016a 0000000180011178     libemlrt:libemlrt.dll
 0002:00000180       \177libemlrt_NULL_THUNK_DATA 0000000180011180     libemlrt:libemlrt.dll
 0002:00000188       __imp_mexIsLocked          0000000180011188     libmex:libmex.dll
 0002:00000190       __imp_mexUnlock            0000000180011190     libmex:libmex.dll
 0002:00000198       __imp_mexLock              0000000180011198     libmex:libmex.dll
 0002:000001a0       __imp_mexCallMATLABWithObject 00000001800111a0     libmex:libmex.dll
 0002:000001a8       __imp_mexWarnMsgTxt        00000001800111a8     libmex:libmex.dll
 0002:000001b0       __imp_mexErrMsgTxt         00000001800111b0     libmex:libmex.dll
 0002:000001b8       __imp_mexMakeArrayPersistent 00000001800111b8     libmex:libmex.dll
 0002:000001c0       \177libmex_NULL_THUNK_DATA 00000001800111c0     libmex:libmex.dll
 0002:000001c8       __imp_mxGetN               00000001800111c8     libmx:libmx.dll
 0002:000001d0       __imp_mxIsComplex          00000001800111d0     libmx:libmx.dll
 0002:000001d8       __imp_mxIsNumeric          00000001800111d8     libmx:libmx.dll
 0002:000001e0       __imp_mxGetClassID         00000001800111e0     libmx:libmx.dll
 0002:000001e8       __imp_mxGetM               00000001800111e8     libmx:libmx.dll
 0002:000001f0       __imp_mxCalloc             00000001800111f0     libmx:libmx.dll
 0002:000001f8       __imp_mxCreateStructArray_730 00000001800111f8     libmx:libmx.dll
 0002:00000200       __imp_mxCreateStructMatrix_730 0000000180011200     libmx:libmx.dll
 0002:00000208       __imp_mxCreateCellArray_730 0000000180011208     libmx:libmx.dll
 0002:00000210       __imp_mxCreateCellMatrix_730 0000000180011210     libmx:libmx.dll
 0002:00000218       __imp_mxCreateString       0000000180011218     libmx:libmx.dll
 0002:00000220       __imp_mxCreateDoubleScalar 0000000180011220     libmx:libmx.dll
 0002:00000228       __imp_mxSetField_730       0000000180011228     libmx:libmx.dll
 0002:00000230       __imp_mxDuplicateArray     0000000180011230     libmx:libmx.dll
 0002:00000238       __imp_mxGetString_730      0000000180011238     libmx:libmx.dll
 0002:00000240       __imp_mxIsChar             0000000180011240     libmx:libmx.dll
 0002:00000248       __imp_mxGetPr              0000000180011248     libmx:libmx.dll
 0002:00000250       __imp_mxGetScalar          0000000180011250     libmx:libmx.dll
 0002:00000258       __imp_mxDestroyArray       0000000180011258     libmx:libmx.dll
 0002:00000260       __imp_mxCreateDoubleMatrix_730 0000000180011260     libmx:libmx.dll
 0002:00000268       \177libmx_NULL_THUNK_DATA  0000000180011268     libmx:libmx.dll
 0002:00000270       __imp_utMalloc             0000000180011270     libut:libut.dll
 0002:00000278       __imp_utFree               0000000180011278     libut:libut.dll
 0002:00000280       \177libut_NULL_THUNK_DATA  0000000180011280     libut:libut.dll
 0002:00000288       __imp_sf_debug_create_debug_instance_struct 0000000180011288     sf_runtime:sf_runtime.dll
 0002:00000290       __imp_sf_clear_error_manager_info 0000000180011290     sf_runtime:sf_runtime.dll
 0002:00000298       __imp_sf_mex_error_direct_call 0000000180011298     sf_runtime:sf_runtime.dll
 0002:000002a0       __imp_call_sf_machine_global_method_dispatcher 00000001800112a0     sf_runtime:sf_runtime.dll
 0002:000002a8       __imp_callMdlMethodAndReportError 00000001800112a8     sf_runtime:sf_runtime.dll
 0002:000002b0       __imp_sf_set_compiledInfo  00000001800112b0     sf_runtime:sf_runtime.dll
 0002:000002b8       __imp_sf_get_isEnhancedMooreMachine 00000001800112b8     sf_runtime:sf_runtime.dll
 0002:000002c0       __imp_sf_get_ChartInfoStruct_CodeGen 00000001800112c0     sf_runtime:sf_runtime.dll
 0002:000002c8       __imp_sf_debug_set_script_translation 00000001800112c8     sf_runtime:sf_runtime.dll
 0002:000002d0       __imp_sf_debug_get_script_id 00000001800112d0     sf_runtime:sf_runtime.dll
 0002:000002d8       __imp_sf_debug_terminate   00000001800112d8     sf_runtime:sf_runtime.dll
 0002:000002e0       __imp_sf_debug_cv_init_chart 00000001800112e0     sf_runtime:sf_runtime.dll
 0002:000002e8       __imp_sf_debug_cv_init_trans 00000001800112e8     sf_runtime:sf_runtime.dll
 0002:000002f0       __imp_sf_debug_data_range_wrapper 00000001800112f0     sf_runtime:sf_runtime.dll
 0002:000002f8       __imp_sf_debug_set_chart_substate_count 00000001800112f8     sf_runtime:sf_runtime.dll
 0002:00000300       __imp_sf_debug_set_chart_decomposition 0000000180011300     sf_runtime:sf_runtime.dll
 0002:00000308       __imp_sf_debug_set_chart_state_info 0000000180011308     sf_runtime:sf_runtime.dll
 0002:00000310       __imp_sf_debug_set_chart_event_thresholds 0000000180011310     sf_runtime:sf_runtime.dll
 0002:00000318       __imp_sf_debug_set_chart_disable_implicit_casting 0000000180011318     sf_runtime:sf_runtime.dll
 0002:00000320       __imp_sf_debug_set_instance_data_value_ptr 0000000180011320     sf_runtime:sf_runtime.dll
 0002:00000328       __imp_sf_debug_symbol_scope_add_eml_importable 0000000180011328     sf_runtime:sf_runtime.dll
 0002:00000330       __imp_sf_debug_api         0000000180011330     sf_runtime:sf_runtime.dll
 0002:00000338       __imp_sf_debug_cv_init_state 0000000180011338     sf_runtime:sf_runtime.dll
 0002:00000340       __imp_sf_debug_symbol_scope_add_eml 0000000180011340     sf_runtime:sf_runtime.dll
 0002:00000348       __imp_sf_debug_symbol_scope_pop 0000000180011348     sf_runtime:sf_runtime.dll
 0002:00000350       __imp_sf_debug_symbol_scope_push_eml 0000000180011350     sf_runtime:sf_runtime.dll
 0002:00000358       __imp_sf_debug_symbol_scope_push 0000000180011358     sf_runtime:sf_runtime.dll
 0002:00000360       __imp_sf_debug_set_chart_data_compiled_props 0000000180011360     sf_runtime:sf_runtime.dll
 0002:00000368       __imp_sf_debug_set_chart_data_props 0000000180011368     sf_runtime:sf_runtime.dll
 0002:00000370       __imp_sf_debug_check_for_state_inconsistency 0000000180011370     sf_runtime:sf_runtime.dll
 0002:00000378       __imp_sf_debug_reset_current_state_configuration 0000000180011378     sf_runtime:sf_runtime.dll
 0002:00000380       __imp_cv_script_init_fcn   0000000180011380     sf_runtime:sf_runtime.dll
 0002:00000388       __imp_cv_script_init_script 0000000180011388     sf_runtime:sf_runtime.dll
 0002:00000390       __imp_cv_script_eval       0000000180011390     sf_runtime:sf_runtime.dll
 0002:00000398       __imp_cv_eml_init_fcn      0000000180011398     sf_runtime:sf_runtime.dll
 0002:000003a0       __imp_cv_eml_init_script   00000001800113a0     sf_runtime:sf_runtime.dll
 0002:000003a8       __imp_cv_eml_eval          00000001800113a8     sf_runtime:sf_runtime.dll
 0002:000003b0       __imp_eml_debug_line_call  00000001800113b0     sf_runtime:sf_runtime.dll
 0002:000003b8       __imp_sf_debug_call        00000001800113b8     sf_runtime:sf_runtime.dll
 0002:000003c0       __imp_sf_debug_initialize_chart 00000001800113c0     sf_runtime:sf_runtime.dll
 0002:000003c8       __imp_ssGetOutputPortSignal_wrapper 00000001800113c8     sf_runtime:sf_runtime.dll
 0002:000003d0       __imp_ssGetInputPortSignal_wrapper 00000001800113d0     sf_runtime:sf_runtime.dll
 0002:000003d8       __imp_sf_mex_decode_encoded_mx_struct_array 00000001800113d8     sf_runtime:sf_runtime.dll
 0002:000003e0       __imp_sf_mex_import        00000001800113e0     sf_runtime:sf_runtime.dll
 0002:000003e8       __imp_sf_mex_destroy       00000001800113e8     sf_runtime:sf_runtime.dll
 0002:000003f0       __imp_sf_mex_dup           00000001800113f0     sf_runtime:sf_runtime.dll
 0002:000003f8       __imp_sf_mex_assign        00000001800113f8     sf_runtime:sf_runtime.dll
 0002:00000400       __imp_sf_mex_getcell       0000000180011400     sf_runtime:sf_runtime.dll
 0002:00000408       __imp_sf_mex_setcell       0000000180011408     sf_runtime:sf_runtime.dll
 0002:00000410       __imp_sf_mex_createcellmatrix 0000000180011410     sf_runtime:sf_runtime.dll
 0002:00000418       __imp_sf_mex_create        0000000180011418     sf_runtime:sf_runtime.dll
 0002:00000420       __imp_sf_mex_error_message 0000000180011420     sf_runtime:sf_runtime.dll
 0002:00000428       __imp_sf_set_chart_accesses_machine_info 0000000180011428     sf_runtime:sf_runtime.dll
 0002:00000430       __imp_sf_is_first_init_cond 0000000180011430     sf_runtime:sf_runtime.dll
 0002:00000438       __imp_sf_get_time          0000000180011438     sf_runtime:sf_runtime.dll
 0002:00000440       __imp_sf_set_rtw_dwork_info 0000000180011440     sf_runtime:sf_runtime.dll
 0002:00000448       __imp_sf_clear_rtw_identifier 0000000180011448     sf_runtime:sf_runtime.dll
 0002:00000450       __imp_sim_mode_is_modelref_sim 0000000180011450     sf_runtime:sf_runtime.dll
 0002:00000458       __imp_sim_mode_is_external 0000000180011458     sf_runtime:sf_runtime.dll
 0002:00000460       __imp_sim_mode_is_rtw_gen  0000000180011460     sf_runtime:sf_runtime.dll
 0002:00000468       __imp_sf_mark_chart_expressionable_inputs 0000000180011468     sf_runtime:sf_runtime.dll
 0002:00000470       __imp_sf_mark_chart_reusable_outputs 0000000180011470     sf_runtime:sf_runtime.dll
 0002:00000478       __imp_sf_is_chart_inlinable 0000000180011478     sf_runtime:sf_runtime.dll
 0002:00000480       __imp_sf_update_buildInfo  0000000180011480     sf_runtime:sf_runtime.dll
 0002:00000488       __imp_sf_rtw_info_uint_prop 0000000180011488     sf_runtime:sf_runtime.dll
 0002:00000490       __imp_sf_get_chart_instance_ptr 0000000180011490     sf_runtime:sf_runtime.dll
 0002:00000498       __imp_sf_free_ChartRunTimeInfo 0000000180011498     sf_runtime:sf_runtime.dll
 0002:000004a0       __imp_sf_init_ChartRunTimeInfo 00000001800114a0     sf_runtime:sf_runtime.dll
 0002:000004a8       __imp_sf_debug_set_machine_data_thresholds 00000001800114a8     sf_runtime:sf_runtime.dll
 0002:000004b0       __imp_sf_debug_set_machine_event_thresholds 00000001800114b0     sf_runtime:sf_runtime.dll
 0002:000004b8       __imp_sf_debug_initialize_machine 00000001800114b8     sf_runtime:sf_runtime.dll
 0002:000004c0       __imp_sf_load_rtw_optimization_info 00000001800114c0     sf_runtime:sf_runtime.dll
 0002:000004c8       \177sf_runtime_NULL_THUNK_DATA 00000001800114c8     sf_runtime:sf_runtime.dll
 0002:000004d0       __guard_check_icall_fptr   00000001800114d0     MSVCRT:guard_support.obj
 0002:000004d8       __guard_dispatch_icall_fptr 00000001800114d8     MSVCRT:guard_support.obj
 0002:000004e0       __xc_a                     00000001800114e0     MSVCRT:initializers.obj
 0002:000004e8       __xc_z                     00000001800114e8     MSVCRT:initializers.obj
 0002:000004f0       __xi_a                     00000001800114f0     MSVCRT:initializers.obj
 0002:000004f8       __xi_z                     00000001800114f8     MSVCRT:initializers.obj
 0002:00000500       __xp_a                     0000000180011500     MSVCRT:initializers.obj
 0002:00000508       __xp_z                     0000000180011508     MSVCRT:initializers.obj
 0002:00000510       __xt_a                     0000000180011510     MSVCRT:initializers.obj
 0002:00000518       __xt_z                     0000000180011518     MSVCRT:initializers.obj
 0002:00000520       __real@41c8857a86000000    0000000180011520     landingSimulation_sfun.obj
 0002:00000528       __real@41c8ee0946800000    0000000180011528     landingSimulation_sfun.obj
 0002:00000530       __real@41d488e557400000    0000000180011530     landingSimulation_sfun.obj
 0002:00000538       __real@41d61bb0af000000    0000000180011538     landingSimulation_sfun.obj
 0002:00000540       __real@41da91fd70400000    0000000180011540     landingSimulation_sfun.obj
 0002:00000548       __real@41db7b0ec0800000    0000000180011548     landingSimulation_sfun.obj
 0002:00000550       __real@41db9ba3aac00000    0000000180011550     landingSimulation_sfun.obj
 0002:00000558       __real@41e03505f3800000    0000000180011558     landingSimulation_sfun.obj
 0002:00000560       __real@41e1575dbcc00000    0000000180011560     landingSimulation_sfun.obj
 0002:00000568       __real@41e195fccc600000    0000000180011568     landingSimulation_sfun.obj
 0002:00000570       __real@41e2348059400000    0000000180011570     landingSimulation_sfun.obj
 0002:00000578       __real@41ee3e60a4800000    0000000180011578     landingSimulation_sfun.obj
 0002:00000580       __real@3fe547ae147ae148    0000000180011580     c2_landingSimulation.obj
 0002:00000588       __real@3ff0000000000000    0000000180011588     c2_landingSimulation.obj
 0002:00000590       __real@3ff547ae147ae148    0000000180011590     c2_landingSimulation.obj
 0002:00000598       __real@4000000000000000    0000000180011598     c2_landingSimulation.obj
 0002:000005a0       __real@4008000000000000    00000001800115a0     c2_landingSimulation.obj
 0002:000005a8       __real@400922b6ae7d566d    00000001800115a8     c2_landingSimulation.obj
 0002:000005b0       __real@4010000000000000    00000001800115b0     c2_landingSimulation.obj
 0002:000005b8       __real@401c000000000000    00000001800115b8     c2_landingSimulation.obj
 0002:000005c0       __real@40239eb851eb851f    00000001800115c0     c2_landingSimulation.obj
 0002:000005c8       __real@4024000000000000    00000001800115c8     c2_landingSimulation.obj
 0002:000005d0       __real@4026f645a1cac083    00000001800115d0     c2_landingSimulation.obj
 0002:000005d8       __real@408f400000000000    00000001800115d8     c2_landingSimulation.obj
 0002:000005e0       __real@40c3240000000000    00000001800115e0     c2_landingSimulation.obj
 0002:000005e8       __real@41bded5fbf000000    00000001800115e8     c2_landingSimulation.obj
 0002:000005f0       __real@41d03a20fe000000    00000001800115f0     c2_landingSimulation.obj
 0002:000005f8       __real@41db7b0014c00000    00000001800115f8     c2_landingSimulation.obj
 0002:00000600       __real@41ee5ac410200000    0000000180011600     c2_landingSimulation.obj
 0002:00000610       __xmm@80000000000000008000000000000000 0000000180011610     c2_landingSimulation.obj
 0002:00000620       _ssBadLevel2InputAccessMsg 0000000180011620     landingSimulation_sfun_registry.obj
 0002:000007b0       _ssBadLevel2DirectFeedMsg  00000001800117b0     landingSimulation_sfun_registry.obj
 0002:000008f0       _ssBadLevel2DirectFeedSolutionMsg 00000001800118f0     landingSimulation_sfun_registry.obj
 0002:00000960       _ssBadLevel2ZeroDirectFeedMsg 0000000180011960     landingSimulation_sfun_registry.obj
 0002:00000aa0       _ssBadLevel2ZeroDirectFeedMsg2 0000000180011aa0     landingSimulation_sfun_registry.obj
 0002:00000b88       DYNAMIC_DIMENSION_DEF      0000000180011b88     landingSimulation_sfun_registry.obj
 0002:00000ba0       __real@0000000000000000    0000000180011ba0     landingSimulation_sfun_registry.obj
 0002:00000ba8       __real@41602cbca0000000    0000000180011ba8     landingSimulation_sfun_registry.obj
 0002:00000bb0       __real@bff0000000000000    0000000180011bb0     landingSimulation_sfun_registry.obj
 0002:00000bc8       _pDefaultRawDllMain        0000000180011bc8     MSVCRT:dll_dllmain.obj
 0002:00000bc8       _pRawDllMain               0000000180011bc8     MSVCRT:dll_dllmain.obj
 0002:00000bf0       _load_config_used          0000000180011bf0     MSVCRT:loadcfg.obj
 0002:00000eb0       __rtc_iaa                  0000000180011eb0     MSVCRT:_initsect_.obj
 0002:00000eb8       __rtc_izz                  0000000180011eb8     MSVCRT:_initsect_.obj
 0002:00000ec0       __rtc_taa                  0000000180011ec0     MSVCRT:_initsect_.obj
 0002:00000ec8       __rtc_tzz                  0000000180011ec8     MSVCRT:_initsect_.obj
 0002:0000176c       __IMPORT_DESCRIPTOR_sf_runtime 000000018001276c     sf_runtime:sf_runtime.dll
 0002:00001780       __IMPORT_DESCRIPTOR_libmx  0000000180012780     libmx:libmx.dll
 0002:00001794       __IMPORT_DESCRIPTOR_libmex 0000000180012794     libmex:libmex.dll
 0002:000017a8       __IMPORT_DESCRIPTOR_libut  00000001800127a8     libut:libut.dll
 0002:000017bc       __IMPORT_DESCRIPTOR_libemlrt 00000001800127bc     libemlrt:libemlrt.dll
 0002:000017d0       __IMPORT_DESCRIPTOR_KERNEL32 00000001800127d0     kernel32:KERNEL32.dll
 0002:000017e4       __IMPORT_DESCRIPTOR_VCRUNTIME140 00000001800127e4     vcruntime:VCRUNTIME140.dll
 0002:000017f8       __IMPORT_DESCRIPTOR_api-ms-win-crt-string-l1-1-0 00000001800127f8     ucrt:api-ms-win-crt-string-l1-1-0.dll
 0002:0000180c       __IMPORT_DESCRIPTOR_api-ms-win-crt-stdio-l1-1-0 000000018001280c     ucrt:api-ms-win-crt-stdio-l1-1-0.dll
 0002:00001820       __IMPORT_DESCRIPTOR_api-ms-win-crt-heap-l1-1-0 0000000180012820     ucrt:api-ms-win-crt-heap-l1-1-0.dll
 0002:00001834       __IMPORT_DESCRIPTOR_api-ms-win-crt-runtime-l1-1-0 0000000180012834     ucrt:api-ms-win-crt-runtime-l1-1-0.dll
 0002:00001848       __NULL_IMPORT_DESCRIPTOR   0000000180012848     sf_runtime:sf_runtime.dll
 0003:00002470       DYNAMIC_DIMENSION          0000000180016470     landingSimulation_sfun_registry.obj
 0003:00002480       __security_cookie          0000000180016480     MSVCRT:gs_cookie.obj
 0003:00002488       __security_cookie_complement 0000000180016488     MSVCRT:gs_cookie.obj
 0003:00002490       _fltused                   0000000180016490     MSVCRT:dllsupp.obj
 0003:00002494       __scrt_native_dllmain_reason 0000000180016494     MSVCRT:utility.obj
 0003:00002498       __isa_available            0000000180016498     MSVCRT:_cpu_disp_.obj
 0003:0000249c       __isa_enabled              000000018001649c     MSVCRT:_cpu_disp_.obj
 0003:000024a0       __memcpy_nt_iters          00000001800164a0     MSVCRT:_cpu_disp_.obj
 0003:000024b0       __scrt_ucrt_dll_is_in_use  00000001800164b0     MSVCRT:ucrt_stubs.obj
 0003:000024e0       sfGlobalDebugInstanceStruct 00000001800164e0     landingSimulation_sfun_registry.obj
 0003:00002b38       __scrt_current_native_startup_state 0000000180016b38     MSVCRT:utility.obj
 0003:00002b40       __scrt_native_startup_lock 0000000180016b40     MSVCRT:utility.obj
 0003:00002b80       ?__type_info_root_node@@3U__type_info_node@@A 0000000180016b80     MSVCRT:tncleanup.obj
 0003:00002b90       ?_OptionsStorage@?1??__local_stdio_printf_options@@9@4_KA 0000000180016b90     MSVCRT:default_local_stdio_options.obj
 0003:00002b98       ?_OptionsStorage@?1??__local_stdio_scanf_options@@9@4_KA 0000000180016b98     MSVCRT:default_local_stdio_options.obj
 0003:00002ba0       __scrt_debugger_hook_flag  0000000180016ba0     MSVCRT:utility_desktop.obj
 0003:00002ba4       __favor                    0000000180016ba4     MSVCRT:_cpu_disp_.obj
 0003:00002ba8       ?_OptionsStorage@?1??__local_stdio_printf_options@@9@9 0000000180016ba8     <common>
 0003:00002bb0       _landingSimulationMachineNumber_ 0000000180016bb0     <common>
 0003:00002bb8       __dyn_tls_init_callback    0000000180016bb8     <common>

 entry point at        0001:0000e9fc

 Static symbols

 0000:00000000       .debug$S                   0000000180000000     libmx:libmx.dll
 0000:00000000       .debug$S                   0000000180000000     landingSimulation_sfun.exp
 0000:00000000       .debug$S                   0000000180000000     sf_runtime:sf_runtime.dll
 0000:00000000       .debug$S                   0000000180000000     sf_runtime:sf_runtime.dll
 0000:00000000       .debug$S                   0000000180000000     sf_runtime:sf_runtime.dll
 0000:00000000       .debug$S                   0000000180000000     sf_runtime:sf_runtime.dll
 0000:00000000       .debug$S                   0000000180000000     sf_runtime:sf_runtime.dll
 0000:00000000       .debug$S                   0000000180000000     ucrt:api-ms-win-crt-heap-l1-1-0.dll
 0000:00000000       .debug$S                   0000000180000000     ucrt:api-ms-win-crt-heap-l1-1-0.dll
 0000:00000000       .debug$S                   0000000180000000     ucrt:api-ms-win-crt-runtime-l1-1-0.dll
 0000:00000000       .debug$S                   0000000180000000     ucrt:api-ms-win-crt-runtime-l1-1-0.dll
 0000:00000000       .debug$S                   0000000180000000     ucrt:api-ms-win-crt-runtime-l1-1-0.dll
 0000:00000000       .debug$S                   0000000180000000     ucrt:api-ms-win-crt-runtime-l1-1-0.dll
 0000:00000000       .debug$S                   0000000180000000     ucrt:api-ms-win-crt-runtime-l1-1-0.dll
 0000:00000000       .debug$S                   0000000180000000     ucrt:api-ms-win-crt-runtime-l1-1-0.dll
 0000:00000000       .debug$S                   0000000180000000     ucrt:api-ms-win-crt-runtime-l1-1-0.dll
 0000:00000000       .debug$S                   0000000180000000     ucrt:api-ms-win-crt-runtime-l1-1-0.dll
 0000:00000000       .debug$S                   0000000180000000     ucrt:api-ms-win-crt-runtime-l1-1-0.dll
 0000:00000000       .debug$S                   0000000180000000     ucrt:api-ms-win-crt-runtime-l1-1-0.dll
 0000:00000000       .debug$S                   0000000180000000     ucrt:api-ms-win-crt-runtime-l1-1-0.dll
 0000:00000000       .debug$S                   0000000180000000     ucrt:api-ms-win-crt-runtime-l1-1-0.dll
 0000:00000000       .debug$S                   0000000180000000     sf_runtime:sf_runtime.dll
 0000:00000000       .debug$S                   0000000180000000     ucrt:api-ms-win-crt-stdio-l1-1-0.dll
 0000:00000000       .debug$S                   0000000180000000     sf_runtime:sf_runtime.dll
 0000:00000000       .debug$S                   0000000180000000     ucrt:api-ms-win-crt-string-l1-1-0.dll
 0000:00000000       .debug$S                   0000000180000000     ucrt:api-ms-win-crt-string-l1-1-0.dll
 0000:00000000       .debug$S                   0000000180000000     ucrt:api-ms-win-crt-string-l1-1-0.dll
 0000:00000000       .debug$S                   0000000180000000     sf_runtime:sf_runtime.dll
 0000:00000000       .debug$S                   0000000180000000     vcruntime:VCRUNTIME140.dll
 0000:00000000       .debug$S                   0000000180000000     vcruntime:VCRUNTIME140.dll
 0000:00000000       .debug$S                   0000000180000000     vcruntime:VCRUNTIME140.dll
 0000:00000000       .debug$S                   0000000180000000     vcruntime:VCRUNTIME140.dll
 0000:00000000       .debug$S                   0000000180000000     vcruntime:VCRUNTIME140.dll
 0000:00000000       .debug$S                   0000000180000000     vcruntime:VCRUNTIME140.dll
 0000:00000000       .debug$S                   0000000180000000     sf_runtime:sf_runtime.dll
 0000:00000000       .debug$S                   0000000180000000     kernel32:KERNEL32.dll
 0000:00000000       .debug$S                   0000000180000000     kernel32:KERNEL32.dll
 0000:00000000       .debug$S                   0000000180000000     kernel32:KERNEL32.dll
 0000:00000000       .debug$S                   0000000180000000     kernel32:KERNEL32.dll
 0000:00000000       .debug$S                   0000000180000000     kernel32:KERNEL32.dll
 0000:00000000       .debug$S                   0000000180000000     kernel32:KERNEL32.dll
 0000:00000000       .debug$S                   0000000180000000     kernel32:KERNEL32.dll
 0000:00000000       .debug$S                   0000000180000000     kernel32:KERNEL32.dll
 0000:00000000       .debug$S                   0000000180000000     kernel32:KERNEL32.dll
 0000:00000000       .debug$S                   0000000180000000     kernel32:KERNEL32.dll
 0000:00000000       .debug$S                   0000000180000000     kernel32:KERNEL32.dll
 0000:00000000       .debug$S                   0000000180000000     kernel32:KERNEL32.dll
 0000:00000000       .debug$S                   0000000180000000     kernel32:KERNEL32.dll
 0000:00000000       .debug$S                   0000000180000000     kernel32:KERNEL32.dll
 0000:00000000       .debug$S                   0000000180000000     kernel32:KERNEL32.dll
 0000:00000000       .debug$S                   0000000180000000     kernel32:KERNEL32.dll
 0000:00000000       .debug$S                   0000000180000000     kernel32:KERNEL32.dll
 0000:00000000       .debug$S                   0000000180000000     sf_runtime:sf_runtime.dll
 0000:00000000       .debug$S                   0000000180000000     sf_runtime:sf_runtime.dll
 0000:00000000       .debug$S                   0000000180000000     sf_runtime:sf_runtime.dll
 0000:00000000       .debug$S                   0000000180000000     sf_runtime:sf_runtime.dll
 0000:00000000       .debug$S                   0000000180000000     sf_runtime:sf_runtime.dll
 0000:00000000       .debug$S                   0000000180000000     sf_runtime:sf_runtime.dll
 0000:00000000       .debug$S                   0000000180000000     sf_runtime:sf_runtime.dll
 0000:00000000       .debug$S                   0000000180000000     sf_runtime:sf_runtime.dll
 0000:00000000       .debug$S                   0000000180000000     sf_runtime:sf_runtime.dll
 0000:00000000       .debug$S                   0000000180000000     sf_runtime:sf_runtime.dll
 0000:00000000       .debug$S                   0000000180000000     sf_runtime:sf_runtime.dll
 0000:00000000       .debug$S                   0000000180000000     sf_runtime:sf_runtime.dll
 0000:00000000       .debug$S                   0000000180000000     sf_runtime:sf_runtime.dll
 0000:00000000       .debug$S                   0000000180000000     sf_runtime:sf_runtime.dll
 0000:00000000       .debug$S                   0000000180000000     sf_runtime:sf_runtime.dll
 0000:00000000       .debug$S                   0000000180000000     sf_runtime:sf_runtime.dll
 0000:00000000       .debug$S                   0000000180000000     sf_runtime:sf_runtime.dll
 0000:00000000       .debug$S                   0000000180000000     sf_runtime:sf_runtime.dll
 0000:00000000       .debug$S                   0000000180000000     sf_runtime:sf_runtime.dll
 0000:00000000       .debug$S                   0000000180000000     sf_runtime:sf_runtime.dll
 0000:00000000       .debug$S                   0000000180000000     sf_runtime:sf_runtime.dll
 0000:00000000       .debug$S                   0000000180000000     sf_runtime:sf_runtime.dll
 0000:00000000       .debug$S                   0000000180000000     sf_runtime:sf_runtime.dll
 0000:00000000       .debug$S                   0000000180000000     sf_runtime:sf_runtime.dll
 0000:00000000       .debug$S                   0000000180000000     sf_runtime:sf_runtime.dll
 0000:00000000       .debug$S                   0000000180000000     sf_runtime:sf_runtime.dll
 0000:00000000       .debug$S                   0000000180000000     sf_runtime:sf_runtime.dll
 0000:00000000       .debug$S                   0000000180000000     sf_runtime:sf_runtime.dll
 0000:00000000       .debug$S                   0000000180000000     sf_runtime:sf_runtime.dll
 0000:00000000       .debug$S                   0000000180000000     sf_runtime:sf_runtime.dll
 0000:00000000       .debug$S                   0000000180000000     sf_runtime:sf_runtime.dll
 0000:00000000       .debug$S                   0000000180000000     sf_runtime:sf_runtime.dll
 0000:00000000       .debug$S                   0000000180000000     sf_runtime:sf_runtime.dll
 0000:00000000       .debug$S                   0000000180000000     sf_runtime:sf_runtime.dll
 0000:00000000       .debug$S                   0000000180000000     sf_runtime:sf_runtime.dll
 0000:00000000       .debug$S                   0000000180000000     sf_runtime:sf_runtime.dll
 0000:00000000       .debug$S                   0000000180000000     sf_runtime:sf_runtime.dll
 0000:00000000       .debug$S                   0000000180000000     sf_runtime:sf_runtime.dll
 0000:00000000       .debug$S                   0000000180000000     sf_runtime:sf_runtime.dll
 0000:00000000       .debug$S                   0000000180000000     sf_runtime:sf_runtime.dll
 0000:00000000       .debug$S                   0000000180000000     sf_runtime:sf_runtime.dll
 0000:00000000       .debug$S                   0000000180000000     sf_runtime:sf_runtime.dll
 0000:00000000       .debug$S                   0000000180000000     sf_runtime:sf_runtime.dll
 0000:00000000       .debug$S                   0000000180000000     sf_runtime:sf_runtime.dll
 0000:00000000       .debug$S                   0000000180000000     sf_runtime:sf_runtime.dll
 0000:00000000       .debug$S                   0000000180000000     sf_runtime:sf_runtime.dll
 0000:00000000       .debug$S                   0000000180000000     sf_runtime:sf_runtime.dll
 0000:00000000       .debug$S                   0000000180000000     sf_runtime:sf_runtime.dll
 0000:00000000       .debug$S                   0000000180000000     sf_runtime:sf_runtime.dll
 0000:00000000       .debug$S                   0000000180000000     sf_runtime:sf_runtime.dll
 0000:00000000       .debug$S                   0000000180000000     sf_runtime:sf_runtime.dll
 0000:00000000       .debug$S                   0000000180000000     sf_runtime:sf_runtime.dll
 0000:00000000       .debug$S                   0000000180000000     sf_runtime:sf_runtime.dll
 0000:00000000       .debug$S                   0000000180000000     sf_runtime:sf_runtime.dll
 0000:00000000       .debug$S                   0000000180000000     sf_runtime:sf_runtime.dll
 0000:00000000       .debug$S                   0000000180000000     sf_runtime:sf_runtime.dll
 0000:00000000       .debug$S                   0000000180000000     sf_runtime:sf_runtime.dll
 0000:00000000       .debug$S                   0000000180000000     sf_runtime:sf_runtime.dll
 0000:00000000       .debug$S                   0000000180000000     sf_runtime:sf_runtime.dll
 0000:00000000       .debug$S                   0000000180000000     sf_runtime:sf_runtime.dll
 0000:00000000       .debug$S                   0000000180000000     sf_runtime:sf_runtime.dll
 0000:00000000       .debug$S                   0000000180000000     sf_runtime:sf_runtime.dll
 0000:00000000       .debug$S                   0000000180000000     sf_runtime:sf_runtime.dll
 0000:00000000       .debug$S                   0000000180000000     libmx:libmx.dll
 0000:00000000       .debug$S                   0000000180000000     libmx:libmx.dll
 0000:00000000       .debug$S                   0000000180000000     libmx:libmx.dll
 0000:00000000       .debug$S                   0000000180000000     libut:libut.dll
 0000:00000000       .debug$S                   0000000180000000     libmx:libmx.dll
 0000:00000000       .debug$S                   0000000180000000     libmx:libmx.dll
 0000:00000000       .debug$S                   0000000180000000     libmx:libmx.dll
 0000:00000000       .debug$S                   0000000180000000     libmx:libmx.dll
 0000:00000000       .debug$S                   0000000180000000     libmx:libmx.dll
 0000:00000000       .debug$S                   0000000180000000     libmx:libmx.dll
 0000:00000000       .debug$S                   0000000180000000     libmx:libmx.dll
 0000:00000000       .debug$S                   0000000180000000     libmx:libmx.dll
 0000:00000000       .debug$S                   0000000180000000     libmx:libmx.dll
 0000:00000000       .debug$S                   0000000180000000     libmx:libmx.dll
 0000:00000000       .debug$S                   0000000180000000     libmx:libmx.dll
 0000:00000000       .debug$S                   0000000180000000     libmx:libmx.dll
 0000:00000000       .debug$S                   0000000180000000     libmx:libmx.dll
 0000:00000000       .debug$S                   0000000180000000     libmx:libmx.dll
 0000:00000000       .debug$S                   0000000180000000     libmx:libmx.dll
 0000:00000000       .debug$S                   0000000180000000     libmx:libmx.dll
 0000:00000000       .debug$S                   0000000180000000     libmex:libmex.dll
 0000:00000000       .debug$S                   0000000180000000     libmex:libmex.dll
 0000:00000000       .debug$S                   0000000180000000     libmex:libmex.dll
 0000:00000000       .debug$S                   0000000180000000     libmex:libmex.dll
 0000:00000000       .debug$S                   0000000180000000     libmex:libmex.dll
 0000:00000000       .debug$S                   0000000180000000     libmex:libmex.dll
 0000:00000000       .debug$S                   0000000180000000     libmex:libmex.dll
 0000:00000000       .debug$S                   0000000180000000     libut:libut.dll
 0000:00000000       .debug$S                   0000000180000000     libemlrt:libemlrt.dll
 0001:00001230       chart_debug_initialization 0000000180002230 f   c2_landingSimulation.obj
 0001:00002220       chart_debug_initialize_data_addresses 0000000180003220 f   c2_landingSimulation.obj
 0001:000024e0       initialize_c2_landingSimulation 00000001800034e0 f   c2_landingSimulation.obj
 0001:00002550       initialize_params_c2_landingSimulation 0000000180003550 f   c2_landingSimulation.obj
 0001:00002560       enable_c2_landingSimulation 0000000180003560 f   c2_landingSimulation.obj
 0001:00002590       disable_c2_landingSimulation 0000000180003590 f   c2_landingSimulation.obj
 0001:000025c0       c2_update_debugger_state_c2_landingSimulation 00000001800035c0 f   c2_landingSimulation.obj
 0001:000025d0       get_sim_state_c2_landingSimulation 00000001800035d0 f   c2_landingSimulation.obj
 0001:00002760       set_sim_state_c2_landingSimulation 0000000180003760 f   c2_landingSimulation.obj
 0001:00002830       finalize_c2_landingSimulation 0000000180003830 f   c2_landingSimulation.obj
 0001:00002840       sf_gateway_c2_landingSimulation 0000000180003840 f   c2_landingSimulation.obj
 0001:000045f0       mdl_start_c2_landingSimulation 00000001800055f0 f   c2_landingSimulation.obj
 0001:00004600       initSimStructsc2_landingSimulation 0000000180005600 f   c2_landingSimulation.obj
 0001:00004610       init_script_number_translation 0000000180005610 f   c2_landingSimulation.obj
 0001:000046d0       c2_sf_marshallOut          00000001800056d0 f   c2_landingSimulation.obj
 0001:00004780       c2_emlrt_marshallIn        0000000180005780 f   c2_landingSimulation.obj
 0001:000047f0       c2_b_emlrt_marshallIn      00000001800057f0 f   c2_landingSimulation.obj
 0001:00004880       c2_sf_marshallIn           0000000180005880 f   c2_landingSimulation.obj
 0001:00004930       c2_d_emlrt_marshallIn      0000000180005930 f   c2_landingSimulation.obj
 0001:000049a0       c2_e_emlrt_marshallIn      00000001800059a0 f   c2_landingSimulation.obj
 0001:00004a30       init_dsm_address_info      0000000180005a30 f   c2_landingSimulation.obj
 0001:00004a40       init_simulink_io_address   0000000180005a40 f   c2_landingSimulation.obj
 0001:000059e0       sf_get_sim_state_info_c2_landingSimulation 00000001800069e0 f   c2_landingSimulation.obj
 0001:00005ab0       sf_get_instance_specialization 0000000180006ab0 f   c2_landingSimulation.obj
 0001:00005ac0       sf_opaque_initialize_c2_landingSimulation 0000000180006ac0 f   c2_landingSimulation.obj
 0001:00005b00       sf_opaque_enable_c2_landingSimulation 0000000180006b00 f   c2_landingSimulation.obj
 0001:00005b20       sf_opaque_disable_c2_landingSimulation 0000000180006b20 f   c2_landingSimulation.obj
 0001:00005b40       sf_opaque_gateway_c2_landingSimulation 0000000180006b40 f   c2_landingSimulation.obj
 0001:00005b60       sf_opaque_get_sim_state_c2_landingSimulation 0000000180006b60 f   c2_landingSimulation.obj
 0001:00005b90       sf_opaque_set_sim_state_c2_landingSimulation 0000000180006b90 f   c2_landingSimulation.obj
 0001:00005bc0       sf_opaque_terminate_c2_landingSimulation 0000000180006bc0 f   c2_landingSimulation.obj
 0001:00005c60       mdlProcessParameters_c2_landingSimulation 0000000180006c60 f   c2_landingSimulation.obj
 0001:00005d20       mdlSetWorkWidths_c2_landingSimulation 0000000180006d20 f   c2_landingSimulation.obj
 0001:000064a0       mdlRTW_c2_landingSimulation 00000001800074a0 f   c2_landingSimulation.obj
 0001:000064e0       mdlStart_c2_landingSimulation 00000001800074e0 f   c2_landingSimulation.obj
 0001:00007a28       $LN120                     0000000180008a28     landingSimulation_sfun_registry.obj
 0001:000097a4       $LN17                      000000018000a7a4     landingSimulation_sfun_registry.obj
 0001:00009d2c       $LN26                      000000018000ad2c     landingSimulation_sfun_registry.obj
 0001:0000a414       $LN23                      000000018000b414     landingSimulation_sfun_registry.obj
 0001:0000a9e4       $LN26                      000000018000b9e4     landingSimulation_sfun_registry.obj
 0001:0000c5b0       sf_debug_api_wrapper       000000018000d5b0 f   landingSimulation_sfun_registry.obj
 0001:0000c600       ProcessMexSfunctionCmdLineCall 000000018000d600 f   landingSimulation_sfun_registry.obj
 0001:0000c970       mdlSetWorkWidths           000000018000d970 f   landingSimulation_sfun_registry.obj
 0001:0000c9a0       mdlProcessParameters       000000018000d9a0 f   landingSimulation_sfun_registry.obj
 0001:0000c9d0       mdl_start_processing       000000018000d9d0 f   landingSimulation_sfun_registry.obj
 0001:0000ca80       mdl_terminate_processing   000000018000da80 f   landingSimulation_sfun_registry.obj
 0001:0000cb00       mdlStart                   000000018000db00 f   landingSimulation_sfun_registry.obj
 0001:0000cb30       mdlTerminate               000000018000db30 f   landingSimulation_sfun_registry.obj
 0001:0000cb60       mdlInitializeSizes         000000018000db60 f   landingSimulation_sfun_registry.obj
 0001:0000cb90       mdlInitializeSampleTimes   000000018000db90 f   landingSimulation_sfun_registry.obj
 0001:0000cbc0       mdl_outputs_continuous_legacy 000000018000dbc0 f   landingSimulation_sfun_registry.obj
 0001:0000ccc0       mdl_outputs_processing     000000018000dcc0 f   landingSimulation_sfun_registry.obj
 0001:0000cde0       mdl_zeroCrossings_processing 000000018000dde0 f   landingSimulation_sfun_registry.obj
 0001:0000ce20       mdlZeroCrossings           000000018000de20 f   landingSimulation_sfun_registry.obj
 0001:0000ce50       mdl_derivatives_processing 000000018000de50 f   landingSimulation_sfun_registry.obj
 0001:0000cea0       mdlDerivatives             000000018000dea0 f   landingSimulation_sfun_registry.obj
 0001:0000ced0       mdl_initialize_conditions_processing 000000018000ded0 f   landingSimulation_sfun_registry.obj
 0001:0000cf20       mdlInitializeConditions    000000018000df20 f   landingSimulation_sfun_registry.obj
 0001:0000cf50       mdl_ext_mode_exec_processing 000000018000df50 f   landingSimulation_sfun_registry.obj
 0001:0000cf90       mdlExtModeExec             000000018000df90 f   landingSimulation_sfun_registry.obj
 0001:0000cfc0       mdlRTW                     000000018000dfc0 f   landingSimulation_sfun_registry.obj
 0001:0000d000       mdl_enable_processing      000000018000e000 f   landingSimulation_sfun_registry.obj
 0001:0000d040       mdlEnable                  000000018000e040 f   landingSimulation_sfun_registry.obj
 0001:0000d070       mdl_disable_processing     000000018000e070 f   landingSimulation_sfun_registry.obj
 0001:0000d0b0       mdlDisable                 000000018000e0b0 f   landingSimulation_sfun_registry.obj
 0001:0000d0e0       mdlOutputs                 000000018000e0e0 f   landingSimulation_sfun_registry.obj
 0001:0000d110       mdl_update_processing      000000018000e110 f   landingSimulation_sfun_registry.obj
 0001:0000d160       mdlUpdate                  000000018000e160 f   landingSimulation_sfun_registry.obj
 0001:0000d340       mdlGetTimeOfNextVarHit     000000018000e340 f   landingSimulation_sfun_registry.obj
 0001:0000d390       _RegNumInputPortsCB        000000018000e390 f   landingSimulation_sfun_registry.obj
 0001:0000d410       _RegNumOutputPortsCB       000000018000e410 f   landingSimulation_sfun_registry.obj
 0001:0000d490       _CreateSimStruct           000000018000e490 f   landingSimulation_sfun_registry.obj
 0001:0000d670       _ssFatalError              000000018000e670 f   landingSimulation_sfun_registry.obj
 0001:0000d740       _ProcessMexSfunctionCmdLineCall 000000018000e740 f   landingSimulation_sfun_registry.obj
[...]
 0004:00000174       $pdata$sf_c2_landingSimulation_third_party_uses_info 0000000180017174     c2_landingSimulation.obj
 0004:00000180       $pdata$sf_c2_landingSimulation_jit_fallback_info 0000000180017180     c2_landingSimulation.obj
 0004:0000018c       $pdata$sf_c2_landingSimulation_updateBuildInfo_args_info 000000018001718c     c2_landingSimulation.obj
 0004:00000198       $pdata$sf_get_sim_state_info_c2_landingSimulation 0000000180017198     c2_landingSimulation.obj
 0004:000001a4       $pdata$sf_opaque_initialize_c2_landingSimulation 00000001800171a4     c2_landingSimulation.obj
 0004:000001b0       $pdata$sf_opaque_enable_c2_landingSimulation 00000001800171b0     c2_landingSimulation.obj
 0004:000001bc       $pdata$sf_opaque_disable_c2_landingSimulation 00000001800171bc     c2_landingSimulation.obj
 0004:000001c8       $pdata$sf_opaque_gateway_c2_landingSimulation 00000001800171c8     c2_landingSimulation.obj
 0004:000001d4       $pdata$sf_opaque_get_sim_state_c2_landingSimulation 00000001800171d4     c2_landingSimulation.obj
 0004:000001e0       $pdata$sf_opaque_set_sim_state_c2_landingSimulation 00000001800171e0     c2_landingSimulation.obj
 0004:000001ec       $pdata$sf_opaque_terminate_c2_landingSimulation 00000001800171ec     c2_landingSimulation.obj
 0004:000001f8       $pdata$mdlProcessParameters_c2_landingSimulation 00000001800171f8     c2_landingSimulation.obj
 0004:00000204       $pdata$mdlSetWorkWidths_c2_landingSimulation 0000000180017204     c2_landingSimulation.obj
 0004:00000210       $pdata$mdlRTW_c2_landingSimulation 0000000180017210     c2_landingSimulation.obj
 0004:0000021c       $pdata$mdlStart_c2_landingSimulation 000000018001721c     c2_landingSimulation.obj
 0004:00000228       $pdata$mexFunction         0000000180017228     landingSimulation_sfun_registry.obj
 0004:00000234       $pdata$_ssSetInputPortDirectFeedThroughFcn 0000000180017234     landingSimulation_sfun_registry.obj
 0004:00000240       $pdata$_ssGetInputPortSignalPtrsFcn 0000000180017240     landingSimulation_sfun_registry.obj
 0004:0000024c       $pdata$_ssGetInputPortSignalFcn 000000018001724c     landingSimulation_sfun_registry.obj
 0004:00000258       $pdata$_ssSetInputPortReusableFcn 0000000180017258     landingSimulation_sfun_registry.obj
 0004:00000264       $pdata$_ssSetOutputPortReusableFcn 0000000180017264     landingSimulation_sfun_registry.obj
 0004:00000270       $pdata$_ssSetSymbolicDimsSupport 0000000180017270     landingSimulation_sfun_registry.obj
 0004:0000027c       $pdata$_ssRegisterSymbolicDimsExpr 000000018001727c     landingSimulation_sfun_registry.obj
 0004:00000288       $pdata$_ssRegisterSymbolicDims 0000000180017288     landingSimulation_sfun_registry.obj
 0004:00000294       $pdata$_ssRegisterSymbolicDimsString 0000000180017294     landingSimulation_sfun_registry.obj
 0004:000002a0       $pdata$_ssRegisterSymbolicDimsIntValue 00000001800172a0     landingSimulation_sfun_registry.obj
 0004:000002ac       $pdata$_ssRegisterSymbolicDimsPlus 00000001800172ac     landingSimulation_sfun_registry.obj
 0004:000002b8       $pdata$_ssRegisterSymbolicDimsMinus 00000001800172b8     landingSimulation_sfun_registry.obj
 0004:000002c4       $pdata$_ssRegisterSymbolicDimsMultiply 00000001800172c4     landingSimulation_sfun_registry.obj
 0004:000002d0       $pdata$_ssRegisterSymbolicDimsDivide 00000001800172d0     landingSimulation_sfun_registry.obj
 0004:000002dc       $pdata$_ssGetNumSymbolicDims 00000001800172dc     landingSimulation_sfun_registry.obj
 0004:000002e8       $pdata$_ssGetSymbolicDim   00000001800172e8     landingSimulation_sfun_registry.obj
 0004:000002f4       $pdata$_ssSetInputPortSymbolicDimsId 00000001800172f4     landingSimulation_sfun_registry.obj
 0004:00000300       $pdata$_ssGetCompInputPortSymbolicDimsId 0000000180017300     landingSimulation_sfun_registry.obj
 0004:0000030c       $pdata$_ssSetCompInputPortSymbolicDimsId 000000018001730c     landingSimulation_sfun_registry.obj
 0004:00000318       $pdata$_ssSetOutputPortSymbolicDimsId 0000000180017318     landingSimulation_sfun_registry.obj
 0004:00000324       $pdata$_ssGetCompOutputPortSymbolicDimsId 0000000180017324     landingSimulation_sfun_registry.obj
 0004:00000330       $pdata$_ssSetCompOutputPortSymbolicDimsId 0000000180017330     landingSimulation_sfun_registry.obj
 0004:0000033c       $pdata$_ssSetCompDWorkSymbolicDimsId 000000018001733c     landingSimulation_sfun_registry.obj
 0004:00000348       $pdata$ssGetIsZeroCrossControlDisabled 0000000180017348     landingSimulation_sfun_registry.obj
 0004:00000354       $pdata$ssSetIsInputPortUsedForContZcSignal 0000000180017354     landingSimulation_sfun_registry.obj
 0004:00000360       $pdata$ssSetZcSignalIsZcElementDisc 0000000180017360     landingSimulation_sfun_registry.obj
 0004:0000036c       $pdata$ssSetZcSignalName   000000018001736c     landingSimulation_sfun_registry.obj
 0004:00000378       $pdata$ssSetZcSignalWidth  0000000180017378     landingSimulation_sfun_registry.obj
 0004:00000384       $pdata$ssSetZcSignalZcEventType 0000000180017384     landingSimulation_sfun_registry.obj
 0004:00000390       $pdata$ssSetZcSignalType   0000000180017390     landingSimulation_sfun_registry.obj
 0004:0000039c       $pdata$ssSetZcSignalZcTol  000000018001739c     landingSimulation_sfun_registry.obj
 0004:000003a8       $pdata$ssSetZcSignalNeedsEventNotification 00000001800173a8     landingSimulation_sfun_registry.obj
 0004:000003b4       $pdata$ssCreateAndAddZcSignalInfo 00000001800173b4     landingSimulation_sfun_registry.obj
 0004:000003c0       $pdata$ssCloneAndAddZcSignalInfo 00000001800173c0     landingSimulation_sfun_registry.obj
 0004:000003cc       $pdata$ssGetNumZcSignals   00000001800173cc     landingSimulation_sfun_registry.obj
 0004:000003d8       $pdata$ssGetZcSignalVector 00000001800173d8     landingSimulation_sfun_registry.obj
 0004:000003e4       $pdata$ssGetZcSignalName   00000001800173e4     landingSimulation_sfun_registry.obj
 0004:000003f0       $pdata$ssGetZcSignalWidth  00000001800173f0     landingSimulation_sfun_registry.obj
 0004:000003fc       $pdata$ssGetZcSignalZcEventType 00000001800173fc     landingSimulation_sfun_registry.obj
 0004:00000408       $pdata$ssGetZcSignalZcEvents 0000000180017408     landingSimulation_sfun_registry.obj
 0004:00000414       $pdata$ssGetZcSignalType   0000000180017414     landingSimulation_sfun_registry.obj
 0004:00000420       $pdata$ssGetZcSignalZcTol  0000000180017420     landingSimulation_sfun_registry.obj
 0004:0000042c       $pdata$ssGetZcSignalNeedsEventNotification 000000018001742c     landingSimulation_sfun_registry.obj
 0004:00000438       $pdata$ssGetZcSignalIsZcElementDisc 0000000180017438     landingSimulation_sfun_registry.obj
 0004:00000444       $pdata$ssGetIsInputPortElementContinuous 0000000180017444     landingSimulation_sfun_registry.obj
 0004:00000450       $pdata$ssGetDTypeIdFromMxArray 0000000180017450     landingSimulation_sfun_registry.obj
 0004:0000045c       $pdata$ssWriteRTWStr       000000018001745c     landingSimulation_sfun_registry.obj
 0004:00000468       $pdata$ssWriteRTWNameValuePair 0000000180017468     landingSimulation_sfun_registry.obj
 0004:00000474       $pdata$ssWriteRTWParamSettings 0000000180017474     landingSimulation_sfun_registry.obj
 0004:00000480       $pdata$ssWriteRTWParameters 0000000180017480     landingSimulation_sfun_registry.obj
 0004:0000048c       $pdata$ssWriteRTWWorkVect  000000018001748c     landingSimulation_sfun_registry.obj
 0004:00000498       $pdata$ssWriteRTWMxVectParam 0000000180017498     landingSimulation_sfun_registry.obj
 0004:000004a4       $pdata$ssWriteRTWMx2dMatParam 00000001800174a4     landingSimulation_sfun_registry.obj
 0004:000004b0       $pdata$_ssSetInputPortMatrixDimensions 00000001800174b0     landingSimulation_sfun_registry.obj
 0004:000004bc       $pdata$_ssSetOutputPortMatrixDimensions 00000001800174bc     landingSimulation_sfun_registry.obj
 0004:000004c8       $pdata$_ssSetInputPortVectorDimension 00000001800174c8     landingSimulation_sfun_registry.obj
 0004:000004d4       $pdata$_ssSetOutputPortVectorDimension 00000001800174d4     landingSimulation_sfun_registry.obj
 0004:000004e0       $pdata$ssIsRunTimeParamTunable 00000001800174e0     landingSimulation_sfun_registry.obj
 0004:000004ec       $pdata$ssGetSFuncBlockHandle 00000001800174ec     landingSimulation_sfun_registry.obj
 0004:000004f8       $pdata$_ssGetCurrentInputPortWidth 00000001800174f8     landingSimulation_sfun_registry.obj
 0004:00000504       $pdata$_ssGetCurrentOutputPortWidth 0000000180017504     landingSimulation_sfun_registry.obj
 0004:00000510       $pdata$_ssGetCallSystemNumFcnCallDestinations 0000000180017510     landingSimulation_sfun_registry.obj
 0004:0000051c       $pdata$ssGetParameterTuningCompliance 000000018001751c     landingSimulation_sfun_registry.obj
 0004:00000528       $pdata$ssWarning           0000000180017528     landingSimulation_sfun_registry.obj
 0004:00000534       $pdata$_ssGetAbsTol        0000000180017534     landingSimulation_sfun_registry.obj
 0004:00000540       $pdata$sf_process_check_sum_call 0000000180017540     landingSimulation_sfun_registry.obj
 0004:0000054c       $pdata$sf_process_autoinheritance_call 000000018001754c     landingSimulation_sfun_registry.obj
 0004:00000558       $pdata$sf_process_get_third_party_uses_info_call 0000000180017558     landingSimulation_sfun_registry.obj
 0004:00000564       $pdata$sf_process_get_jit_fallback_info_call 0000000180017564     landingSimulation_sfun_registry.obj
 0004:00000570       $pdata$sf_process_get_updateBuildInfo_args_info_call 0000000180017570     landingSimulation_sfun_registry.obj
 0004:0000057c       $pdata$sf_process_get_eml_resolved_functions_info_call 000000018001757c     landingSimulation_sfun_registry.obj
 0004:00000588       $pdata$sf_mex_unlock_call  0000000180017588     landingSimulation_sfun_registry.obj
 0004:00000594       $pdata$sf_debug_api_wrapper 0000000180017594     landingSimulation_sfun_registry.obj
 0004:000005a0       $pdata$ProcessMexSfunctionCmdLineCall 00000001800175a0     landingSimulation_sfun_registry.obj
 0004:000005ac       $pdata$sf_machine_global_initializer_called 00000001800175ac     landingSimulation_sfun_registry.obj
 0004:000005b8       $pdata$sf_machine_global_method_dispatcher 00000001800175b8     landingSimulation_sfun_registry.obj
 0004:000005c4       $pdata$sf_machine_global_terminator 00000001800175c4     landingSimulation_sfun_registry.obj
 0004:000005d0       $pdata$sf_register_machine_exported_symbols 00000001800175d0     landingSimulation_sfun_registry.obj
 0004:000005dc       $pdata$sf_machine_global_initializer 00000001800175dc     landingSimulation_sfun_registry.obj
 0004:000005e8       $pdata$mdlGetSimState      00000001800175e8     landingSimulation_sfun_registry.obj
 0004:000005f4       $pdata$mdlSetSimState      00000001800175f4     landingSimulation_sfun_registry.obj
 0004:00000600       $pdata$mdlSetWorkWidths    0000000180017600     landingSimulation_sfun_registry.obj
 0004:0000060c       $pdata$mdlProcessParameters 000000018001760c     landingSimulation_sfun_registry.obj
 0004:00000618       $pdata$mdl_start_processing 0000000180017618     landingSimulation_sfun_registry.obj
 0004:00000624       $pdata$mdl_terminate_processing 0000000180017624     landingSimulation_sfun_registry.obj
 0004:00000630       $pdata$mdlStart            0000000180017630     landingSimulation_sfun_registry.obj
 0004:0000063c       $pdata$mdlTerminate        000000018001763c     landingSimulation_sfun_registry.obj
 0004:00000648       $pdata$mdlInitializeSizes  0000000180017648     landingSimulation_sfun_registry.obj
 0004:00000654       $pdata$mdlInitializeSampleTimes 0000000180017654     landingSimulation_sfun_registry.obj
 0004:00000660       $pdata$mdl_outputs_continuous_legacy 0000000180017660     landingSimulation_sfun_registry.obj
 0004:0000066c       $pdata$mdl_outputs_processing 000000018001766c     landingSimulation_sfun_registry.obj
 0004:00000678       $pdata$mdl_zeroCrossings_processing 0000000180017678     landingSimulation_sfun_registry.obj
 0004:00000684       $pdata$mdlZeroCrossings    0000000180017684     landingSimulation_sfun_registry.obj
 0004:00000690       $pdata$mdl_derivatives_processing 0000000180017690     landingSimulation_sfun_registry.obj
 0004:0000069c       $pdata$mdlDerivatives      000000018001769c     landingSimulation_sfun_registry.obj
 0004:000006a8       $pdata$mdl_initialize_conditions_processing 00000001800176a8     landingSimulation_sfun_registry.obj
 0004:000006b4       $pdata$mdlInitializeConditions 00000001800176b4     landingSimulation_sfun_registry.obj
 0004:000006c0       $pdata$mdl_ext_mode_exec_processing 00000001800176c0     landingSimulation_sfun_registry.obj
 0004:000006cc       $pdata$mdlExtModeExec      00000001800176cc     landingSimulation_sfun_registry.obj
 0004:000006d8       $pdata$mdlRTW              00000001800176d8     landingSimulation_sfun_registry.obj
 0004:000006e4       $pdata$mdl_enable_processing 00000001800176e4     landingSimulation_sfun_registry.obj
 0004:000006f0       $pdata$mdlEnable           00000001800176f0     landingSimulation_sfun_registry.obj
 0004:000006fc       $pdata$mdl_disable_processing 00000001800176fc     landingSimulation_sfun_registry.obj
 0004:00000708       $pdata$mdlDisable          0000000180017708     landingSimulation_sfun_registry.obj
 0004:00000714       $pdata$mdlOutputs          0000000180017714     landingSimulation_sfun_registry.obj
 0004:00000720       $pdata$mdl_update_processing 0000000180017720     landingSimulation_sfun_registry.obj
 0004:0000072c       $pdata$mdlUpdate           000000018001772c     landingSimulation_sfun_registry.obj
 0004:00000738       $pdata$ProcessMexSfunctionEveryCall 0000000180017738     landingSimulation_sfun_registry.obj
 0004:00000744       $pdata$_RegNumInputPortsCB 0000000180017744     landingSimulation_sfun_registry.obj
 0004:00000750       $pdata$_RegNumOutputPortsCB 0000000180017750     landingSimulation_sfun_registry.obj
 0004:0000075c       $pdata$_CreateSimStruct    000000018001775c     landingSimulation_sfun_registry.obj
 0004:00000768       $pdata$_ssFatalError       0000000180017768     landingSimulation_sfun_registry.obj
 0004:00000774       $pdata$_ProcessMexSfunctionCmdLineCall 0000000180017774     landingSimulation_sfun_registry.obj
 0004:00000780       $pdata$_vsnprintf_l        0000000180017780     landingSimulation_sfun_registry.obj
 0004:0000078c       $pdata$_vsprintf_l         000000018001778c     landingSimulation_sfun_registry.obj
 0004:00000798       $pdata$sprintf             0000000180017798     landingSimulation_sfun_registry.obj
 0004:000007a4       $pdata$__raise_securityfailure 00000001800177a4     MSVCRT:gs_report.obj
 0004:000007b0       $pdata$__report_gsfailure  00000001800177b0     MSVCRT:gs_report.obj
 0004:000007bc       $pdata$__report_rangecheckfailure 00000001800177bc     MSVCRT:gs_report.obj
 0004:000007c8       $pdata$__report_securityfailure 00000001800177c8     MSVCRT:gs_report.obj
 0004:000007d4       $pdata$__report_securityfailureEx 00000001800177d4     MSVCRT:gs_report.obj
 0004:000007e0       $pdata$capture_current_context 00000001800177e0     MSVCRT:gs_report.obj
 0004:000007ec       $pdata$capture_previous_context 00000001800177ec     MSVCRT:gs_report.obj
 0004:000007f8       $pdata$__GSHandlerCheck    00000001800177f8     MSVCRT:_gshandler_.obj
 0004:00000804       $pdata$__GSHandlerCheckCommon 0000000180017804     MSVCRT:_gshandler_.obj
 0004:0000081c       $pdata$?dllmain_crt_dispatch@@YAHQEAUHINSTANCE__@@KQEAX@Z 000000018001781c     MSVCRT:dll_dllmain.obj
 0004:00000828       $pdata$?dllmain_crt_process_attach@@YAHQEAUHINSTANCE__@@QEAX@Z 0000000180017828     MSVCRT:dll_dllmain.obj
 0004:00000834       $pdata$?dllmain_crt_process_detach@@YAH_N@Z 0000000180017834     MSVCRT:dll_dllmain.obj
 0004:00000840       $pdata$?dllmain_dispatch@@YAHQEAUHINSTANCE__@@KQEAX@Z 0000000180017840     MSVCRT:dll_dllmain.obj
 0004:0000084c       $pdata$?dllmain_raw@@YAHQEAUHINSTANCE__@@KQEAX@Z 000000018001784c     MSVCRT:dll_dllmain.obj
 0004:00000858       $pdata$_DllMainCRTStartup  0000000180017858     MSVCRT:dll_dllmain.obj
 0004:00000864       $pdata$?configure_argv@__scrt_narrow_argv_policy@@SAHXZ 0000000180017864     MSVCRT:utility.obj
 0004:00000870       $pdata$__scrt_acquire_startup_lock 0000000180017870     MSVCRT:utility.obj
 0004:0000087c       $pdata$__scrt_dllmain_after_initialize_c 000000018001787c     MSVCRT:utility.obj
 0004:00000888       $pdata$__scrt_dllmain_before_initialize_c 0000000180017888     MSVCRT:utility.obj
 0004:00000894       $pdata$__scrt_dllmain_crt_thread_attach 0000000180017894     MSVCRT:utility.obj
 0004:000008a0       $pdata$__scrt_dllmain_crt_thread_detach 00000001800178a0     MSVCRT:utility.obj
 0004:000008ac       $pdata$__scrt_dllmain_exception_filter 00000001800178ac     MSVCRT:utility.obj
 0004:000008b8       $pdata$__scrt_dllmain_uninitialize_c 00000001800178b8     MSVCRT:utility.obj
 0004:000008c4       $pdata$__scrt_dllmain_uninitialize_critical 00000001800178c4     MSVCRT:utility.obj
 0004:000008d0       $pdata$__scrt_initialize_crt 00000001800178d0     MSVCRT:utility.obj
 0004:000008dc       $pdata$__scrt_initialize_onexit_tables 00000001800178dc     MSVCRT:utility.obj
 0004:000008e8       $pdata$__scrt_is_nonwritable_in_current_image 00000001800178e8     MSVCRT:utility.obj
 0004:000008f4       $pdata$__scrt_release_startup_lock 00000001800178f4     MSVCRT:utility.obj
 0004:00000900       $pdata$__scrt_uninitialize_crt 0000000180017900     MSVCRT:utility.obj
 0004:0000090c       $pdata$_onexit             000000018001790c     MSVCRT:utility.obj
 0004:00000918       $pdata$atexit              0000000180017918     MSVCRT:utility.obj
 0004:00000924       $pdata$__security_init_cookie 0000000180017924     MSVCRT:gs_support.obj
 0004:00000930       $pdata$DllMain             0000000180017930     MSVCRT:dll_dllmain_stub.obj
 0004:0000093c       $pdata$__scrt_initialize_default_local_stdio_options 000000018001793c     MSVCRT:default_local_stdio_options.obj
 0004:00000948       $pdata$__scrt_fastfail     0000000180017948     MSVCRT:utility_desktop.obj
 0004:00000954       $pdata$__scrt_get_show_window_mode 0000000180017954     MSVCRT:utility_desktop.obj
 0004:00000960       $pdata$__scrt_is_managed_app 0000000180017960     MSVCRT:utility_desktop.obj
 0004:0000096c       $pdata$__scrt_unhandled_exception_filter 000000018001796c     MSVCRT:utility_desktop.obj
 0004:00000978       $pdata$_RTC_Initialize     0000000180017978     MSVCRT:_initsect_.obj
 0004:00000984       $pdata$_RTC_Terminate      0000000180017984     MSVCRT:_initsect_.obj
 0004:00000990       $pdata$__isa_available_init 0000000180017990     MSVCRT:_cpu_disp_.obj
 0004:000009a8       $pdata$?fin$0@?0??dllmain_crt_process_attach@@YAHQEAUHINSTANCE__@@QEAX@Z@4HA 00000001800179a8     MSVCRT:dll_dllmain.obj
 0004:000009b4       $pdata$?fin$0@?0??dllmain_crt_process_detach@@YAH_N@Z@4HA 00000001800179b4     MSVCRT:dll_dllmain.obj
 0004:000009c0       $pdata$?filt$0@?0??dllmain_dispatch@@YAHQEAUHINSTANCE__@@KQEAX@Z@4HA 00000001800179c0     MSVCRT:dll_dllmain.obj
 0004:000009cc       $pdata$__scrt_is_nonwritable_in_current_image$filt$0 00000001800179cc     MSVCRT:utility.obj
 0005:00000000       __guard_fids_?dllmain_crt_process_attach@@YAHQEAUHINSTANCE__@@QEAX@Z 0000000180018000     MSVCRT:dll_dllmain.obj
 0005:00000008       __guard_fids_?dllmain_dispatch@@YAHQEAUHINSTANCE__@@KQEAX@Z 0000000180018008     MSVCRT:dll_dllmain.obj
 0005:0000000c       __guard_fids___scrt_set_unhandled_exception_filter 000000018001800c     MSVCRT:utility_desktop.obj
 0005:00000010       __guard_fids__             0000000180018010     MSVCRT:guard_support.obj
 0005:00000014       __guard_fids__guard_icall_checks_enforced 0000000180018014     MSVCRT:guard_support.obj
