 landingSimulation_sfun

 Timestamp is 574dad69 (Tue May 31 17:27:37 2016)

 Preferred load address is 0000000180000000

 Start         Length     Name                   Class
 0001:00000000 0000ed70H .text$mn                CODE
 0001:0000ed70 00000012H .text$mn$00             CODE
 0001:0000ed82 00000081H .text$x                 CODE
 0002:00000000 000004d0H .idata$5                DATA
 0002:000004d0 00000010H .00cfg                  DATA
 0002:000004e0 00000008H .CRT$XCA                DATA
 0002:000004e8 00000008H .CRT$XCZ                DATA
 0002:000004f0 00000008H .CRT$XIA                DATA
 0002:000004f8 00000008H .CRT$XIZ                DATA
 0002:00000500 00000008H .CRT$XPA                DATA
 0002:00000508 00000008H .CRT$XPZ                DATA
 0002:00000510 00000008H .CRT$XTA                DATA
 0002:00000518 00000008H .CRT$XTZ                DATA
 0002:00000520 00000744H .rdata                  DATA
 0002:00000c64 0000022cH .rdata$zzzdbg           DATA
 0002:00000e90 00000008H .rtc$IAA                DATA
 0002:00000e98 00000008H .rtc$IZZ                DATA
 0002:00000ea0 00000008H .rtc$TAA                DATA
 0002:00000ea8 00000008H .rtc$TZZ                DATA
 0002:00000eb0 00000840H .xdata                  DATA
 0002:000016f0 0000005cH .edata                  DATA
 0002:0000174c 000000dcH .idata$2                DATA
 0002:00001828 00000018H .idata$3                DATA
 0002:00001840 000004d0H .idata$4                DATA
 0002:00001d10 00000e4eH .idata$6                DATA
 0003:00000000 000022f0H .data                   DATA
 0003:000022f0 00000700H .bss                    DATA
 0004:00000000 000009d8H .pdata                  DATA
 0005:00000000 00000018H .gfids$y                DATA

  Address         Publics by Value              Rva+Base               Lib:Object

 0000:00000000       __dynamic_value_reloc_table 0000000000000000     <absolute>
 0000:00000000       __guard_fids_table         0000000000000000     <absolute>
 0000:00000000       __guard_iat_table          0000000000000000     <absolute>
 0000:00000000       __guard_iat_count          0000000000000000     <absolute>
 0000:00000000       __guard_longjmp_table      0000000000000000     <absolute>
 0000:00000000       ___safe_se_handler_table   0000000000000000     <absolute>
 0000:00000000       ___safe_se_handler_count   0000000000000000     <absolute>
 0000:00000000       __guard_longjmp_count      0000000000000000     <absolute>
 0000:00000000       __guard_fids_count         0000000000000000     <absolute>
 0000:00000100       __guard_flags              0000000000000100     <absolute>
 0000:00000000       __ImageBase                0000000180000000     <linker-defined>
 0001:00000000       landingSimulation_initializer 0000000180001000 f   landingSimulation_sfun.obj
 0001:00000010       landingSimulation_terminator 0000000180001010 f   landingSimulation_sfun.obj
 0001:00000020       load_landingSimulation_optimization_info 0000000180001020 f   landingSimulation_sfun.obj
 0001:000000d0       unload_landingSimulation_optimization_info 00000001800010d0 f   landingSimulation_sfun.obj
 0001:00000100       sf_landingSimulation_method_dispatcher 0000000180001100 f   landingSimulation_sfun.obj
 0001:00000150       sf_landingSimulation_process_check_sum_call 0000000180001150 f   landingSimulation_sfun.obj
 0001:00000700       sf_landingSimulation_autoinheritance_info 0000000180001700 f   landingSimulation_sfun.obj
 0001:000008e0       sf_landingSimulation_get_eml_resolved_functions_info 00000001800018e0 f   landingSimulation_sfun.obj
 0001:00000a60       sf_landingSimulation_third_party_uses_info 0000000180001a60 f   landingSimulation_sfun.obj
 0001:00000c30       sf_landingSimulation_jit_fallback_info 0000000180001c30 f   landingSimulation_sfun.obj
 0001:00000e00       sf_landingSimulation_updateBuildInfo_args_info 0000000180001e00 f   landingSimulation_sfun.obj
 0001:00000fd0       landingSimulation_debug_initialize 0000000180001fd0 f   landingSimulation_sfun.obj
 0001:00001050       landingSimulation_register_exported_symbols 0000000180002050 f   landingSimulation_sfun.obj
 0001:00001060       sf_c2_landingSimulation_get_eml_resolved_functions_info 0000000180002060 f   c2_landingSimulation.obj
 0001:000010f0       sf_c2_landingSimulation_get_check_sum 00000001800020f0 f   c2_landingSimulation.obj
 0001:000011c0       c2_landingSimulation_method_dispatcher 00000001800021c0 f   c2_landingSimulation.obj
 0001:000045a0       sf_c2_landingSimulation_get_post_codegen_info 00000001800055a0 f   c2_landingSimulation.obj
 0001:00004670       sf_c2_landingSimulation_get_autoinheritance_info 0000000180005670 f   c2_landingSimulation.obj
 0001:00004fc0       sf_c2_landingSimulation_third_party_uses_info 0000000180005fc0 f   c2_landingSimulation.obj
 0001:00004ff0       sf_c2_landingSimulation_jit_fallback_info 0000000180005ff0 f   c2_landingSimulation.obj
 0001:00005180       sf_c2_landingSimulation_updateBuildInfo_args_info 0000000180006180 f   c2_landingSimulation.obj
 0001:00005e80       mexFunction                0000000180006e80 f   landingSimulation_sfun_registry.obj
 0001:00007250       _ssSetInputPortDirectFeedThroughFcn 0000000180008250 f   landingSimulation_sfun_registry.obj
 0001:00007400       _ssGetInputPortSignalPtrsFcn 0000000180008400 f   landingSimulation_sfun_registry.obj
 0001:000076d0       _ssGetInputPortSignalFcn   00000001800086d0 f   landingSimulation_sfun_registry.obj
 0001:000079a0       _ssSetInputPortReusableFcn 00000001800089a0 f   landingSimulation_sfun_registry.obj
 0001:00007a80       _ssSetOutputPortReusableFcn 0000000180008a80 f   landingSimulation_sfun_registry.obj
 0001:00007b60       _ssSetSymbolicDimsSupport  0000000180008b60 f   landingSimulation_sfun_registry.obj
 0001:00007bd0       _ssRegisterSymbolicDimsExpr 0000000180008bd0 f   landingSimulation_sfun_registry.obj
 0001:00007c50       _ssRegisterSymbolicDims    0000000180008c50 f   landingSimulation_sfun_registry.obj
 0001:00007cf0       _ssRegisterSymbolicDimsString 0000000180008cf0 f   landingSimulation_sfun_registry.obj
 0001:00007d70       _ssRegisterSymbolicDimsIntValue 0000000180008d70 f   landingSimulation_sfun_registry.obj
 0001:00007de0       _ssRegisterSymbolicDimsPlus 0000000180008de0 f   landingSimulation_sfun_registry.obj
 0001:00007e60       _ssRegisterSymbolicDimsMinus 0000000180008e60 f   landingSimulation_sfun_registry.obj
 0001:00007ee0       _ssRegisterSymbolicDimsMultiply 0000000180008ee0 f   landingSimulation_sfun_registry.obj
 0001:00007f60       _ssRegisterSymbolicDimsDivide 0000000180008f60 f   landingSimulation_sfun_registry.obj
 0001:00007fe0       _ssGetNumSymbolicDims      0000000180008fe0 f   landingSimulation_sfun_registry.obj
 0001:00008050       _ssGetSymbolicDim          0000000180009050 f   landingSimulation_sfun_registry.obj
 0001:000080d0       _ssSetInputPortSymbolicDimsId 00000001800090d0 f   landingSimulation_sfun_registry.obj
 0001:00008140       _ssGetCompInputPortSymbolicDimsId 0000000180009140 f   landingSimulation_sfun_registry.obj
 0001:000081b0       _ssSetCompInputPortSymbolicDimsId 00000001800091b0 f   landingSimulation_sfun_registry.obj
 0001:00008220       _ssSetOutputPortSymbolicDimsId 0000000180009220 f   landingSimulation_sfun_registry.obj
 0001:00008290       _ssGetCompOutputPortSymbolicDimsId 0000000180009290 f   landingSimulation_sfun_registry.obj
 0001:00008300       _ssSetCompOutputPortSymbolicDimsId 0000000180009300 f   landingSimulation_sfun_registry.obj
 0001:00008370       _ssSetCompDWorkSymbolicDimsId 0000000180009370 f   landingSimulation_sfun_registry.obj
 0001:000083e0       ssGetIsZeroCrossControlDisabled 00000001800093e0 f   landingSimulation_sfun_registry.obj
 0001:00008450       ssSetIsInputPortUsedForContZcSignal 0000000180009450 f   landingSimulation_sfun_registry.obj
 0001:000084c0       ssSetZcSignalIsZcElementDisc 00000001800094c0 f   landingSimulation_sfun_registry.obj
 0001:00008570       ssSetZcSignalName          0000000180009570 f   landingSimulation_sfun_registry.obj
 0001:000085e0       ssSetZcSignalWidth         00000001800095e0 f   landingSimulation_sfun_registry.obj
 0001:00008650       ssSetZcSignalZcEventType   0000000180009650 f   landingSimulation_sfun_registry.obj
 0001:000086c0       ssSetZcSignalType          00000001800096c0 f   landingSimulation_sfun_registry.obj
 0001:00008730       ssSetZcSignalZcTol         0000000180009730 f   landingSimulation_sfun_registry.obj
 0001:000087a0       ssSetZcSignalNeedsEventNotification 00000001800097a0 f   landingSimulation_sfun_registry.obj
 0001:00008810       ssCreateAndAddZcSignalInfo 0000000180009810 f   landingSimulation_sfun_registry.obj
 0001:00008880       ssCloneAndAddZcSignalInfo  0000000180009880 f   landingSimulation_sfun_registry.obj
 0001:000088f0       ssGetNumZcSignals          00000001800098f0 f   landingSimulation_sfun_registry.obj
 0001:00008960       ssGetZcSignalVector        0000000180009960 f   landingSimulation_sfun_registry.obj
 0001:000089d0       ssGetZcSignalName          00000001800099d0 f   landingSimulation_sfun_registry.obj
 0001:00008a40       ssGetZcSignalWidth         0000000180009a40 f   landingSimulation_sfun_registry.obj
 0001:00008ab0       ssGetZcSignalZcEventType   0000000180009ab0 f   landingSimulation_sfun_registry.obj
 0001:00008b20       ssGetZcSignalZcEvents      0000000180009b20 f   landingSimulation_sfun_registry.obj
 0001:00008b90       ssGetZcSignalType          0000000180009b90 f   landingSimulation_sfun_registry.obj
 0001:00008c00       ssGetZcSignalZcTol         0000000180009c00 f   landingSimulation_sfun_registry.obj
 0001:00008c80       ssGetZcSignalNeedsEventNotification 0000000180009c80 f   landingSimulation_sfun_registry.obj
 0001:00008cf0       ssGetZcSignalIsZcElementDisc 0000000180009cf0 f   landingSimulation_sfun_registry.obj
 0001:00008d90       ssGetIsInputPortElementContinuous 0000000180009d90 f   landingSimulation_sfun_registry.obj
 0001:00008e30       ssGetDTypeIdFromMxArray    0000000180009e30 f   landingSimulation_sfun_registry.obj
 0001:00008f50       ssWriteRTWStr              0000000180009f50 f   landingSimulation_sfun_registry.obj
 0001:00008fb0       ssWriteRTWNameValuePair    0000000180009fb0 f   landingSimulation_sfun_registry.obj
 0001:000094b0       ssWriteRTWParamSettings    000000018000a4b0 f   landingSimulation_sfun_registry.obj
 0001:00009ba0       ssWriteRTWParameters       000000018000aba0 f   landingSimulation_sfun_registry.obj
 0001:0000a160       ssWriteRTWWorkVect         000000018000b160 f   landingSimulation_sfun_registry.obj
 0001:0000a650       ssWriteRTWMxVectParam      000000018000b650 f   landingSimulation_sfun_registry.obj
 0001:0000a6d0       ssWriteRTWMx2dMatParam     000000018000b6d0 f   landingSimulation_sfun_registry.obj
 0001:0000a760       _ssSetInputPortMatrixDimensions 000000018000b760 f   landingSimulation_sfun_registry.obj
 0001:0000a860       _ssSetOutputPortMatrixDimensions 000000018000b860 f   landingSimulation_sfun_registry.obj
 0001:0000a960       _ssSetInputPortVectorDimension 000000018000b960 f   landingSimulation_sfun_registry.obj
 0001:0000aa10       _ssSetOutputPortVectorDimension 000000018000ba10 f   landingSimulation_sfun_registry.obj
 0001:0000aac0       ssIsRunTimeParamTunable    000000018000bac0 f   landingSimulation_sfun_registry.obj
 0001:0000ab30       ssGetSFuncBlockHandle      000000018000bb30 f   landingSimulation_sfun_registry.obj
 0001:0000aba0       _ssGetCurrentInputPortWidth 000000018000bba0 f   landingSimulation_sfun_registry.obj
 0001:0000acc0       _ssGetCurrentOutputPortWidth 000000018000bcc0 f   landingSimulation_sfun_registry.obj
 0001:0000ade0       _ssGetCallSystemNumFcnCallDestinations 000000018000bde0 f   landingSimulation_sfun_registry.obj
 0001:0000ae50       ssGetParameterTuningCompliance 000000018000be50 f   landingSimulation_sfun_registry.obj
 0001:0000aec0       ssWarning                  000000018000bec0 f   landingSimulation_sfun_registry.obj
 0001:0000afb0       _ssGetAbsTol               000000018000bfb0 f   landingSimulation_sfun_registry.obj
 0001:0000b020       _ssSetStateAbsTol          000000018000c020 f   landingSimulation_sfun_registry.obj
 0001:0000b100       sf_process_check_sum_call  000000018000c100 f   landingSimulation_sfun_registry.obj
 0001:0000b150       sf_process_autoinheritance_call 000000018000c150 f   landingSimulation_sfun_registry.obj
 0001:0000b380       sf_process_get_third_party_uses_info_call 000000018000c380 f   landingSimulation_sfun_registry.obj
 0001:0000b5b0       sf_process_get_jit_fallback_info_call 000000018000c5b0 f   landingSimulation_sfun_registry.obj
 0001:0000b7e0       sf_process_get_updateBuildInfo_args_info_call 000000018000c7e0 f   landingSimulation_sfun_registry.obj
 0001:0000ba10       sf_process_get_eml_resolved_functions_info_call 000000018000ca10 f   landingSimulation_sfun_registry.obj
 0001:0000bc10       sf_mex_unlock_call         000000018000cc10 f   landingSimulation_sfun_registry.obj
 0001:0000beb0       sf_machine_global_initializer_called 000000018000ceb0 f   landingSimulation_sfun_registry.obj
 0001:0000bee0       sf_machine_global_method_dispatcher 000000018000cee0 f   landingSimulation_sfun_registry.obj
 0001:0000bf40       sf_machine_global_terminator 000000018000cf40 f   landingSimulation_sfun_registry.obj
 0001:0000bf90       sf_register_machine_exported_symbols 000000018000cf90 f   landingSimulation_sfun_registry.obj
 0001:0000bfb0       callCustomFcn              000000018000cfb0 f   landingSimulation_sfun_registry.obj
 0001:0000bfc0       sf_machine_global_initializer 000000018000cfc0 f   landingSimulation_sfun_registry.obj
 0001:0000c040       mdlGetSimState             000000018000d040 f   landingSimulation_sfun_registry.obj
 0001:0000c080       mdlSetSimState             000000018000d080 f   landingSimulation_sfun_registry.obj
 0001:0000c8e0       ProcessMexSfunctionEveryCall 000000018000d8e0 f   landingSimulation_sfun_registry.obj
 0001:0000d5e0       __local_stdio_printf_options 000000018000e5e0 f i landingSimulation_sfun_registry.obj
 0001:0000d5f0       _vsnprintf_l               000000018000e5f0 f i landingSimulation_sfun_registry.obj
 0001:0000d670       _vsprintf_l                000000018000e670 f i landingSimulation_sfun_registry.obj
 0001:0000d6c0       sprintf                    000000018000e6c0 f i landingSimulation_sfun_registry.obj
 0001:0000d710       sf_load_rtw_optimization_info 000000018000e710 f   sf_runtime:sf_runtime.dll
 0001:0000d716       sf_debug_initialize_machine 000000018000e716 f   sf_runtime:sf_runtime.dll
 0001:0000d71c       sf_debug_set_machine_event_thresholds 000000018000e71c f   sf_runtime:sf_runtime.dll
 0001:0000d722       sf_debug_set_machine_data_thresholds 000000018000e722 f   sf_runtime:sf_runtime.dll
 0001:0000d728       sf_init_ChartRunTimeInfo   000000018000e728 f   sf_runtime:sf_runtime.dll
 0001:0000d72e       sf_free_ChartRunTimeInfo   000000018000e72e f   sf_runtime:sf_runtime.dll
 0001:0000d734       sf_get_chart_instance_ptr  000000018000e734 f   sf_runtime:sf_runtime.dll
 0001:0000d73a       sf_rtw_info_uint_prop      000000018000e73a f   sf_runtime:sf_runtime.dll
 0001:0000d740       sf_update_buildInfo        000000018000e740 f   sf_runtime:sf_runtime.dll
 0001:0000d746       sf_is_chart_inlinable      000000018000e746 f   sf_runtime:sf_runtime.dll
 0001:0000d74c       sf_mark_chart_reusable_outputs 000000018000e74c f   sf_runtime:sf_runtime.dll
 0001:0000d752       sf_mark_chart_expressionable_inputs 000000018000e752 f   sf_runtime:sf_runtime.dll
 0001:0000d758       sim_mode_is_rtw_gen        000000018000e758 f   sf_runtime:sf_runtime.dll
 0001:0000d75e       sim_mode_is_external       000000018000e75e f   sf_runtime:sf_runtime.dll
 0001:0000d764       sim_mode_is_modelref_sim   000000018000e764 f   sf_runtime:sf_runtime.dll
 0001:0000d76a       sf_clear_rtw_identifier    000000018000e76a f   sf_runtime:sf_runtime.dll
 0001:0000d770       sf_set_rtw_dwork_info      000000018000e770 f   sf_runtime:sf_runtime.dll
 0001:0000d776       sf_get_time                000000018000e776 f   sf_runtime:sf_runtime.dll
 0001:0000d77c       sf_is_first_init_cond      000000018000e77c f   sf_runtime:sf_runtime.dll
 0001:0000d782       sf_set_chart_accesses_machine_info 000000018000e782 f   sf_runtime:sf_runtime.dll
 0001:0000d788       sf_mex_error_message       000000018000e788 f   sf_runtime:sf_runtime.dll
 0001:0000d78e       sf_mex_create              000000018000e78e f   sf_runtime:sf_runtime.dll
 0001:0000d794       sf_mex_createcellmatrix    000000018000e794 f   sf_runtime:sf_runtime.dll
 0001:0000d79a       sf_mex_setcell             000000018000e79a f   sf_runtime:sf_runtime.dll
 0001:0000d7a0       sf_mex_getcell             000000018000e7a0 f   sf_runtime:sf_runtime.dll
 0001:0000d7a6       sf_mex_assign              000000018000e7a6 f   sf_runtime:sf_runtime.dll
 0001:0000d7ac       sf_mex_dup                 000000018000e7ac f   sf_runtime:sf_runtime.dll
 0001:0000d7b2       sf_mex_destroy             000000018000e7b2 f   sf_runtime:sf_runtime.dll
 0001:0000d7b8       sf_mex_import              000000018000e7b8 f   sf_runtime:sf_runtime.dll
 0001:0000d7be       sf_mex_decode_encoded_mx_struct_array 000000018000e7be f   sf_runtime:sf_runtime.dll
 0001:0000d7c4       ssGetInputPortSignal_wrapper 000000018000e7c4 f   sf_runtime:sf_runtime.dll
 0001:0000d7ca       ssGetOutputPortSignal_wrapper 000000018000e7ca f   sf_runtime:sf_runtime.dll
 0001:0000d7d0       sf_debug_initialize_chart  000000018000e7d0 f   sf_runtime:sf_runtime.dll
 0001:0000d7d6       sf_debug_call              000000018000e7d6 f   sf_runtime:sf_runtime.dll
 0001:0000d7dc       eml_debug_line_call        000000018000e7dc f   sf_runtime:sf_runtime.dll
 0001:0000d7e2       cv_eml_eval                000000018000e7e2 f   sf_runtime:sf_runtime.dll
 0001:0000d7e8       cv_eml_init_script         000000018000e7e8 f   sf_runtime:sf_runtime.dll
 0001:0000d7ee       cv_eml_init_fcn            000000018000e7ee f   sf_runtime:sf_runtime.dll
 0001:0000d7f4       cv_script_eval             000000018000e7f4 f   sf_runtime:sf_runtime.dll
 0001:0000d7fa       cv_script_init_script      000000018000e7fa f   sf_runtime:sf_runtime.dll
 0001:0000d800       cv_script_init_fcn         000000018000e800 f   sf_runtime:sf_runtime.dll
 0001:0000d806       sf_debug_reset_current_state_configuration 000000018000e806 f   sf_runtime:sf_runtime.dll
 0001:0000d80c       sf_debug_check_for_state_inconsistency 000000018000e80c f   sf_runtime:sf_runtime.dll
 0001:0000d812       sf_debug_set_chart_data_props 000000018000e812 f   sf_runtime:sf_runtime.dll
 0001:0000d818       sf_debug_set_chart_data_compiled_props 000000018000e818 f   sf_runtime:sf_runtime.dll
 0001:0000d81e       sf_debug_symbol_scope_push 000000018000e81e f   sf_runtime:sf_runtime.dll
 0001:0000d824       sf_debug_symbol_scope_push_eml 000000018000e824 f   sf_runtime:sf_runtime.dll
 0001:0000d82a       sf_debug_symbol_scope_pop  000000018000e82a f   sf_runtime:sf_runtime.dll
 0001:0000d830       sf_debug_symbol_scope_add_eml 000000018000e830 f   sf_runtime:sf_runtime.dll
 0001:0000d836       sf_debug_symbol_scope_add_eml_importable 000000018000e836 f   sf_runtime:sf_runtime.dll
 0001:0000d83c       sf_debug_set_instance_data_value_ptr 000000018000e83c f   sf_runtime:sf_runtime.dll
 0001:0000d842       sf_debug_set_chart_disable_implicit_casting 000000018000e842 f   sf_runtime:sf_runtime.dll
 0001:0000d848       sf_debug_set_chart_event_thresholds 000000018000e848 f   sf_runtime:sf_runtime.dll
 0001:0000d84e       sf_debug_set_chart_state_info 000000018000e84e f   sf_runtime:sf_runtime.dll
 0001:0000d854       sf_debug_set_chart_decomposition 000000018000e854 f   sf_runtime:sf_runtime.dll
 0001:0000d85a       sf_debug_set_chart_substate_count 000000018000e85a f   sf_runtime:sf_runtime.dll
 0001:0000d860       sf_debug_data_range_wrapper 000000018000e860 f   sf_runtime:sf_runtime.dll
 0001:0000d866       sf_debug_cv_init_trans     000000018000e866 f   sf_runtime:sf_runtime.dll
 0001:0000d86c       sf_debug_cv_init_chart     000000018000e86c f   sf_runtime:sf_runtime.dll
 0001:0000d872       sf_debug_cv_init_state     000000018000e872 f   sf_runtime:sf_runtime.dll
 0001:0000d878       sf_debug_get_script_id     000000018000e878 f   sf_runtime:sf_runtime.dll
 0001:0000d87e       sf_debug_set_script_translation 000000018000e87e f   sf_runtime:sf_runtime.dll
 0001:0000d884       sf_get_ChartInfoStruct_CodeGen 000000018000e884 f   sf_runtime:sf_runtime.dll
 0001:0000d88a       sf_get_isEnhancedMooreMachine 000000018000e88a f   sf_runtime:sf_runtime.dll
 0001:0000d890       sf_set_compiledInfo        000000018000e890 f   sf_runtime:sf_runtime.dll
 0001:0000d896       callMdlMethodAndReportError 000000018000e896 f   sf_runtime:sf_runtime.dll
 0001:0000d89c       call_sf_machine_global_method_dispatcher 000000018000e89c f   sf_runtime:sf_runtime.dll
 0001:0000d8a2       sf_mex_error_direct_call   000000018000e8a2 f   sf_runtime:sf_runtime.dll
 0001:0000d8a8       sf_clear_error_manager_info 000000018000e8a8 f   sf_runtime:sf_runtime.dll
 0001:0000d8ae       sf_debug_create_debug_instance_struct 000000018000e8ae f   sf_runtime:sf_runtime.dll
 0001:0000d8b4       sf_debug_terminate         000000018000e8b4 f   sf_runtime:sf_runtime.dll
 0001:0000d8ba       sf_debug_api               000000018000e8ba f   sf_runtime:sf_runtime.dll
 0001:0000d8c0       mxIsChar                   000000018000e8c0 f   libmx:libmx.dll
 0001:0000d8c6       mxGetPr                    000000018000e8c6 f   libmx:libmx.dll
 0001:0000d8cc       mxGetScalar                000000018000e8cc f   libmx:libmx.dll
 0001:0000d8d2       mxDestroyArray             000000018000e8d2 f   libmx:libmx.dll
 0001:0000d8d8       mxCreateDoubleMatrix_730   000000018000e8d8 f   libmx:libmx.dll
 0001:0000d8de       mxGetString_730            000000018000e8de f   libmx:libmx.dll
 0001:0000d8e4       mxDuplicateArray           000000018000e8e4 f   libmx:libmx.dll
 0001:0000d8ea       mxSetField_730             000000018000e8ea f   libmx:libmx.dll
 0001:0000d8f0       mxCreateDoubleScalar       000000018000e8f0 f   libmx:libmx.dll
 0001:0000d8f6       mxCreateString             000000018000e8f6 f   libmx:libmx.dll
 0001:0000d8fc       mxCreateCellMatrix_730     000000018000e8fc f   libmx:libmx.dll
 0001:0000d902       mxCreateCellArray_730      000000018000e902 f   libmx:libmx.dll
 0001:0000d908       mxCreateStructMatrix_730   000000018000e908 f   libmx:libmx.dll
 0001:0000d90e       mxCreateStructArray_730    000000018000e90e f   libmx:libmx.dll
 0001:0000d914       mxCalloc                   000000018000e914 f   libmx:libmx.dll
 0001:0000d91a       mxGetM                     000000018000e91a f   libmx:libmx.dll
 0001:0000d920       mxGetClassID               000000018000e920 f   libmx:libmx.dll
 0001:0000d926       mxIsNumeric                000000018000e926 f   libmx:libmx.dll
 0001:0000d92c       mxIsComplex                000000018000e92c f   libmx:libmx.dll
 0001:0000d932       mxGetN                     000000018000e932 f   libmx:libmx.dll
 0001:0000d938       mexMakeArrayPersistent     000000018000e938 f   libmex:libmex.dll
 0001:0000d93e       mexErrMsgTxt               000000018000e93e f   libmex:libmex.dll
 0001:0000d944       mexWarnMsgTxt              000000018000e944 f   libmex:libmex.dll
 0001:0000d94a       mexCallMATLABWithObject    000000018000e94a f   libmex:libmex.dll
 0001:0000d950       mexLock                    000000018000e950 f   libmex:libmex.dll
 0001:0000d956       mexUnlock                  000000018000e956 f   libmex:libmex.dll
 0001:0000d95c       mexIsLocked                000000018000e95c f   libmex:libmex.dll
 0001:0000d962       utMalloc                   000000018000e962 f   libut:libut.dll
 0001:0000d968       utFree                     000000018000e968 f   libut:libut.dll
 0001:0000d96e       emlrtNameCaptureMxArrayR2016a 000000018000e96e f   libemlrt:libemlrt.dll
 0001:0000d974       __raise_securityfailure    000000018000e974 f   MSVCRT:gs_report.obj
 0001:0000d9a8       __report_gsfailure         000000018000e9a8 f   MSVCRT:gs_report.obj
 0001:0000da7c       __report_rangecheckfailure 000000018000ea7c f   MSVCRT:gs_report.obj
 0001:0000da90       __report_securityfailure   000000018000ea90 f   MSVCRT:gs_report.obj
 0001:0000db2c       __report_securityfailureEx 000000018000eb2c f   MSVCRT:gs_report.obj
 0001:0000dd20       __GSHandlerCheck           000000018000ed20 f   MSVCRT:_gshandler_.obj
 0001:0000dd40       __GSHandlerCheckCommon     000000018000ed40 f   MSVCRT:_gshandler_.obj
 0001:0000ddb0       __security_check_cookie    000000018000edb0 f   MSVCRT:_amdsecgs_.obj
 0001:0000e144       _CRT_INIT                  000000018000f144 f   MSVCRT:dll_dllmain.obj
 0001:0000e14c       _DllMainCRTStartup         000000018000f14c f   MSVCRT:dll_dllmain.obj
 0001:0000e18c       ??$__crt_fast_decode_pointer@PEAP6AXXZ@@YAPEAP6AXXZQEAP6AXXZ@Z 000000018000f18c f i MSVCRT:utility.obj
 0001:0000e1a4       ??$__crt_fast_encode_pointer@PEAP6AXXZ@@YAPEAP6AXXZQEAP6AXXZ@Z 000000018000f1a4 f i MSVCRT:utility.obj
 0001:0000e1c4       ?__crt_rotate_pointer_value@@YA_K_KH@Z 000000018000f1c4 f i MSVCRT:utility.obj
 0001:0000e1d0       ?configure_argv@__scrt_narrow_argv_policy@@SAHXZ 000000018000f1d0 f i MSVCRT:utility.obj
 0001:0000e260       NtCurrentTeb               000000018000f260 f i MSVCRT:utility.obj
 0001:0000e26c       __scrt_acquire_startup_lock 000000018000f26c f   MSVCRT:utility.obj
 0001:0000e2a8       __scrt_dllmain_after_initialize_c 000000018000f2a8 f   MSVCRT:utility.obj
 0001:0000e2dc       __scrt_dllmain_before_initialize_c 000000018000f2dc f   MSVCRT:utility.obj
 0001:0000e2f4       __scrt_dllmain_crt_thread_attach 000000018000f2f4 f   MSVCRT:utility.obj
 0001:0000e31c       __scrt_dllmain_crt_thread_detach 000000018000f31c f   MSVCRT:utility.obj
 0001:0000e334       __scrt_dllmain_exception_filter 000000018000f334 f   MSVCRT:utility.obj
 0001:0000e398       __scrt_dllmain_uninitialize_c 000000018000f398 f   MSVCRT:utility.obj
 0001:0000e3c8       __scrt_dllmain_uninitialize_critical 000000018000f3c8 f   MSVCRT:utility.obj
 0001:0000e3dc       __scrt_initialize_crt      000000018000f3dc f   MSVCRT:utility.obj
 0001:0000e428       __scrt_initialize_onexit_tables 000000018000f428 f   MSVCRT:utility.obj
 0001:0000e4f4       __scrt_is_nonwritable_in_current_image 000000018000f4f4 f   MSVCRT:utility.obj
 0001:0000e590       __scrt_release_startup_lock 000000018000f590 f   MSVCRT:utility.obj
 0001:0000e5b4       __scrt_uninitialize_crt    000000018000f5b4 f   MSVCRT:utility.obj
 0001:0000e5e0       _onexit                    000000018000f5e0 f   MSVCRT:utility.obj
 0001:0000e630       at_quick_exit              000000018000f630 f   MSVCRT:utility.obj
 0001:0000e668       atexit                     000000018000f668 f   MSVCRT:utility.obj
 0001:0000e680       __security_init_cookie     000000018000f680 f   MSVCRT:gs_support.obj
 0001:0000e72c       DllMain                    000000018000f72c f   MSVCRT:dll_dllmain_stub.obj
 0001:0000e750       ?__scrt_initialize_type_info@@YAXXZ 000000018000f750 f   MSVCRT:tncleanup.obj
 0001:0000e760       ?__scrt_uninitialize_type_info@@YAXXZ 000000018000f760 f   MSVCRT:tncleanup.obj
 0001:0000e76c       __local_stdio_scanf_options 000000018000f76c f i MSVCRT:default_local_stdio_options.obj
 0001:0000e774       __scrt_initialize_default_local_stdio_options 000000018000f774 f   MSVCRT:default_local_stdio_options.obj
 0001:0000e790       __scrt_get_dyn_tls_init_callback 000000018000f790 f   MSVCRT:dyn_tls_init.obj
 0001:0000e798       __crt_debugger_hook        000000018000f798 f   MSVCRT:utility_desktop.obj
 0001:0000e7a0       __scrt_fastfail            000000018000f7a0 f   MSVCRT:utility_desktop.obj
 0001:0000e8e8       __scrt_get_show_window_mode 000000018000f8e8 f   MSVCRT:utility_desktop.obj
 0001:0000e924       __scrt_initialize_winrt    000000018000f924 f   MSVCRT:utility_desktop.obj
 0001:0000e928       __scrt_is_managed_app      000000018000f928 f   MSVCRT:utility_desktop.obj
 0001:0000e97c       __scrt_set_unhandled_exception_filter 000000018000f97c f   MSVCRT:utility_desktop.obj
 0001:0000e98c       __scrt_unhandled_exception_filter 000000018000f98c f   MSVCRT:utility_desktop.obj
 0001:0000e9c4       _RTC_Initialize            000000018000f9c4 f   MSVCRT:_initsect_.obj
 0001:0000ea10       _RTC_Terminate             000000018000fa10 f   MSVCRT:_initsect_.obj
 0001:0000ea5c       _guard_check_icall         000000018000fa5c f i MSVCRT:checkcfg.obj
 0001:0000ea64       __isa_available_init       000000018000fa64 f   MSVCRT:_cpu_disp_.obj
 0001:0000ec28       _get_startup_argv_mode     000000018000fc28 f   MSVCRT:argv_mode.obj
 0001:0000ec30       __scrt_is_ucrt_dll_in_use  000000018000fc30 f   MSVCRT:ucrt_detection.obj
 0001:0000ec3c       _guard_check_icall_nop     000000018000fc3c f i MSVCRT:guard_support.obj
 0001:0000ec40       _guard_icall_checks_enforced 000000018000fc40 f i MSVCRT:guard_support.obj
 0001:0000ec60       RtlCaptureContext          000000018000fc60 f   kernel32:KERNEL32.dll
 0001:0000ec66       RtlLookupFunctionEntry     000000018000fc66 f   kernel32:KERNEL32.dll
 0001:0000ec6c       RtlVirtualUnwind           000000018000fc6c f   kernel32:KERNEL32.dll
 0001:0000ec72       UnhandledExceptionFilter   000000018000fc72 f   kernel32:KERNEL32.dll
 0001:0000ec78       SetUnhandledExceptionFilter 000000018000fc78 f   kernel32:KERNEL32.dll
 0001:0000ec7e       GetCurrentProcess          000000018000fc7e f   kernel32:KERNEL32.dll
 0001:0000ec84       TerminateProcess           000000018000fc84 f   kernel32:KERNEL32.dll
 0001:0000ec8a       IsProcessorFeaturePresent  000000018000fc8a f   kernel32:KERNEL32.dll
 0001:0000ec90       QueryPerformanceCounter    000000018000fc90 f   kernel32:KERNEL32.dll
 0001:0000ec96       GetCurrentProcessId        000000018000fc96 f   kernel32:KERNEL32.dll
 0001:0000ec9c       GetCurrentThreadId         000000018000fc9c f   kernel32:KERNEL32.dll
 0001:0000eca2       GetSystemTimeAsFileTime    000000018000fca2 f   kernel32:KERNEL32.dll
 0001:0000eca8       DisableThreadLibraryCalls  000000018000fca8 f   kernel32:KERNEL32.dll
 0001:0000ecae       InitializeSListHead        000000018000fcae f   kernel32:KERNEL32.dll
 0001:0000ecb4       IsDebuggerPresent          000000018000fcb4 f   kernel32:KERNEL32.dll
 0001:0000ecba       GetStartupInfoW            000000018000fcba f   kernel32:KERNEL32.dll
 0001:0000ecc0       GetModuleHandleW           000000018000fcc0 f   kernel32:KERNEL32.dll
 0001:0000ecc6       memset                     000000018000fcc6 f   vcruntime:VCRUNTIME140.dll
 0001:0000eccc       memcpy                     000000018000fccc f   vcruntime:VCRUNTIME140.dll
 0001:0000ecd2       __telemetry_main_invoke_trigger 000000018000fcd2 f   vcruntime:VCRUNTIME140.dll
 0001:0000ecd8       __telemetry_main_return_trigger 000000018000fcd8 f   vcruntime:VCRUNTIME140.dll
 0001:0000ecde       __C_specific_handler       000000018000fcde f   vcruntime:VCRUNTIME140.dll
 0001:0000ece4       __std_type_info_destroy_list 000000018000fce4 f   vcruntime:VCRUNTIME140.dll
 0001:0000ecea       strcmp                     000000018000fcea f   ucrt:api-ms-win-crt-string-l1-1-0.dll
 0001:0000ecf0       strcat                     000000018000fcf0 f   ucrt:api-ms-win-crt-string-l1-1-0.dll
 0001:0000ecf6       strlen                     000000018000fcf6 f   ucrt:api-ms-win-crt-string-l1-1-0.dll
 0001:0000ecfc       __stdio_common_vsprintf    000000018000fcfc f   ucrt:api-ms-win-crt-stdio-l1-1-0.dll
 0001:0000ed02       free                       000000018000fd02 f   ucrt:api-ms-win-crt-heap-l1-1-0.dll
 0001:0000ed08       malloc                     000000018000fd08 f   ucrt:api-ms-win-crt-heap-l1-1-0.dll
 0001:0000ed0e       _initterm                  000000018000fd0e f   ucrt:api-ms-win-crt-runtime-l1-1-0.dll
 0001:0000ed14       _initterm_e                000000018000fd14 f   ucrt:api-ms-win-crt-runtime-l1-1-0.dll
 0001:0000ed1a       _seh_filter_dll            000000018000fd1a f   ucrt:api-ms-win-crt-runtime-l1-1-0.dll
 0001:0000ed20       _configure_narrow_argv     000000018000fd20 f   ucrt:api-ms-win-crt-runtime-l1-1-0.dll
 0001:0000ed26       _initialize_narrow_environment 000000018000fd26 f   ucrt:api-ms-win-crt-runtime-l1-1-0.dll
 0001:0000ed2c       _initialize_onexit_table   000000018000fd2c f   ucrt:api-ms-win-crt-runtime-l1-1-0.dll
 0001:0000ed32       _register_onexit_function  000000018000fd32 f   ucrt:api-ms-win-crt-runtime-l1-1-0.dll
 0001:0000ed38       _execute_onexit_table      000000018000fd38 f   ucrt:api-ms-win-crt-runtime-l1-1-0.dll
 0001:0000ed3e       _crt_atexit                000000018000fd3e f   ucrt:api-ms-win-crt-runtime-l1-1-0.dll
 0001:0000ed44       _crt_at_quick_exit         000000018000fd44 f   ucrt:api-ms-win-crt-runtime-l1-1-0.dll
 0001:0000ed4a       _cexit                     000000018000fd4a f   ucrt:api-ms-win-crt-runtime-l1-1-0.dll
 0001:0000ed50       terminate                  000000018000fd50 f   ucrt:api-ms-win-crt-runtime-l1-1-0.dll
 0001:0000ed58       __scrt_stub_for_acrt_initialize 000000018000fd58 f   MSVCRT:ucrt_stubs.obj
 0001:0000ed58       __vcrt_initialize          000000018000fd58 f   MSVCRT:ucrt_stubs.obj
 0001:0000ed58       __acrt_initialize          000000018000fd58 f   MSVCRT:ucrt_stubs.obj
 0001:0000ed5c       __vcrt_thread_attach       000000018000fd5c f   MSVCRT:ucrt_stubs.obj
 0001:0000ed5c       __scrt_stub_for_acrt_thread_attach 000000018000fd5c f   MSVCRT:ucrt_stubs.obj
 0001:0000ed5c       __acrt_thread_attach       000000018000fd5c f   MSVCRT:ucrt_stubs.obj
 0001:0000ed60       __vcrt_thread_detach       000000018000fd60 f   MSVCRT:ucrt_stubs.obj
 0001:0000ed60       __acrt_thread_detach       000000018000fd60 f   MSVCRT:ucrt_stubs.obj
 0001:0000ed60       __scrt_stub_for_acrt_thread_detach 000000018000fd60 f   MSVCRT:ucrt_stubs.obj
 0001:0000ed64       __acrt_uninitialize        000000018000fd64 f   MSVCRT:ucrt_stubs.obj
 0001:0000ed64       __vcrt_uninitialize        000000018000fd64 f   MSVCRT:ucrt_stubs.obj
 0001:0000ed64       __scrt_stub_for_acrt_uninitialize 000000018000fd64 f   MSVCRT:ucrt_stubs.obj
 0001:0000ed68       __vcrt_uninitialize_critical 000000018000fd68 f   MSVCRT:ucrt_stubs.obj
 0001:0000ed68       __acrt_uninitialize_critical 000000018000fd68 f   MSVCRT:ucrt_stubs.obj
 0001:0000ed68       __scrt_stub_for_acrt_uninitialize_critical 000000018000fd68 f   MSVCRT:ucrt_stubs.obj
 0001:0000ed6c       _is_c_termination_complete 000000018000fd6c f   MSVCRT:ucrt_stubs.obj
 0001:0000ed6c       __scrt_stub_for_is_c_termination_complete 000000018000fd6c f   MSVCRT:ucrt_stubs.obj
 0001:0000ed80       _guard_dispatch_icall_nop  000000018000fd80 f   MSVCRT:_guard_dispatch_.obj
 0002:00000000       __imp_SetUnhandledExceptionFilter 0000000180010000     kernel32:KERNEL32.dll
 0002:00000008       __imp_IsProcessorFeaturePresent 0000000180010008     kernel32:KERNEL32.dll
 0002:00000010       __imp_RtlCaptureContext    0000000180010010     kernel32:KERNEL32.dll
 0002:00000018       __imp_RtlLookupFunctionEntry 0000000180010018     kernel32:KERNEL32.dll
 0002:00000020       __imp_QueryPerformanceCounter 0000000180010020     kernel32:KERNEL32.dll
 0002:00000028       __imp_GetCurrentProcessId  0000000180010028     kernel32:KERNEL32.dll
 0002:00000030       __imp_GetCurrentThreadId   0000000180010030     kernel32:KERNEL32.dll
 0002:00000038       __imp_GetSystemTimeAsFileTime 0000000180010038     kernel32:KERNEL32.dll
 0002:00000040       __imp_DisableThreadLibraryCalls 0000000180010040     kernel32:KERNEL32.dll
 0002:00000048       __imp_InitializeSListHead  0000000180010048     kernel32:KERNEL32.dll
 0002:00000050       __imp_IsDebuggerPresent    0000000180010050     kernel32:KERNEL32.dll
 0002:00000058       __imp_GetStartupInfoW      0000000180010058     kernel32:KERNEL32.dll
 0002:00000060       __imp_GetModuleHandleW     0000000180010060     kernel32:KERNEL32.dll
 0002:00000068       __imp_GetCurrentProcess    0000000180010068     kernel32:KERNEL32.dll
 0002:00000070       __imp_TerminateProcess     0000000180010070     kernel32:KERNEL32.dll
 0002:00000078       __imp_UnhandledExceptionFilter 0000000180010078     kernel32:KERNEL32.dll
 0002:00000080       __imp_RtlVirtualUnwind     0000000180010080     kernel32:KERNEL32.dll
 0002:00000088       \177KERNEL32_NULL_THUNK_DATA 0000000180010088     kernel32:KERNEL32.dll
 0002:00000090       __imp_memset               0000000180010090     vcruntime:VCRUNTIME140.dll
 0002:00000098       __imp___telemetry_main_invoke_trigger 0000000180010098     vcruntime:VCRUNTIME140.dll
 0002:000000a0       __imp___telemetry_main_return_trigger 00000001800100a0     vcruntime:VCRUNTIME140.dll
 0002:000000a8       __imp___C_specific_handler 00000001800100a8     vcruntime:VCRUNTIME140.dll
 0002:000000b0       __imp___std_type_info_destroy_list 00000001800100b0     vcruntime:VCRUNTIME140.dll
 0002:000000b8       __imp_memcpy               00000001800100b8     vcruntime:VCRUNTIME140.dll
 0002:000000c0       \177VCRUNTIME140_NULL_THUNK_DATA 00000001800100c0     vcruntime:VCRUNTIME140.dll
 0002:000000c8       __imp_malloc               00000001800100c8     ucrt:api-ms-win-crt-heap-l1-1-0.dll
 0002:000000d0       __imp_free                 00000001800100d0     ucrt:api-ms-win-crt-heap-l1-1-0.dll
 0002:000000d8       \177api-ms-win-crt-heap-l1-1-0_NULL_THUNK_DATA 00000001800100d8     ucrt:api-ms-win-crt-heap-l1-1-0.dll
 0002:000000e0       __imp__initterm_e          00000001800100e0     ucrt:api-ms-win-crt-runtime-l1-1-0.dll
 0002:000000e8       __imp__configure_narrow_argv 00000001800100e8     ucrt:api-ms-win-crt-runtime-l1-1-0.dll
 0002:000000f0       __imp__initialize_narrow_environment 00000001800100f0     ucrt:api-ms-win-crt-runtime-l1-1-0.dll
 0002:000000f8       __imp__initialize_onexit_table 00000001800100f8     ucrt:api-ms-win-crt-runtime-l1-1-0.dll
 0002:00000100       __imp__register_onexit_function 0000000180010100     ucrt:api-ms-win-crt-runtime-l1-1-0.dll
 0002:00000108       __imp__execute_onexit_table 0000000180010108     ucrt:api-ms-win-crt-runtime-l1-1-0.dll
 0002:00000110       __imp__crt_atexit          0000000180010110     ucrt:api-ms-win-crt-runtime-l1-1-0.dll
 0002:00000118       __imp__crt_at_quick_exit   0000000180010118     ucrt:api-ms-win-crt-runtime-l1-1-0.dll
 0002:00000120       __imp__cexit               0000000180010120     ucrt:api-ms-win-crt-runtime-l1-1-0.dll
 0002:00000128       __imp_terminate            0000000180010128     ucrt:api-ms-win-crt-runtime-l1-1-0.dll
 0002:00000130       __imp__initterm            0000000180010130     ucrt:api-ms-win-crt-runtime-l1-1-0.dll
 0002:00000138       __imp__seh_filter_dll      0000000180010138     ucrt:api-ms-win-crt-runtime-l1-1-0.dll
 0002:00000140       \177api-ms-win-crt-runtime-l1-1-0_NULL_THUNK_DATA 0000000180010140     ucrt:api-ms-win-crt-runtime-l1-1-0.dll
 0002:00000148       __imp___stdio_common_vsprintf 0000000180010148     ucrt:api-ms-win-crt-stdio-l1-1-0.dll
 0002:00000150       \177api-ms-win-crt-stdio-l1-1-0_NULL_THUNK_DATA 0000000180010150     ucrt:api-ms-win-crt-stdio-l1-1-0.dll
 0002:00000158       __imp_strlen               0000000180010158     ucrt:api-ms-win-crt-string-l1-1-0.dll
 0002:00000160       __imp_strcat               0000000180010160     ucrt:api-ms-win-crt-string-l1-1-0.dll
 0002:00000168       __imp_strcmp               0000000180010168     ucrt:api-ms-win-crt-string-l1-1-0.dll
 0002:00000170       \177api-ms-win-crt-string-l1-1-0_NULL_THUNK_DATA 0000000180010170     ucrt:api-ms-win-crt-string-l1-1-0.dll
 0002:00000178       __imp_emlrtNameCaptureMxArrayR2016a 0000000180010178     libemlrt:libemlrt.dll
 0002:00000180       \177libemlrt_NULL_THUNK_DATA 0000000180010180     libemlrt:libemlrt.dll
 0002:00000188       __imp_mexIsLocked          0000000180010188     libmex:libmex.dll
 0002:00000190       __imp_mexUnlock            0000000180010190     libmex:libmex.dll
 0002:00000198       __imp_mexLock              0000000180010198     libmex:libmex.dll
 0002:000001a0       __imp_mexCallMATLABWithObject 00000001800101a0     libmex:libmex.dll
 0002:000001a8       __imp_mexWarnMsgTxt        00000001800101a8     libmex:libmex.dll
 0002:000001b0       __imp_mexErrMsgTxt         00000001800101b0     libmex:libmex.dll
 0002:000001b8       __imp_mexMakeArrayPersistent 00000001800101b8     libmex:libmex.dll
 0002:000001c0       \177libmex_NULL_THUNK_DATA 00000001800101c0     libmex:libmex.dll
 0002:000001c8       __imp_mxGetN               00000001800101c8     libmx:libmx.dll
 0002:000001d0       __imp_mxIsComplex          00000001800101d0     libmx:libmx.dll
 0002:000001d8       __imp_mxIsNumeric          00000001800101d8     libmx:libmx.dll
 0002:000001e0       __imp_mxGetClassID         00000001800101e0     libmx:libmx.dll
 0002:000001e8       __imp_mxGetM               00000001800101e8     libmx:libmx.dll
 0002:000001f0       __imp_mxCalloc             00000001800101f0     libmx:libmx.dll
 0002:000001f8       __imp_mxCreateStructArray_730 00000001800101f8     libmx:libmx.dll
 0002:00000200       __imp_mxCreateStructMatrix_730 0000000180010200     libmx:libmx.dll
 0002:00000208       __imp_mxCreateCellArray_730 0000000180010208     libmx:libmx.dll
 0002:00000210       __imp_mxCreateCellMatrix_730 0000000180010210     libmx:libmx.dll
 0002:00000218       __imp_mxCreateString       0000000180010218     libmx:libmx.dll
 0002:00000220       __imp_mxCreateDoubleScalar 0000000180010220     libmx:libmx.dll
 0002:00000228       __imp_mxSetField_730       0000000180010228     libmx:libmx.dll
 0002:00000230       __imp_mxDuplicateArray     0000000180010230     libmx:libmx.dll
 0002:00000238       __imp_mxGetString_730      0000000180010238     libmx:libmx.dll
 0002:00000240       __imp_mxIsChar             0000000180010240     libmx:libmx.dll
 0002:00000248       __imp_mxGetPr              0000000180010248     libmx:libmx.dll
 0002:00000250       __imp_mxGetScalar          0000000180010250     libmx:libmx.dll
 0002:00000258       __imp_mxDestroyArray       0000000180010258     libmx:libmx.dll
 0002:00000260       __imp_mxCreateDoubleMatrix_730 0000000180010260     libmx:libmx.dll
 0002:00000268       \177libmx_NULL_THUNK_DATA  0000000180010268     libmx:libmx.dll
 0002:00000270       __imp_utMalloc             0000000180010270     libut:libut.dll
 0002:00000278       __imp_utFree               0000000180010278     libut:libut.dll
 0002:00000280       \177libut_NULL_THUNK_DATA  0000000180010280     libut:libut.dll
 0002:00000288       __imp_sf_debug_create_debug_instance_struct 0000000180010288     sf_runtime:sf_runtime.dll
 0002:00000290       __imp_sf_clear_error_manager_info 0000000180010290     sf_runtime:sf_runtime.dll
 0002:00000298       __imp_sf_mex_error_direct_call 0000000180010298     sf_runtime:sf_runtime.dll
 0002:000002a0       __imp_call_sf_machine_global_method_dispatcher 00000001800102a0     sf_runtime:sf_runtime.dll
 0002:000002a8       __imp_callMdlMethodAndReportError 00000001800102a8     sf_runtime:sf_runtime.dll
 0002:000002b0       __imp_sf_set_compiledInfo  00000001800102b0     sf_runtime:sf_runtime.dll
 0002:000002b8       __imp_sf_get_isEnhancedMooreMachine 00000001800102b8     sf_runtime:sf_runtime.dll
 0002:000002c0       __imp_sf_get_ChartInfoStruct_CodeGen 00000001800102c0     sf_runtime:sf_runtime.dll
 0002:000002c8       __imp_sf_debug_set_script_translation 00000001800102c8     sf_runtime:sf_runtime.dll
 0002:000002d0       __imp_sf_debug_get_script_id 00000001800102d0     sf_runtime:sf_runtime.dll
 0002:000002d8       __imp_sf_debug_terminate   00000001800102d8     sf_runtime:sf_runtime.dll
 0002:000002e0       __imp_sf_debug_cv_init_chart 00000001800102e0     sf_runtime:sf_runtime.dll
 0002:000002e8       __imp_sf_debug_cv_init_trans 00000001800102e8     sf_runtime:sf_runtime.dll
 0002:000002f0       __imp_sf_debug_data_range_wrapper 00000001800102f0     sf_runtime:sf_runtime.dll
 0002:000002f8       __imp_sf_debug_set_chart_substate_count 00000001800102f8     sf_runtime:sf_runtime.dll
 0002:00000300       __imp_sf_debug_set_chart_decomposition 0000000180010300     sf_runtime:sf_runtime.dll
 0002:00000308       __imp_sf_debug_set_chart_state_info 0000000180010308     sf_runtime:sf_runtime.dll
 0002:00000310       __imp_sf_debug_set_chart_event_thresholds 0000000180010310     sf_runtime:sf_runtime.dll
 0002:00000318       __imp_sf_debug_set_chart_disable_implicit_casting 0000000180010318     sf_runtime:sf_runtime.dll
 0002:00000320       __imp_sf_debug_set_instance_data_value_ptr 0000000180010320     sf_runtime:sf_runtime.dll
 0002:00000328       __imp_sf_debug_symbol_scope_add_eml_importable 0000000180010328     sf_runtime:sf_runtime.dll
 0002:00000330       __imp_sf_debug_api         0000000180010330     sf_runtime:sf_runtime.dll
 0002:00000338       __imp_sf_debug_cv_init_state 0000000180010338     sf_runtime:sf_runtime.dll
 0002:00000340       __imp_sf_debug_symbol_scope_add_eml 0000000180010340     sf_runtime:sf_runtime.dll
 0002:00000348       __imp_sf_debug_symbol_scope_pop 0000000180010348     sf_runtime:sf_runtime.dll
 0002:00000350       __imp_sf_debug_symbol_scope_push_eml 0000000180010350     sf_runtime:sf_runtime.dll
 0002:00000358       __imp_sf_debug_symbol_scope_push 0000000180010358     sf_runtime:sf_runtime.dll
 0002:00000360       __imp_sf_debug_set_chart_data_compiled_props 0000000180010360     sf_runtime:sf_runtime.dll
 0002:00000368       __imp_sf_debug_set_chart_data_props 0000000180010368     sf_runtime:sf_runtime.dll
 0002:00000370       __imp_sf_debug_check_for_state_inconsistency 0000000180010370     sf_runtime:sf_runtime.dll
 0002:00000378       __imp_sf_debug_reset_current_state_configuration 0000000180010378     sf_runtime:sf_runtime.dll
 0002:00000380       __imp_cv_script_init_fcn   0000000180010380     sf_runtime:sf_runtime.dll
 0002:00000388       __imp_cv_script_init_script 0000000180010388     sf_runtime:sf_runtime.dll
 0002:00000390       __imp_cv_script_eval       0000000180010390     sf_runtime:sf_runtime.dll
 0002:00000398       __imp_cv_eml_init_fcn      0000000180010398     sf_runtime:sf_runtime.dll
 0002:000003a0       __imp_cv_eml_init_script   00000001800103a0     sf_runtime:sf_runtime.dll
 0002:000003a8       __imp_cv_eml_eval          00000001800103a8     sf_runtime:sf_runtime.dll
 0002:000003b0       __imp_eml_debug_line_call  00000001800103b0     sf_runtime:sf_runtime.dll
 0002:000003b8       __imp_sf_debug_call        00000001800103b8     sf_runtime:sf_runtime.dll
 0002:000003c0       __imp_sf_debug_initialize_chart 00000001800103c0     sf_runtime:sf_runtime.dll
 0002:000003c8       __imp_ssGetOutputPortSignal_wrapper 00000001800103c8     sf_runtime:sf_runtime.dll
 0002:000003d0       __imp_ssGetInputPortSignal_wrapper 00000001800103d0     sf_runtime:sf_runtime.dll
 0002:000003d8       __imp_sf_mex_decode_encoded_mx_struct_array 00000001800103d8     sf_runtime:sf_runtime.dll
 0002:000003e0       __imp_sf_mex_import        00000001800103e0     sf_runtime:sf_runtime.dll
 0002:000003e8       __imp_sf_mex_destroy       00000001800103e8     sf_runtime:sf_runtime.dll
 0002:000003f0       __imp_sf_mex_dup           00000001800103f0     sf_runtime:sf_runtime.dll
 0002:000003f8       __imp_sf_mex_assign        00000001800103f8     sf_runtime:sf_runtime.dll
 0002:00000400       __imp_sf_mex_getcell       0000000180010400     sf_runtime:sf_runtime.dll
 0002:00000408       __imp_sf_mex_setcell       0000000180010408     sf_runtime:sf_runtime.dll
 0002:00000410       __imp_sf_mex_createcellmatrix 0000000180010410     sf_runtime:sf_runtime.dll
 0002:00000418       __imp_sf_mex_create        0000000180010418     sf_runtime:sf_runtime.dll
 0002:00000420       __imp_sf_mex_error_message 0000000180010420     sf_runtime:sf_runtime.dll
 0002:00000428       __imp_sf_set_chart_accesses_machine_info 0000000180010428     sf_runtime:sf_runtime.dll
 0002:00000430       __imp_sf_is_first_init_cond 0000000180010430     sf_runtime:sf_runtime.dll
 0002:00000438       __imp_sf_get_time          0000000180010438     sf_runtime:sf_runtime.dll
 0002:00000440       __imp_sf_set_rtw_dwork_info 0000000180010440     sf_runtime:sf_runtime.dll
 0002:00000448       __imp_sf_clear_rtw_identifier 0000000180010448     sf_runtime:sf_runtime.dll
 0002:00000450       __imp_sim_mode_is_modelref_sim 0000000180010450     sf_runtime:sf_runtime.dll
 0002:00000458       __imp_sim_mode_is_external 0000000180010458     sf_runtime:sf_runtime.dll
 0002:00000460       __imp_sim_mode_is_rtw_gen  0000000180010460     sf_runtime:sf_runtime.dll
 0002:00000468       __imp_sf_mark_chart_expressionable_inputs 0000000180010468     sf_runtime:sf_runtime.dll
 0002:00000470       __imp_sf_mark_chart_reusable_outputs 0000000180010470     sf_runtime:sf_runtime.dll
 0002:00000478       __imp_sf_is_chart_inlinable 0000000180010478     sf_runtime:sf_runtime.dll
 0002:00000480       __imp_sf_update_buildInfo  0000000180010480     sf_runtime:sf_runtime.dll
 0002:00000488       __imp_sf_rtw_info_uint_prop 0000000180010488     sf_runtime:sf_runtime.dll
 0002:00000490       __imp_sf_get_chart_instance_ptr 0000000180010490     sf_runtime:sf_runtime.dll
 0002:00000498       __imp_sf_free_ChartRunTimeInfo 0000000180010498     sf_runtime:sf_runtime.dll
 0002:000004a0       __imp_sf_init_ChartRunTimeInfo 00000001800104a0     sf_runtime:sf_runtime.dll
 0002:000004a8       __imp_sf_debug_set_machine_data_thresholds 00000001800104a8     sf_runtime:sf_runtime.dll
 0002:000004b0       __imp_sf_debug_set_machine_event_thresholds 00000001800104b0     sf_runtime:sf_runtime.dll
 0002:000004b8       __imp_sf_debug_initialize_machine 00000001800104b8     sf_runtime:sf_runtime.dll
 0002:000004c0       __imp_sf_load_rtw_optimization_info 00000001800104c0     sf_runtime:sf_runtime.dll
 0002:000004c8       \177sf_runtime_NULL_THUNK_DATA 00000001800104c8     sf_runtime:sf_runtime.dll
 0002:000004d0       __guard_check_icall_fptr   00000001800104d0     MSVCRT:guard_support.obj
 0002:000004d8       __guard_dispatch_icall_fptr 00000001800104d8     MSVCRT:guard_support.obj
 0002:000004e0       __xc_a                     00000001800104e0     MSVCRT:initializers.obj
 0002:000004e8       __xc_z                     00000001800104e8     MSVCRT:initializers.obj
 0002:000004f0       __xi_a                     00000001800104f0     MSVCRT:initializers.obj
 0002:000004f8       __xi_z                     00000001800104f8     MSVCRT:initializers.obj
 0002:00000500       __xp_a                     0000000180010500     MSVCRT:initializers.obj
 0002:00000508       __xp_z                     0000000180010508     MSVCRT:initializers.obj
 0002:00000510       __xt_a                     0000000180010510     MSVCRT:initializers.obj
 0002:00000518       __xt_z                     0000000180010518     MSVCRT:initializers.obj
 0002:00000520       __real@41c8857a86000000    0000000180010520     landingSimulation_sfun.obj
 0002:00000528       __real@41c8ee0946800000    0000000180010528     landingSimulation_sfun.obj
 0002:00000530       __real@41d488e557400000    0000000180010530     landingSimulation_sfun.obj
 0002:00000538       __real@41d61bb0af000000    0000000180010538     landingSimulation_sfun.obj
 0002:00000540       __real@41da91fd70400000    0000000180010540     landingSimulation_sfun.obj
 0002:00000548       __real@41db7b0ec0800000    0000000180010548     landingSimulation_sfun.obj
 0002:00000550       __real@41db9ba3aac00000    0000000180010550     landingSimulation_sfun.obj
 0002:00000558       __real@41e03505f3800000    0000000180010558     landingSimulation_sfun.obj
 0002:00000560       __real@41e1575dbcc00000    0000000180010560     landingSimulation_sfun.obj
 0002:00000568       __real@41e195fccc600000    0000000180010568     landingSimulation_sfun.obj
 0002:00000570       __real@41e2348059400000    0000000180010570     landingSimulation_sfun.obj
 0002:00000578       __real@41ee3e60a4800000    0000000180010578     landingSimulation_sfun.obj
 0002:00000580       __real@3f827e52157689ca    0000000180010580     c2_landingSimulation.obj
 0002:00000588       __real@3fe547ae147ae148    0000000180010588     c2_landingSimulation.obj
 0002:00000590       __real@3ff0000000000000    0000000180010590     c2_landingSimulation.obj
 0002:00000598       __real@3ff547ae147ae148    0000000180010598     c2_landingSimulation.obj
 0002:000005a0       __real@4000000000000000    00000001800105a0     c2_landingSimulation.obj
 0002:000005a8       __real@400922b6ae7d566d    00000001800105a8     c2_landingSimulation.obj
 0002:000005b0       __real@400db020c49ba5e3    00000001800105b0     c2_landingSimulation.obj
 0002:000005b8       __real@4010000000000000    00000001800105b8     c2_landingSimulation.obj
 0002:000005c0       __real@4014000000000000    00000001800105c0     c2_landingSimulation.obj
 0002:000005c8       __real@4024000000000000    00000001800105c8     c2_landingSimulation.obj
 0002:000005d0       __real@41c3edf14c000000    00000001800105d0     c2_landingSimulation.obj
 0002:000005d8       __real@41c625149d800000    00000001800105d8     c2_landingSimulation.obj
 0002:000005e0       __real@41e3a64b2ea00000    00000001800105e0     c2_landingSimulation.obj
 0002:000005e8       __real@41e52173bd400000    00000001800105e8     c2_landingSimulation.obj
 0002:000005f0       __xmm@80000000000000008000000000000000 00000001800105f0     c2_landingSimulation.obj
 0002:00000600       _ssBadLevel2InputAccessMsg 0000000180010600     landingSimulation_sfun_registry.obj
 0002:00000790       _ssBadLevel2DirectFeedMsg  0000000180010790     landingSimulation_sfun_registry.obj
 0002:000008d0       _ssBadLevel2DirectFeedSolutionMsg 00000001800108d0     landingSimulation_sfun_registry.obj
 0002:00000940       _ssBadLevel2ZeroDirectFeedMsg 0000000180010940     landingSimulation_sfun_registry.obj
 0002:00000a80       _ssBadLevel2ZeroDirectFeedMsg2 0000000180010a80     landingSimulation_sfun_registry.obj
 0002:00000b68       DYNAMIC_DIMENSION_DEF      0000000180010b68     landingSimulation_sfun_registry.obj
 0002:00000b80       __real@0000000000000000    0000000180010b80     landingSimulation_sfun_registry.obj
 0002:00000b88       __real@41602cbca0000000    0000000180010b88     landingSimulation_sfun_registry.obj
 0002:00000b90       __real@bff0000000000000    0000000180010b90     landingSimulation_sfun_registry.obj
 0002:00000ba8       _pDefaultRawDllMain        0000000180010ba8     MSVCRT:dll_dllmain.obj
 0002:00000ba8       _pRawDllMain               0000000180010ba8     MSVCRT:dll_dllmain.obj
 0002:00000bd0       _load_config_used          0000000180010bd0     MSVCRT:loadcfg.obj
 0002:00000e90       __rtc_iaa                  0000000180010e90     MSVCRT:_initsect_.obj
 0002:00000e98       __rtc_izz                  0000000180010e98     MSVCRT:_initsect_.obj
 0002:00000ea0       __rtc_taa                  0000000180010ea0     MSVCRT:_initsect_.obj
 0002:00000ea8       __rtc_tzz                  0000000180010ea8     MSVCRT:_initsect_.obj
 0002:0000174c       __IMPORT_DESCRIPTOR_sf_runtime 000000018001174c     sf_runtime:sf_runtime.dll
 0002:00001760       __IMPORT_DESCRIPTOR_libmx  0000000180011760     libmx:libmx.dll
 0002:00001774       __IMPORT_DESCRIPTOR_libmex 0000000180011774     libmex:libmex.dll
 0002:00001788       __IMPORT_DESCRIPTOR_libut  0000000180011788     libut:libut.dll
 0002:0000179c       __IMPORT_DESCRIPTOR_libemlrt 000000018001179c     libemlrt:libemlrt.dll
 0002:000017b0       __IMPORT_DESCRIPTOR_KERNEL32 00000001800117b0     kernel32:KERNEL32.dll
 0002:000017c4       __IMPORT_DESCRIPTOR_VCRUNTIME140 00000001800117c4     vcruntime:VCRUNTIME140.dll
 0002:000017d8       __IMPORT_DESCRIPTOR_api-ms-win-crt-string-l1-1-0 00000001800117d8     ucrt:api-ms-win-crt-string-l1-1-0.dll
 0002:000017ec       __IMPORT_DESCRIPTOR_api-ms-win-crt-stdio-l1-1-0 00000001800117ec     ucrt:api-ms-win-crt-stdio-l1-1-0.dll
 0002:00001800       __IMPORT_DESCRIPTOR_api-ms-win-crt-heap-l1-1-0 0000000180011800     ucrt:api-ms-win-crt-heap-l1-1-0.dll
 0002:00001814       __IMPORT_DESCRIPTOR_api-ms-win-crt-runtime-l1-1-0 0000000180011814     ucrt:api-ms-win-crt-runtime-l1-1-0.dll
 0002:00001828       __NULL_IMPORT_DESCRIPTOR   0000000180011828     sf_runtime:sf_runtime.dll
 0003:000022a0       DYNAMIC_DIMENSION          00000001800152a0     landingSimulation_sfun_registry.obj
 0003:000022b0       __security_cookie          00000001800152b0     MSVCRT:gs_cookie.obj
 0003:000022b8       __security_cookie_complement 00000001800152b8     MSVCRT:gs_cookie.obj
 0003:000022c0       _fltused                   00000001800152c0     MSVCRT:dllsupp.obj
 0003:000022c4       __scrt_native_dllmain_reason 00000001800152c4     MSVCRT:utility.obj
 0003:000022c8       __isa_available            00000001800152c8     MSVCRT:_cpu_disp_.obj
 0003:000022cc       __isa_enabled              00000001800152cc     MSVCRT:_cpu_disp_.obj
 0003:000022d0       __memcpy_nt_iters          00000001800152d0     MSVCRT:_cpu_disp_.obj
 0003:000022e0       __scrt_ucrt_dll_is_in_use  00000001800152e0     MSVCRT:ucrt_stubs.obj
 0003:00002310       sfGlobalDebugInstanceStruct 0000000180015310     landingSimulation_sfun_registry.obj
 0003:00002968       __scrt_current_native_startup_state 0000000180015968     MSVCRT:utility.obj
 0003:00002970       __scrt_native_startup_lock 0000000180015970     MSVCRT:utility.obj
 0003:000029b0       ?__type_info_root_node@@3U__type_info_node@@A 00000001800159b0     MSVCRT:tncleanup.obj
 0003:000029c0       ?_OptionsStorage@?1??__local_stdio_printf_options@@9@4_KA 00000001800159c0     MSVCRT:default_local_stdio_options.obj
 0003:000029c8       ?_OptionsStorage@?1??__local_stdio_scanf_options@@9@4_KA 00000001800159c8     MSVCRT:default_local_stdio_options.obj
 0003:000029d0       __scrt_debugger_hook_flag  00000001800159d0     MSVCRT:utility_desktop.obj
 0003:000029d4       __favor                    00000001800159d4     MSVCRT:_cpu_disp_.obj
 0003:000029d8       ?_OptionsStorage@?1??__local_stdio_printf_options@@9@9 00000001800159d8     <common>
 0003:000029e0       _landingSimulationMachineNumber_ 00000001800159e0     <common>
 0003:000029e8       __dyn_tls_init_callback    00000001800159e8     <common>

 entry point at        0001:0000e14c

 Static symbols

 0000:00000000       .debug$S                   0000000180000000     libmx:libmx.dll
 0000:00000000       .debug$S                   0000000180000000     landingSimulation_sfun.exp
 0000:00000000       .debug$S                   0000000180000000     sf_runtime:sf_runtime.dll
 0000:00000000       .debug$S                   0000000180000000     sf_runtime:sf_runtime.dll
 0000:00000000       .debug$S                   0000000180000000     sf_runtime:sf_runtime.dll
 0000:00000000       .debug$S                   0000000180000000     sf_runtime:sf_runtime.dll
 0000:00000000       .debug$S                   0000000180000000     sf_runtime:sf_runtime.dll
 0000:00000000       .debug$S                   0000000180000000     ucrt:api-ms-win-crt-heap-l1-1-0.dll
 0000:00000000       .debug$S                   0000000180000000     ucrt:api-ms-win-crt-heap-l1-1-0.dll
 0000:00000000       .debug$S                   0000000180000000     ucrt:api-ms-win-crt-runtime-l1-1-0.dll
 0000:00000000       .debug$S                   0000000180000000     ucrt:api-ms-win-crt-runtime-l1-1-0.dll
 0000:00000000       .debug$S                   0000000180000000     ucrt:api-ms-win-crt-runtime-l1-1-0.dll
 0000:00000000       .debug$S                   0000000180000000     ucrt:api-ms-win-crt-runtime-l1-1-0.dll
 0000:00000000       .debug$S                   0000000180000000     ucrt:api-ms-win-crt-runtime-l1-1-0.dll
 0000:00000000       .debug$S                   0000000180000000     ucrt:api-ms-win-crt-runtime-l1-1-0.dll
 0000:00000000       .debug$S                   0000000180000000     ucrt:api-ms-win-crt-runtime-l1-1-0.dll
 0000:00000000       .debug$S                   0000000180000000     ucrt:api-ms-win-crt-runtime-l1-1-0.dll
 0000:00000000       .debug$S                   0000000180000000     ucrt:api-ms-win-crt-runtime-l1-1-0.dll
 0000:00000000       .debug$S                   0000000180000000     ucrt:api-ms-win-crt-runtime-l1-1-0.dll
 0000:00000000       .debug$S                   0000000180000000     ucrt:api-ms-win-crt-runtime-l1-1-0.dll
 0000:00000000       .debug$S                   0000000180000000     ucrt:api-ms-win-crt-runtime-l1-1-0.dll
 0000:00000000       .debug$S                   0000000180000000     sf_runtime:sf_runtime.dll
 0000:00000000       .debug$S                   0000000180000000     ucrt:api-ms-win-crt-stdio-l1-1-0.dll
 0000:00000000       .debug$S                   0000000180000000     sf_runtime:sf_runtime.dll
 0000:00000000       .debug$S                   0000000180000000     ucrt:api-ms-win-crt-string-l1-1-0.dll
 0000:00000000       .debug$S                   0000000180000000     ucrt:api-ms-win-crt-string-l1-1-0.dll
 0000:00000000       .debug$S                   0000000180000000     ucrt:api-ms-win-crt-string-l1-1-0.dll
 0000:00000000       .debug$S                   0000000180000000     sf_runtime:sf_runtime.dll
 0000:00000000       .debug$S                   0000000180000000     vcruntime:VCRUNTIME140.dll
 0000:00000000       .debug$S                   0000000180000000     vcruntime:VCRUNTIME140.dll
 0000:00000000       .debug$S                   0000000180000000     vcruntime:VCRUNTIME140.dll
 0000:00000000       .debug$S                   0000000180000000     vcruntime:VCRUNTIME140.dll
 0000:00000000       .debug$S                   0000000180000000     vcruntime:VCRUNTIME140.dll
 0000:00000000       .debug$S                   0000000180000000     vcruntime:VCRUNTIME140.dll
 0000:00000000       .debug$S                   0000000180000000     sf_runtime:sf_runtime.dll
 0000:00000000       .debug$S                   0000000180000000     kernel32:KERNEL32.dll
 0000:00000000       .debug$S                   0000000180000000     kernel32:KERNEL32.dll
 0000:00000000       .debug$S                   0000000180000000     kernel32:KERNEL32.dll
 0000:00000000       .debug$S                   0000000180000000     kernel32:KERNEL32.dll
 0000:00000000       .debug$S                   0000000180000000     kernel32:KERNEL32.dll
 0000:00000000       .debug$S                   0000000180000000     kernel32:KERNEL32.dll
 0000:00000000       .debug$S                   0000000180000000     kernel32:KERNEL32.dll
 0000:00000000       .debug$S                   0000000180000000     kernel32:KERNEL32.dll
 0000:00000000       .debug$S                   0000000180000000     kernel32:KERNEL32.dll
 0000:00000000       .debug$S                   0000000180000000     kernel32:KERNEL32.dll
 0000:00000000       .debug$S                   0000000180000000     kernel32:KERNEL32.dll
 0000:00000000       .debug$S                   0000000180000000     kernel32:KERNEL32.dll
 0000:00000000       .debug$S                   0000000180000000     kernel32:KERNEL32.dll
 0000:00000000       .debug$S                   0000000180000000     kernel32:KERNEL32.dll
 0000:00000000       .debug$S                   0000000180000000     kernel32:KERNEL32.dll
 0000:00000000       .debug$S                   0000000180000000     kernel32:KERNEL32.dll
 0000:00000000       .debug$S                   0000000180000000     kernel32:KERNEL32.dll
 0000:00000000       .debug$S                   0000000180000000     sf_runtime:sf_runtime.dll
 0000:00000000       .debug$S                   0000000180000000     sf_runtime:sf_runtime.dll
 0000:00000000       .debug$S                   0000000180000000     sf_runtime:sf_runtime.dll
 0000:00000000       .debug$S                   0000000180000000     sf_runtime:sf_runtime.dll
 0000:00000000       .debug$S                   0000000180000000     sf_runtime:sf_runtime.dll
 0000:00000000       .debug$S                   0000000180000000     sf_runtime:sf_runtime.dll
 0000:00000000       .debug$S                   0000000180000000     sf_runtime:sf_runtime.dll
 0000:00000000       .debug$S                   0000000180000000     sf_runtime:sf_runtime.dll
 0000:00000000       .debug$S                   0000000180000000     sf_runtime:sf_runtime.dll
 0000:00000000       .debug$S                   0000000180000000     sf_runtime:sf_runtime.dll
 0000:00000000       .debug$S                   0000000180000000     sf_runtime:sf_runtime.dll
 0000:00000000       .debug$S                   0000000180000000     sf_runtime:sf_runtime.dll
 0000:00000000       .debug$S                   0000000180000000     sf_runtime:sf_runtime.dll
 0000:00000000       .debug$S                   0000000180000000     sf_runtime:sf_runtime.dll
 0000:00000000       .debug$S                   0000000180000000     sf_runtime:sf_runtime.dll
 0000:00000000       .debug$S                   0000000180000000     sf_runtime:sf_runtime.dll
 0000:00000000       .debug$S                   0000000180000000     sf_runtime:sf_runtime.dll
 0000:00000000       .debug$S                   0000000180000000     sf_runtime:sf_runtime.dll
 0000:00000000       .debug$S                   0000000180000000     sf_runtime:sf_runtime.dll
 0000:00000000       .debug$S                   0000000180000000     sf_runtime:sf_runtime.dll
 0000:00000000       .debug$S                   0000000180000000     sf_runtime:sf_runtime.dll
 0000:00000000       .debug$S                   0000000180000000     sf_runtime:sf_runtime.dll
 0000:00000000       .debug$S                   0000000180000000     sf_runtime:sf_runtime.dll
 0000:00000000       .debug$S                   0000000180000000     sf_runtime:sf_runtime.dll
 0000:00000000       .debug$S                   0000000180000000     sf_runtime:sf_runtime.dll
 0000:00000000       .debug$S                   0000000180000000     sf_runtime:sf_runtime.dll
 0000:00000000       .debug$S                   0000000180000000     sf_runtime:sf_runtime.dll
 0000:00000000       .debug$S                   0000000180000000     sf_runtime:sf_runtime.dll
 0000:00000000       .debug$S                   0000000180000000     sf_runtime:sf_runtime.dll
 0000:00000000       .debug$S                   0000000180000000     sf_runtime:sf_runtime.dll
 0000:00000000       .debug$S                   0000000180000000     sf_runtime:sf_runtime.dll
 0000:00000000       .debug$S                   0000000180000000     sf_runtime:sf_runtime.dll
 0000:00000000       .debug$S                   0000000180000000     sf_runtime:sf_runtime.dll
 0000:00000000       .debug$S                   0000000180000000     sf_runtime:sf_runtime.dll
 0000:00000000       .debug$S                   0000000180000000     sf_runtime:sf_runtime.dll
 0000:00000000       .debug$S                   0000000180000000     sf_runtime:sf_runtime.dll
 0000:00000000       .debug$S                   0000000180000000     sf_runtime:sf_runtime.dll
 0000:00000000       .debug$S                   0000000180000000     sf_runtime:sf_runtime.dll
 0000:00000000       .debug$S                   0000000180000000     sf_runtime:sf_runtime.dll
 0000:00000000       .debug$S                   0000000180000000     sf_runtime:sf_runtime.dll
 0000:00000000       .debug$S                   0000000180000000     sf_runtime:sf_runtime.dll
 0000:00000000       .debug$S                   0000000180000000     sf_runtime:sf_runtime.dll
 0000:00000000       .debug$S                   0000000180000000     sf_runtime:sf_runtime.dll
 0000:00000000       .debug$S                   0000000180000000     sf_runtime:sf_runtime.dll
 0000:00000000       .debug$S                   0000000180000000     sf_runtime:sf_runtime.dll
 0000:00000000       .debug$S                   0000000180000000     sf_runtime:sf_runtime.dll
 0000:00000000       .debug$S                   0000000180000000     sf_runtime:sf_runtime.dll
 0000:00000000       .debug$S                   0000000180000000     sf_runtime:sf_runtime.dll
 0000:00000000       .debug$S                   0000000180000000     sf_runtime:sf_runtime.dll
 0000:00000000       .debug$S                   0000000180000000     sf_runtime:sf_runtime.dll
 0000:00000000       .debug$S                   0000000180000000     sf_runtime:sf_runtime.dll
 0000:00000000       .debug$S                   0000000180000000     sf_runtime:sf_runtime.dll
 0000:00000000       .debug$S                   0000000180000000     sf_runtime:sf_runtime.dll
 0000:00000000       .debug$S                   0000000180000000     sf_runtime:sf_runtime.dll
 0000:00000000       .debug$S                   0000000180000000     sf_runtime:sf_runtime.dll
 0000:00000000       .debug$S                   0000000180000000     sf_runtime:sf_runtime.dll
 0000:00000000       .debug$S                   0000000180000000     sf_runtime:sf_runtime.dll
 0000:00000000       .debug$S                   0000000180000000     sf_runtime:sf_runtime.dll
 0000:00000000       .debug$S                   0000000180000000     sf_runtime:sf_runtime.dll
 0000:00000000       .debug$S                   0000000180000000     sf_runtime:sf_runtime.dll
 0000:00000000       .debug$S                   0000000180000000     sf_runtime:sf_runtime.dll
 0000:00000000       .debug$S                   0000000180000000     sf_runtime:sf_runtime.dll
 0000:00000000       .debug$S                   0000000180000000     sf_runtime:sf_runtime.dll
 0000:00000000       .debug$S                   0000000180000000     libmx:libmx.dll
 0000:00000000       .debug$S                   0000000180000000     libmx:libmx.dll
 0000:00000000       .debug$S                   0000000180000000     libmx:libmx.dll
 0000:00000000       .debug$S                   0000000180000000     libut:libut.dll
 0000:00000000       .debug$S                   0000000180000000     libmx:libmx.dll
 0000:00000000       .debug$S                   0000000180000000     libmx:libmx.dll
 0000:00000000       .debug$S                   0000000180000000     libmx:libmx.dll
 0000:00000000       .debug$S                   0000000180000000     libmx:libmx.dll
 0000:00000000       .debug$S                   0000000180000000     libmx:libmx.dll
 0000:00000000       .debug$S                   0000000180000000     libmx:libmx.dll
 0000:00000000       .debug$S                   0000000180000000     libmx:libmx.dll
 0000:00000000       .debug$S                   0000000180000000     libmx:libmx.dll
 0000:00000000       .debug$S                   0000000180000000     libmx:libmx.dll
 0000:00000000       .debug$S                   0000000180000000     libmx:libmx.dll
 0000:00000000       .debug$S                   0000000180000000     libmx:libmx.dll
 0000:00000000       .debug$S                   0000000180000000     libmx:libmx.dll
 0000:00000000       .debug$S                   0000000180000000     libmx:libmx.dll
 0000:00000000       .debug$S                   0000000180000000     libmx:libmx.dll
 0000:00000000       .debug$S                   0000000180000000     libmx:libmx.dll
 0000:00000000       .debug$S                   0000000180000000     libmx:libmx.dll
 0000:00000000       .debug$S                   0000000180000000     libmex:libmex.dll
 0000:00000000       .debug$S                   0000000180000000     libmex:libmex.dll
 0000:00000000       .debug$S                   0000000180000000     libmex:libmex.dll
 0000:00000000       .debug$S                   0000000180000000     libmex:libmex.dll
 0000:00000000       .debug$S                   0000000180000000     libmex:libmex.dll
 0000:00000000       .debug$S                   0000000180000000     libmex:libmex.dll
 0000:00000000       .debug$S                   0000000180000000     libmex:libmex.dll
 0000:00000000       .debug$S                   0000000180000000     libut:libut.dll
 0000:00000000       .debug$S                   0000000180000000     libemlrt:libemlrt.dll
 0001:00001230       chart_debug_initialization 0000000180002230 f   c2_landingSimulation.obj
 0001:00002030       chart_debug_initialize_data_addresses 0000000180003030 f   c2_landingSimulation.obj
 0001:00002260       initialize_c2_landingSimulation 0000000180003260 f   c2_landingSimulation.obj
 0001:000022d0       initialize_params_c2_landingSimulation 00000001800032d0 f   c2_landingSimulation.obj
 0001:000022e0       enable_c2_landingSimulation 00000001800032e0 f   c2_landingSimulation.obj
 0001:00002310       disable_c2_landingSimulation 0000000180003310 f   c2_landingSimulation.obj
 0001:00002340       c2_update_debugger_state_c2_landingSimulation 0000000180003340 f   c2_landingSimulation.obj
 0001:00002350       get_sim_state_c2_landingSimulation 0000000180003350 f   c2_landingSimulation.obj
 0001:000024e0       set_sim_state_c2_landingSimulation 00000001800034e0 f   c2_landingSimulation.obj
 0001:000025b0       finalize_c2_landingSimulation 00000001800035b0 f   c2_landingSimulation.obj
 0001:000025c0       sf_gateway_c2_landingSimulation 00000001800035c0 f   c2_landingSimulation.obj
 0001:00004080       mdl_start_c2_landingSimulation 0000000180005080 f   c2_landingSimulation.obj
 0001:00004090       initSimStructsc2_landingSimulation 0000000180005090 f   c2_landingSimulation.obj
 0001:000040a0       init_script_number_translation 00000001800050a0 f   c2_landingSimulation.obj
 0001:00004160       c2_sf_marshallOut          0000000180005160 f   c2_landingSimulation.obj
 0001:00004210       c2_emlrt_marshallIn        0000000180005210 f   c2_landingSimulation.obj
 0001:00004280       c2_b_emlrt_marshallIn      0000000180005280 f   c2_landingSimulation.obj
 0001:00004310       c2_sf_marshallIn           0000000180005310 f   c2_landingSimulation.obj
 0001:000043c0       c2_d_emlrt_marshallIn      00000001800053c0 f   c2_landingSimulation.obj
 0001:00004430       c2_e_emlrt_marshallIn      0000000180005430 f   c2_landingSimulation.obj
 0001:000044c0       init_dsm_address_info      00000001800054c0 f   c2_landingSimulation.obj
 0001:000044d0       init_simulink_io_address   00000001800054d0 f   c2_landingSimulation.obj
 0001:000051b0       sf_get_sim_state_info_c2_landingSimulation 00000001800061b0 f   c2_landingSimulation.obj
 0001:00005280       sf_get_instance_specialization 0000000180006280 f   c2_landingSimulation.obj
 0001:00005290       sf_opaque_initialize_c2_landingSimulation 0000000180006290 f   c2_landingSimulation.obj
 0001:000052d0       sf_opaque_enable_c2_landingSimulation 00000001800062d0 f   c2_landingSimulation.obj
 0001:000052f0       sf_opaque_disable_c2_landingSimulation 00000001800062f0 f   c2_landingSimulation.obj
 0001:00005310       sf_opaque_gateway_c2_landingSimulation 0000000180006310 f   c2_landingSimulation.obj
 0001:00005330       sf_opaque_get_sim_state_c2_landingSimulation 0000000180006330 f   c2_landingSimulation.obj
 0001:00005360       sf_opaque_set_sim_state_c2_landingSimulation 0000000180006360 f   c2_landingSimulation.obj
 0001:00005390       sf_opaque_terminate_c2_landingSimulation 0000000180006390 f   c2_landingSimulation.obj
 0001:00005430       mdlProcessParameters_c2_landingSimulation 0000000180006430 f   c2_landingSimulation.obj
 0001:000054f0       mdlSetWorkWidths_c2_landingSimulation 00000001800064f0 f   c2_landingSimulation.obj
 0001:00005bf0       mdlRTW_c2_landingSimulation 0000000180006bf0 f   c2_landingSimulation.obj
 0001:00005c30       mdlStart_c2_landingSimulation 0000000180006c30 f   c2_landingSimulation.obj
 0001:00007178       $LN120                     0000000180008178     landingSimulation_sfun_registry.obj
 0001:00008ef4       $LN17                      0000000180009ef4     landingSimulation_sfun_registry.obj
 0001:0000947c       $LN26                      000000018000a47c     landingSimulation_sfun_registry.obj
 0001:00009b64       $LN23                      000000018000ab64     landingSimulation_sfun_registry.obj
 0001:0000a134       $LN26                      000000018000b134     landingSimulation_sfun_registry.obj
 0001:0000bd00       sf_debug_api_wrapper       000000018000cd00 f   landingSimulation_sfun_registry.obj
 0001:0000bd50       ProcessMexSfunctionCmdLineCall 000000018000cd50 f   landingSimulation_sfun_registry.obj
 0001:0000c0c0       mdlSetWorkWidths           000000018000d0c0 f   landingSimulation_sfun_registry.obj
 0001:0000c0f0       mdlProcessParameters       000000018000d0f0 f   landingSimulation_sfun_registry.obj
 0001:0000c120       mdl_start_processing       000000018000d120 f   landingSimulation_sfun_registry.obj
 0001:0000c1d0       mdl_terminate_processing   000000018000d1d0 f   landingSimulation_sfun_registry.obj
 0001:0000c250       mdlStart                   000000018000d250 f   landingSimulation_sfun_registry.obj
 0001:0000c280       mdlTerminate               000000018000d280 f   landingSimulation_sfun_registry.obj
 0001:0000c2b0       mdlInitializeSizes         000000018000d2b0 f   landingSimulation_sfun_registry.obj
 0001:0000c2e0       mdlInitializeSampleTimes   000000018000d2e0 f   landingSimulation_sfun_registry.obj
 0001:0000c310       mdl_outputs_continuous_legacy 000000018000d310 f   landingSimulation_sfun_registry.obj
 0001:0000c410       mdl_outputs_processing     000000018000d410 f   landingSimulation_sfun_registry.obj
 0001:0000c530       mdl_zeroCrossings_processing 000000018000d530 f   landingSimulation_sfun_registry.obj
 0001:0000c570       mdlZeroCrossings           000000018000d570 f   landingSimulation_sfun_registry.obj
 0001:0000c5a0       mdl_derivatives_processing 000000018000d5a0 f   landingSimulation_sfun_registry.obj
 0001:0000c5f0       mdlDerivatives             000000018000d5f0 f   landingSimulation_sfun_registry.obj
 0001:0000c620       mdl_initialize_conditions_processing 000000018000d620 f   landingSimulation_sfun_registry.obj
 0001:0000c670       mdlInitializeConditions    000000018000d670 f   landingSimulation_sfun_registry.obj
 0001:0000c6a0       mdl_ext_mode_exec_processing 000000018000d6a0 f   landingSimulation_sfun_registry.obj
 0001:0000c6e0       mdlExtModeExec             000000018000d6e0 f   landingSimulation_sfun_registry.obj
 0001:0000c710       mdlRTW                     000000018000d710 f   landingSimulation_sfun_registry.obj
 0001:0000c750       mdl_enable_processing      000000018000d750 f   landingSimulation_sfun_registry.obj
 0001:0000c790       mdlEnable                  000000018000d790 f   landingSimulation_sfun_registry.obj
 0001:0000c7c0       mdl_disable_processing     000000018000d7c0 f   landingSimulation_sfun_registry.obj
 0001:0000c800       mdlDisable                 000000018000d800 f   landingSimulation_sfun_registry.obj
 0001:0000c830       mdlOutputs                 000000018000d830 f   landingSimulation_sfun_registry.obj
 0001:0000c860       mdl_update_processing      000000018000d860 f   landingSimulation_sfun_registry.obj
 0001:0000c8b0       mdlUpdate                  000000018000d8b0 f   landingSimulation_sfun_registry.obj
 0001:0000ca90       mdlGetTimeOfNextVarHit     000000018000da90 f   landingSimulation_sfun_registry.obj
 0001:0000cae0       _RegNumInputPortsCB        000000018000dae0 f   landingSimulation_sfun_registry.obj
 0001:0000cb60       _RegNumOutputPortsCB       000000018000db60 f   landingSimulation_sfun_registry.obj
 0001:0000cbe0       _CreateSimStruct           000000018000dbe0 f   landingSimulation_sfun_registry.obj
 0001:0000cdc0       _ssFatalError              000000018000ddc0 f   landingSimulation_sfun_registry.obj
 0001:0000ce90       _ProcessMexSfunctionCmdLineCall 000000018000de90 f   landingSimulation_sfun_registry.obj
 0001:0000dc3c       capture_current_context    000000018000ec3c f   MSVCRT:gs_report.obj
 0001:0000dcac       capture_previous_context   000000018000ecac f   MSVCRT:gs_report.obj
 0001:0000dda0       $$000000                   000000018000eda0     MSVCRT:_amdsecgs_.obj
[...]
 0004:00000174       $pdata$sf_c2_landingSimulation_third_party_uses_info 0000000180016174     c2_landingSimulation.obj
 0004:00000180       $pdata$sf_c2_landingSimulation_jit_fallback_info 0000000180016180     c2_landingSimulation.obj
 0004:0000018c       $pdata$sf_c2_landingSimulation_updateBuildInfo_args_info 000000018001618c     c2_landingSimulation.obj
 0004:00000198       $pdata$sf_get_sim_state_info_c2_landingSimulation 0000000180016198     c2_landingSimulation.obj
 0004:000001a4       $pdata$sf_opaque_initialize_c2_landingSimulation 00000001800161a4     c2_landingSimulation.obj
 0004:000001b0       $pdata$sf_opaque_enable_c2_landingSimulation 00000001800161b0     c2_landingSimulation.obj
 0004:000001bc       $pdata$sf_opaque_disable_c2_landingSimulation 00000001800161bc     c2_landingSimulation.obj
 0004:000001c8       $pdata$sf_opaque_gateway_c2_landingSimulation 00000001800161c8     c2_landingSimulation.obj
 0004:000001d4       $pdata$sf_opaque_get_sim_state_c2_landingSimulation 00000001800161d4     c2_landingSimulation.obj
 0004:000001e0       $pdata$sf_opaque_set_sim_state_c2_landingSimulation 00000001800161e0     c2_landingSimulation.obj
 0004:000001ec       $pdata$sf_opaque_terminate_c2_landingSimulation 00000001800161ec     c2_landingSimulation.obj
 0004:000001f8       $pdata$mdlProcessParameters_c2_landingSimulation 00000001800161f8     c2_landingSimulation.obj
 0004:00000204       $pdata$mdlSetWorkWidths_c2_landingSimulation 0000000180016204     c2_landingSimulation.obj
 0004:00000210       $pdata$mdlRTW_c2_landingSimulation 0000000180016210     c2_landingSimulation.obj
 0004:0000021c       $pdata$mdlStart_c2_landingSimulation 000000018001621c     c2_landingSimulation.obj
 0004:00000228       $pdata$mexFunction         0000000180016228     landingSimulation_sfun_registry.obj
 0004:00000234       $pdata$_ssSetInputPortDirectFeedThroughFcn 0000000180016234     landingSimulation_sfun_registry.obj
 0004:00000240       $pdata$_ssGetInputPortSignalPtrsFcn 0000000180016240     landingSimulation_sfun_registry.obj
 0004:0000024c       $pdata$_ssGetInputPortSignalFcn 000000018001624c     landingSimulation_sfun_registry.obj
 0004:00000258       $pdata$_ssSetInputPortReusableFcn 0000000180016258     landingSimulation_sfun_registry.obj
 0004:00000264       $pdata$_ssSetOutputPortReusableFcn 0000000180016264     landingSimulation_sfun_registry.obj
 0004:00000270       $pdata$_ssSetSymbolicDimsSupport 0000000180016270     landingSimulation_sfun_registry.obj
 0004:0000027c       $pdata$_ssRegisterSymbolicDimsExpr 000000018001627c     landingSimulation_sfun_registry.obj
 0004:00000288       $pdata$_ssRegisterSymbolicDims 0000000180016288     landingSimulation_sfun_registry.obj
 0004:00000294       $pdata$_ssRegisterSymbolicDimsString 0000000180016294     landingSimulation_sfun_registry.obj
 0004:000002a0       $pdata$_ssRegisterSymbolicDimsIntValue 00000001800162a0     landingSimulation_sfun_registry.obj
 0004:000002ac       $pdata$_ssRegisterSymbolicDimsPlus 00000001800162ac     landingSimulation_sfun_registry.obj
 0004:000002b8       $pdata$_ssRegisterSymbolicDimsMinus 00000001800162b8     landingSimulation_sfun_registry.obj
 0004:000002c4       $pdata$_ssRegisterSymbolicDimsMultiply 00000001800162c4     landingSimulation_sfun_registry.obj
 0004:000002d0       $pdata$_ssRegisterSymbolicDimsDivide 00000001800162d0     landingSimulation_sfun_registry.obj
 0004:000002dc       $pdata$_ssGetNumSymbolicDims 00000001800162dc     landingSimulation_sfun_registry.obj
 0004:000002e8       $pdata$_ssGetSymbolicDim   00000001800162e8     landingSimulation_sfun_registry.obj
 0004:000002f4       $pdata$_ssSetInputPortSymbolicDimsId 00000001800162f4     landingSimulation_sfun_registry.obj
 0004:00000300       $pdata$_ssGetCompInputPortSymbolicDimsId 0000000180016300     landingSimulation_sfun_registry.obj
 0004:0000030c       $pdata$_ssSetCompInputPortSymbolicDimsId 000000018001630c     landingSimulation_sfun_registry.obj
 0004:00000318       $pdata$_ssSetOutputPortSymbolicDimsId 0000000180016318     landingSimulation_sfun_registry.obj
 0004:00000324       $pdata$_ssGetCompOutputPortSymbolicDimsId 0000000180016324     landingSimulation_sfun_registry.obj
 0004:00000330       $pdata$_ssSetCompOutputPortSymbolicDimsId 0000000180016330     landingSimulation_sfun_registry.obj
 0004:0000033c       $pdata$_ssSetCompDWorkSymbolicDimsId 000000018001633c     landingSimulation_sfun_registry.obj
 0004:00000348       $pdata$ssGetIsZeroCrossControlDisabled 0000000180016348     landingSimulation_sfun_registry.obj
 0004:00000354       $pdata$ssSetIsInputPortUsedForContZcSignal 0000000180016354     landingSimulation_sfun_registry.obj
 0004:00000360       $pdata$ssSetZcSignalIsZcElementDisc 0000000180016360     landingSimulation_sfun_registry.obj
 0004:0000036c       $pdata$ssSetZcSignalName   000000018001636c     landingSimulation_sfun_registry.obj
 0004:00000378       $pdata$ssSetZcSignalWidth  0000000180016378     landingSimulation_sfun_registry.obj
 0004:00000384       $pdata$ssSetZcSignalZcEventType 0000000180016384     landingSimulation_sfun_registry.obj
 0004:00000390       $pdata$ssSetZcSignalType   0000000180016390     landingSimulation_sfun_registry.obj
 0004:0000039c       $pdata$ssSetZcSignalZcTol  000000018001639c     landingSimulation_sfun_registry.obj
 0004:000003a8       $pdata$ssSetZcSignalNeedsEventNotification 00000001800163a8     landingSimulation_sfun_registry.obj
 0004:000003b4       $pdata$ssCreateAndAddZcSignalInfo 00000001800163b4     landingSimulation_sfun_registry.obj
 0004:000003c0       $pdata$ssCloneAndAddZcSignalInfo 00000001800163c0     landingSimulation_sfun_registry.obj
 0004:000003cc       $pdata$ssGetNumZcSignals   00000001800163cc     landingSimulation_sfun_registry.obj
 0004:000003d8       $pdata$ssGetZcSignalVector 00000001800163d8     landingSimulation_sfun_registry.obj
 0004:000003e4       $pdata$ssGetZcSignalName   00000001800163e4     landingSimulation_sfun_registry.obj
 0004:000003f0       $pdata$ssGetZcSignalWidth  00000001800163f0     landingSimulation_sfun_registry.obj
 0004:000003fc       $pdata$ssGetZcSignalZcEventType 00000001800163fc     landingSimulation_sfun_registry.obj
 0004:00000408       $pdata$ssGetZcSignalZcEvents 0000000180016408     landingSimulation_sfun_registry.obj
 0004:00000414       $pdata$ssGetZcSignalType   0000000180016414     landingSimulation_sfun_registry.obj
 0004:00000420       $pdata$ssGetZcSignalZcTol  0000000180016420     landingSimulation_sfun_registry.obj
 0004:0000042c       $pdata$ssGetZcSignalNeedsEventNotification 000000018001642c     landingSimulation_sfun_registry.obj
 0004:00000438       $pdata$ssGetZcSignalIsZcElementDisc 0000000180016438     landingSimulation_sfun_registry.obj
 0004:00000444       $pdata$ssGetIsInputPortElementContinuous 0000000180016444     landingSimulation_sfun_registry.obj
 0004:00000450       $pdata$ssGetDTypeIdFromMxArray 0000000180016450     landingSimulation_sfun_registry.obj
 0004:0000045c       $pdata$ssWriteRTWStr       000000018001645c     landingSimulation_sfun_registry.obj
 0004:00000468       $pdata$ssWriteRTWNameValuePair 0000000180016468     landingSimulation_sfun_registry.obj
 0004:00000474       $pdata$ssWriteRTWParamSettings 0000000180016474     landingSimulation_sfun_registry.obj
 0004:00000480       $pdata$ssWriteRTWParameters 0000000180016480     landingSimulation_sfun_registry.obj
 0004:0000048c       $pdata$ssWriteRTWWorkVect  000000018001648c     landingSimulation_sfun_registry.obj
 0004:00000498       $pdata$ssWriteRTWMxVectParam 0000000180016498     landingSimulation_sfun_registry.obj
 0004:000004a4       $pdata$ssWriteRTWMx2dMatParam 00000001800164a4     landingSimulation_sfun_registry.obj
 0004:000004b0       $pdata$_ssSetInputPortMatrixDimensions 00000001800164b0     landingSimulation_sfun_registry.obj
 0004:000004bc       $pdata$_ssSetOutputPortMatrixDimensions 00000001800164bc     landingSimulation_sfun_registry.obj
 0004:000004c8       $pdata$_ssSetInputPortVectorDimension 00000001800164c8     landingSimulation_sfun_registry.obj
 0004:000004d4       $pdata$_ssSetOutputPortVectorDimension 00000001800164d4     landingSimulation_sfun_registry.obj
 0004:000004e0       $pdata$ssIsRunTimeParamTunable 00000001800164e0     landingSimulation_sfun_registry.obj
 0004:000004ec       $pdata$ssGetSFuncBlockHandle 00000001800164ec     landingSimulation_sfun_registry.obj
 0004:000004f8       $pdata$_ssGetCurrentInputPortWidth 00000001800164f8     landingSimulation_sfun_registry.obj
 0004:00000504       $pdata$_ssGetCurrentOutputPortWidth 0000000180016504     landingSimulation_sfun_registry.obj
 0004:00000510       $pdata$_ssGetCallSystemNumFcnCallDestinations 0000000180016510     landingSimulation_sfun_registry.obj
 0004:0000051c       $pdata$ssGetParameterTuningCompliance 000000018001651c     landingSimulation_sfun_registry.obj
 0004:00000528       $pdata$ssWarning           0000000180016528     landingSimulation_sfun_registry.obj
 0004:00000534       $pdata$_ssGetAbsTol        0000000180016534     landingSimulation_sfun_registry.obj
 0004:00000540       $pdata$sf_process_check_sum_call 0000000180016540     landingSimulation_sfun_registry.obj
 0004:0000054c       $pdata$sf_process_autoinheritance_call 000000018001654c     landingSimulation_sfun_registry.obj
 0004:00000558       $pdata$sf_process_get_third_party_uses_info_call 0000000180016558     landingSimulation_sfun_registry.obj
 0004:00000564       $pdata$sf_process_get_jit_fallback_info_call 0000000180016564     landingSimulation_sfun_registry.obj
 0004:00000570       $pdata$sf_process_get_updateBuildInfo_args_info_call 0000000180016570     landingSimulation_sfun_registry.obj
 0004:0000057c       $pdata$sf_process_get_eml_resolved_functions_info_call 000000018001657c     landingSimulation_sfun_registry.obj
 0004:00000588       $pdata$sf_mex_unlock_call  0000000180016588     landingSimulation_sfun_registry.obj
 0004:00000594       $pdata$sf_debug_api_wrapper 0000000180016594     landingSimulation_sfun_registry.obj
 0004:000005a0       $pdata$ProcessMexSfunctionCmdLineCall 00000001800165a0     landingSimulation_sfun_registry.obj
 0004:000005ac       $pdata$sf_machine_global_initializer_called 00000001800165ac     landingSimulation_sfun_registry.obj
 0004:000005b8       $pdata$sf_machine_global_method_dispatcher 00000001800165b8     landingSimulation_sfun_registry.obj
 0004:000005c4       $pdata$sf_machine_global_terminator 00000001800165c4     landingSimulation_sfun_registry.obj
 0004:000005d0       $pdata$sf_register_machine_exported_symbols 00000001800165d0     landingSimulation_sfun_registry.obj
 0004:000005dc       $pdata$sf_machine_global_initializer 00000001800165dc     landingSimulation_sfun_registry.obj
 0004:000005e8       $pdata$mdlGetSimState      00000001800165e8     landingSimulation_sfun_registry.obj
 0004:000005f4       $pdata$mdlSetSimState      00000001800165f4     landingSimulation_sfun_registry.obj
 0004:00000600       $pdata$mdlSetWorkWidths    0000000180016600     landingSimulation_sfun_registry.obj
 0004:0000060c       $pdata$mdlProcessParameters 000000018001660c     landingSimulation_sfun_registry.obj
 0004:00000618       $pdata$mdl_start_processing 0000000180016618     landingSimulation_sfun_registry.obj
 0004:00000624       $pdata$mdl_terminate_processing 0000000180016624     landingSimulation_sfun_registry.obj
 0004:00000630       $pdata$mdlStart            0000000180016630     landingSimulation_sfun_registry.obj
 0004:0000063c       $pdata$mdlTerminate        000000018001663c     landingSimulation_sfun_registry.obj
 0004:00000648       $pdata$mdlInitializeSizes  0000000180016648     landingSimulation_sfun_registry.obj
 0004:00000654       $pdata$mdlInitializeSampleTimes 0000000180016654     landingSimulation_sfun_registry.obj
 0004:00000660       $pdata$mdl_outputs_continuous_legacy 0000000180016660     landingSimulation_sfun_registry.obj
 0004:0000066c       $pdata$mdl_outputs_processing 000000018001666c     landingSimulation_sfun_registry.obj
 0004:00000678       $pdata$mdl_zeroCrossings_processing 0000000180016678     landingSimulation_sfun_registry.obj
 0004:00000684       $pdata$mdlZeroCrossings    0000000180016684     landingSimulation_sfun_registry.obj
 0004:00000690       $pdata$mdl_derivatives_processing 0000000180016690     landingSimulation_sfun_registry.obj
 0004:0000069c       $pdata$mdlDerivatives      000000018001669c     landingSimulation_sfun_registry.obj
 0004:000006a8       $pdata$mdl_initialize_conditions_processing 00000001800166a8     landingSimulation_sfun_registry.obj
 0004:000006b4       $pdata$mdlInitializeConditions 00000001800166b4     landingSimulation_sfun_registry.obj
 0004:000006c0       $pdata$mdl_ext_mode_exec_processing 00000001800166c0     landingSimulation_sfun_registry.obj
 0004:000006cc       $pdata$mdlExtModeExec      00000001800166cc     landingSimulation_sfun_registry.obj
 0004:000006d8       $pdata$mdlRTW              00000001800166d8     landingSimulation_sfun_registry.obj
 0004:000006e4       $pdata$mdl_enable_processing 00000001800166e4     landingSimulation_sfun_registry.obj
 0004:000006f0       $pdata$mdlEnable           00000001800166f0     landingSimulation_sfun_registry.obj
 0004:000006fc       $pdata$mdl_disable_processing 00000001800166fc     landingSimulation_sfun_registry.obj
 0004:00000708       $pdata$mdlDisable          0000000180016708     landingSimulation_sfun_registry.obj
 0004:00000714       $pdata$mdlOutputs          0000000180016714     landingSimulation_sfun_registry.obj
 0004:00000720       $pdata$mdl_update_processing 0000000180016720     landingSimulation_sfun_registry.obj
 0004:0000072c       $pdata$mdlUpdate           000000018001672c     landingSimulation_sfun_registry.obj
 0004:00000738       $pdata$ProcessMexSfunctionEveryCall 0000000180016738     landingSimulation_sfun_registry.obj
 0004:00000744       $pdata$_RegNumInputPortsCB 0000000180016744     landingSimulation_sfun_registry.obj
 0004:00000750       $pdata$_RegNumOutputPortsCB 0000000180016750     landingSimulation_sfun_registry.obj
 0004:0000075c       $pdata$_CreateSimStruct    000000018001675c     landingSimulation_sfun_registry.obj
 0004:00000768       $pdata$_ssFatalError       0000000180016768     landingSimulation_sfun_registry.obj
 0004:00000774       $pdata$_ProcessMexSfunctionCmdLineCall 0000000180016774     landingSimulation_sfun_registry.obj
 0004:00000780       $pdata$_vsnprintf_l        0000000180016780     landingSimulation_sfun_registry.obj
 0004:0000078c       $pdata$_vsprintf_l         000000018001678c     landingSimulation_sfun_registry.obj
 0004:00000798       $pdata$sprintf             0000000180016798     landingSimulation_sfun_registry.obj
 0004:000007a4       $pdata$__raise_securityfailure 00000001800167a4     MSVCRT:gs_report.obj
 0004:000007b0       $pdata$__report_gsfailure  00000001800167b0     MSVCRT:gs_report.obj
 0004:000007bc       $pdata$__report_rangecheckfailure 00000001800167bc     MSVCRT:gs_report.obj
 0004:000007c8       $pdata$__report_securityfailure 00000001800167c8     MSVCRT:gs_report.obj
 0004:000007d4       $pdata$__report_securityfailureEx 00000001800167d4     MSVCRT:gs_report.obj
 0004:000007e0       $pdata$capture_current_context 00000001800167e0     MSVCRT:gs_report.obj
 0004:000007ec       $pdata$capture_previous_context 00000001800167ec     MSVCRT:gs_report.obj
 0004:000007f8       $pdata$__GSHandlerCheck    00000001800167f8     MSVCRT:_gshandler_.obj
 0004:00000804       $pdata$__GSHandlerCheckCommon 0000000180016804     MSVCRT:_gshandler_.obj
 0004:0000081c       $pdata$?dllmain_crt_dispatch@@YAHQEAUHINSTANCE__@@KQEAX@Z 000000018001681c     MSVCRT:dll_dllmain.obj
 0004:00000828       $pdata$?dllmain_crt_process_attach@@YAHQEAUHINSTANCE__@@QEAX@Z 0000000180016828     MSVCRT:dll_dllmain.obj
 0004:00000834       $pdata$?dllmain_crt_process_detach@@YAH_N@Z 0000000180016834     MSVCRT:dll_dllmain.obj
 0004:00000840       $pdata$?dllmain_dispatch@@YAHQEAUHINSTANCE__@@KQEAX@Z 0000000180016840     MSVCRT:dll_dllmain.obj
 0004:0000084c       $pdata$?dllmain_raw@@YAHQEAUHINSTANCE__@@KQEAX@Z 000000018001684c     MSVCRT:dll_dllmain.obj
 0004:00000858       $pdata$_DllMainCRTStartup  0000000180016858     MSVCRT:dll_dllmain.obj
 0004:00000864       $pdata$?configure_argv@__scrt_narrow_argv_policy@@SAHXZ 0000000180016864     MSVCRT:utility.obj
 0004:00000870       $pdata$__scrt_acquire_startup_lock 0000000180016870     MSVCRT:utility.obj
 0004:0000087c       $pdata$__scrt_dllmain_after_initialize_c 000000018001687c     MSVCRT:utility.obj
 0004:00000888       $pdata$__scrt_dllmain_before_initialize_c 0000000180016888     MSVCRT:utility.obj
 0004:00000894       $pdata$__scrt_dllmain_crt_thread_attach 0000000180016894     MSVCRT:utility.obj
 0004:000008a0       $pdata$__scrt_dllmain_crt_thread_detach 00000001800168a0     MSVCRT:utility.obj
 0004:000008ac       $pdata$__scrt_dllmain_exception_filter 00000001800168ac     MSVCRT:utility.obj
 0004:000008b8       $pdata$__scrt_dllmain_uninitialize_c 00000001800168b8     MSVCRT:utility.obj
 0004:000008c4       $pdata$__scrt_dllmain_uninitialize_critical 00000001800168c4     MSVCRT:utility.obj
 0004:000008d0       $pdata$__scrt_initialize_crt 00000001800168d0     MSVCRT:utility.obj
 0004:000008dc       $pdata$__scrt_initialize_onexit_tables 00000001800168dc     MSVCRT:utility.obj
 0004:000008e8       $pdata$__scrt_is_nonwritable_in_current_image 00000001800168e8     MSVCRT:utility.obj
 0004:000008f4       $pdata$__scrt_release_startup_lock 00000001800168f4     MSVCRT:utility.obj
 0004:00000900       $pdata$__scrt_uninitialize_crt 0000000180016900     MSVCRT:utility.obj
 0004:0000090c       $pdata$_onexit             000000018001690c     MSVCRT:utility.obj
 0004:00000918       $pdata$atexit              0000000180016918     MSVCRT:utility.obj
 0004:00000924       $pdata$__security_init_cookie 0000000180016924     MSVCRT:gs_support.obj
 0004:00000930       $pdata$DllMain             0000000180016930     MSVCRT:dll_dllmain_stub.obj
 0004:0000093c       $pdata$__scrt_initialize_default_local_stdio_options 000000018001693c     MSVCRT:default_local_stdio_options.obj
 0004:00000948       $pdata$__scrt_fastfail     0000000180016948     MSVCRT:utility_desktop.obj
 0004:00000954       $pdata$__scrt_get_show_window_mode 0000000180016954     MSVCRT:utility_desktop.obj
 0004:00000960       $pdata$__scrt_is_managed_app 0000000180016960     MSVCRT:utility_desktop.obj
 0004:0000096c       $pdata$__scrt_unhandled_exception_filter 000000018001696c     MSVCRT:utility_desktop.obj
 0004:00000978       $pdata$_RTC_Initialize     0000000180016978     MSVCRT:_initsect_.obj
 0004:00000984       $pdata$_RTC_Terminate      0000000180016984     MSVCRT:_initsect_.obj
 0004:00000990       $pdata$__isa_available_init 0000000180016990     MSVCRT:_cpu_disp_.obj
 0004:000009a8       $pdata$?fin$0@?0??dllmain_crt_process_attach@@YAHQEAUHINSTANCE__@@QEAX@Z@4HA 00000001800169a8     MSVCRT:dll_dllmain.obj
 0004:000009b4       $pdata$?fin$0@?0??dllmain_crt_process_detach@@YAH_N@Z@4HA 00000001800169b4     MSVCRT:dll_dllmain.obj
 0004:000009c0       $pdata$?filt$0@?0??dllmain_dispatch@@YAHQEAUHINSTANCE__@@KQEAX@Z@4HA 00000001800169c0     MSVCRT:dll_dllmain.obj
 0004:000009cc       $pdata$__scrt_is_nonwritable_in_current_image$filt$0 00000001800169cc     MSVCRT:utility.obj
 0005:00000000       __guard_fids_?dllmain_crt_process_attach@@YAHQEAUHINSTANCE__@@QEAX@Z 0000000180017000     MSVCRT:dll_dllmain.obj
 0005:00000008       __guard_fids_?dllmain_dispatch@@YAHQEAUHINSTANCE__@@KQEAX@Z 0000000180017008     MSVCRT:dll_dllmain.obj
 0005:0000000c       __guard_fids___scrt_set_unhandled_exception_filter 000000018001700c     MSVCRT:utility_desktop.obj
 0005:00000010       __guard_fids__             0000000180017010     MSVCRT:guard_support.obj
 0005:00000014       __guard_fids__guard_icall_checks_enforced 0000000180017014     MSVCRT:guard_support.obj
